Archive member included to satisfy reference by file (symbol)

.\CortexM0\ARM_GCC_541\Debug\Lab5.a(LED_G.o)
                              .\CortexM0\ARM_GCC_541\Debug\main.o (LED_G_Write)
.\CortexM0\ARM_GCC_541\Debug\Lab5.a(LED_R.o)
                              .\CortexM0\ARM_GCC_541\Debug\main.o (LED_R_Write)
.\CortexM0\ARM_GCC_541\Debug\Lab5.a(LED_B.o)
                              .\CortexM0\ARM_GCC_541\Debug\main.o (LED_B_Write)
.\CortexM0\ARM_GCC_541\Debug\Lab5.a(SW_Tx_UART.o)
                              .\CortexM0\ARM_GCC_541\Debug\main.o (SW_Tx_UART_Start)
.\CortexM0\ARM_GCC_541\Debug\Lab5.a(C_1.o)
                              .\CortexM0\ARM_GCC_541\Debug\main.o (C_1_Write)
.\CortexM0\ARM_GCC_541\Debug\Lab5.a(C_2.o)
                              .\CortexM0\ARM_GCC_541\Debug\main.o (C_2_Write)
.\CortexM0\ARM_GCC_541\Debug\Lab5.a(C_3.o)
                              .\CortexM0\ARM_GCC_541\Debug\main.o (C_3_Write)
.\CortexM0\ARM_GCC_541\Debug\Lab5.a(R_1.o)
                              .\CortexM0\ARM_GCC_541\Debug\main.o (R_1_Read)
.\CortexM0\ARM_GCC_541\Debug\Lab5.a(R_2.o)
                              .\CortexM0\ARM_GCC_541\Debug\main.o (R_2_Read)
.\CortexM0\ARM_GCC_541\Debug\Lab5.a(R_3.o)
                              .\CortexM0\ARM_GCC_541\Debug\main.o (R_3_Read)
.\CortexM0\ARM_GCC_541\Debug\Lab5.a(R_4.o)
                              .\CortexM0\ARM_GCC_541\Debug\main.o (R_4_Read)
.\CortexM0\ARM_GCC_541\Debug\Lab5.a(Pin_Latch.o)
                              .\CortexM0\ARM_GCC_541\Debug\main.o (Pin_Latch_Write)
.\CortexM0\ARM_GCC_541\Debug\Lab5.a(Pin_CLK.o)
                              .\CortexM0\ARM_GCC_541\Debug\main.o (Pin_CLK_Write)
.\CortexM0\ARM_GCC_541\Debug\Lab5.a(Pin_DO.o)
                              .\CortexM0\ARM_GCC_541\Debug\main.o (Pin_DO_Write)
.\CortexM0\ARM_GCC_541\Debug\Lab5.a(CyLib.o)
                              .\CortexM0\ARM_GCC_541\Debug\cyfitter_cfg.o (CyIntEnable)
.\CortexM0\ARM_GCC_541\Debug\Lab5.a(CyLFClk.o)
                              .\CortexM0\ARM_GCC_541\Debug\cyfitter_cfg.o (CySysWdtIsr)
.\CortexM0\ARM_GCC_541\Debug\Lab5.a(SW_Tx_UART_AsmGnu.o)
                              .\CortexM0\ARM_GCC_541\Debug\main.o (SW_Tx_UART_PutChar)
.\CortexM0\ARM_GCC_541\Debug\Lab5.a(CyBootAsmGnu.o)
                              .\CortexM0\ARM_GCC_541\Debug\Lab5.a(CyLib.o) (CyDelayCycles)
c:/psoc creator/4.4/psoc creator/import/gnu/arm/5.4.1/bin/../lib/gcc/arm-none-eabi/5.4.1/armv6-m\libgcc.a(_udivsi3.o)
                              .\CortexM0\ARM_GCC_541\Debug\Lab5.a(CyLib.o) (__aeabi_uidiv)
c:/psoc creator/4.4/psoc creator/import/gnu/arm/5.4.1/bin/../lib/gcc/arm-none-eabi/5.4.1/armv6-m\libgcc.a(_dvmd_tls.o)
                              c:/psoc creator/4.4/psoc creator/import/gnu/arm/5.4.1/bin/../lib/gcc/arm-none-eabi/5.4.1/armv6-m\libgcc.a(_udivsi3.o) (__aeabi_idiv0)
c:/psoc creator/4.4/psoc creator/import/gnu/arm/5.4.1/bin/../lib/gcc/arm-none-eabi/5.4.1/../../../../arm-none-eabi/lib/armv6-m\libg_nano.a(lib_a-errno.o)
                              .\CortexM0\ARM_GCC_541\Debug\Cm0Start.o (__errno)
c:/psoc creator/4.4/psoc creator/import/gnu/arm/5.4.1/bin/../lib/gcc/arm-none-eabi/5.4.1/../../../../arm-none-eabi/lib/armv6-m\libg_nano.a(lib_a-exit.o)
                              c:/psoc creator/4.4/psoc creator/import/gnu/arm/5.4.1/bin/../lib/gcc/arm-none-eabi/5.4.1/../../../../arm-none-eabi/lib/armv6-m/crt0.o (exit)
c:/psoc creator/4.4/psoc creator/import/gnu/arm/5.4.1/bin/../lib/gcc/arm-none-eabi/5.4.1/../../../../arm-none-eabi/lib/armv6-m\libg_nano.a(lib_a-impure.o)
                              c:/psoc creator/4.4/psoc creator/import/gnu/arm/5.4.1/bin/../lib/gcc/arm-none-eabi/5.4.1/../../../../arm-none-eabi/lib/armv6-m\libg_nano.a(lib_a-exit.o) (_global_impure_ptr)
c:/psoc creator/4.4/psoc creator/import/gnu/arm/5.4.1/bin/../lib/gcc/arm-none-eabi/5.4.1/../../../../arm-none-eabi/lib/armv6-m\libg_nano.a(lib_a-init.o)
                              c:/psoc creator/4.4/psoc creator/import/gnu/arm/5.4.1/bin/../lib/gcc/arm-none-eabi/5.4.1/../../../../arm-none-eabi/lib/armv6-m/crt0.o (__libc_init_array)
c:/psoc creator/4.4/psoc creator/import/gnu/arm/5.4.1/bin/../lib/gcc/arm-none-eabi/5.4.1/../../../../arm-none-eabi/lib/armv6-m\libg_nano.a(lib_a-memset.o)
                              c:/psoc creator/4.4/psoc creator/import/gnu/arm/5.4.1/bin/../lib/gcc/arm-none-eabi/5.4.1/../../../../arm-none-eabi/lib/armv6-m/crt0.o (memset)
c:/psoc creator/4.4/psoc creator/import/gnu/arm/5.4.1/bin/../lib/gcc/arm-none-eabi/5.4.1/../../../../arm-none-eabi/lib/armv6-m\libg_nano.a(lib_a-strncmp.o)
                              .\CortexM0\ARM_GCC_541\Debug\main.o (strncmp)

Discarded input sections

 .text          0x00000000        0x0 c:/psoc creator/4.4/psoc creator/import/gnu/arm/5.4.1/bin/../lib/gcc/arm-none-eabi/5.4.1/armv6-m/crti.o
 .data          0x00000000        0x0 c:/psoc creator/4.4/psoc creator/import/gnu/arm/5.4.1/bin/../lib/gcc/arm-none-eabi/5.4.1/armv6-m/crti.o
 .bss           0x00000000        0x0 c:/psoc creator/4.4/psoc creator/import/gnu/arm/5.4.1/bin/../lib/gcc/arm-none-eabi/5.4.1/armv6-m/crti.o
 .data          0x00000000        0x4 c:/psoc creator/4.4/psoc creator/import/gnu/arm/5.4.1/bin/../lib/gcc/arm-none-eabi/5.4.1/armv6-m/crtbegin.o
 .text          0x00000000       0x78 c:/psoc creator/4.4/psoc creator/import/gnu/arm/5.4.1/bin/../lib/gcc/arm-none-eabi/5.4.1/../../../../arm-none-eabi/lib/armv6-m/crt0.o
 .data          0x00000000        0x0 c:/psoc creator/4.4/psoc creator/import/gnu/arm/5.4.1/bin/../lib/gcc/arm-none-eabi/5.4.1/../../../../arm-none-eabi/lib/armv6-m/crt0.o
 .bss           0x00000000        0x0 c:/psoc creator/4.4/psoc creator/import/gnu/arm/5.4.1/bin/../lib/gcc/arm-none-eabi/5.4.1/../../../../arm-none-eabi/lib/armv6-m/crt0.o
 .ARM.extab     0x00000000        0x0 c:/psoc creator/4.4/psoc creator/import/gnu/arm/5.4.1/bin/../lib/gcc/arm-none-eabi/5.4.1/../../../../arm-none-eabi/lib/armv6-m/crt0.o
 .ARM.exidx     0x00000000        0x8 c:/psoc creator/4.4/psoc creator/import/gnu/arm/5.4.1/bin/../lib/gcc/arm-none-eabi/5.4.1/../../../../arm-none-eabi/lib/armv6-m/crt0.o
 .text          0x00000000        0x0 .\CortexM0\ARM_GCC_541\Debug\main.o
 .text          0x00000000        0x0 .\CortexM0\ARM_GCC_541\Debug\cyfitter_cfg.o
 .data          0x00000000        0x0 .\CortexM0\ARM_GCC_541\Debug\cyfitter_cfg.o
 .bss           0x00000000        0x0 .\CortexM0\ARM_GCC_541\Debug\cyfitter_cfg.o
 .text          0x00000000        0x0 .\CortexM0\ARM_GCC_541\Debug\cymetadata.o
 .data          0x00000000        0x0 .\CortexM0\ARM_GCC_541\Debug\cymetadata.o
 .bss           0x00000000        0x0 .\CortexM0\ARM_GCC_541\Debug\cymetadata.o
 .text          0x00000000        0x0 .\CortexM0\ARM_GCC_541\Debug\Cm0Start.o
 .data          0x00000000        0x4 .\CortexM0\ARM_GCC_541\Debug\Cm0Start.o
 .bss           0x00000000        0x0 .\CortexM0\ARM_GCC_541\Debug\Cm0Start.o
 .text._exit    0x00000000        0xc .\CortexM0\ARM_GCC_541\Debug\Cm0Start.o
 .text._sbrk    0x00000000       0x30 .\CortexM0\ARM_GCC_541\Debug\Cm0Start.o
 .text          0x00000000        0x0 .\CortexM0\ARM_GCC_541\Debug\Lab5.a(LED_G.o)
 .data          0x00000000        0x0 .\CortexM0\ARM_GCC_541\Debug\Lab5.a(LED_G.o)
 .bss           0x00000000        0x0 .\CortexM0\ARM_GCC_541\Debug\Lab5.a(LED_G.o)
 .text.LED_G_SetDriveMode
                0x00000000       0x18 .\CortexM0\ARM_GCC_541\Debug\Lab5.a(LED_G.o)
 .text.LED_G_Read
                0x00000000       0x10 .\CortexM0\ARM_GCC_541\Debug\Lab5.a(LED_G.o)
 .text.LED_G_ReadDataReg
                0x00000000       0x10 .\CortexM0\ARM_GCC_541\Debug\Lab5.a(LED_G.o)
 .text.LED_G_SetInterruptMode
                0x00000000       0x14 .\CortexM0\ARM_GCC_541\Debug\Lab5.a(LED_G.o)
 .text.LED_G_ClearInterrupt
                0x00000000       0x14 .\CortexM0\ARM_GCC_541\Debug\Lab5.a(LED_G.o)
 .text          0x00000000        0x0 .\CortexM0\ARM_GCC_541\Debug\Lab5.a(LED_R.o)
 .data          0x00000000        0x0 .\CortexM0\ARM_GCC_541\Debug\Lab5.a(LED_R.o)
 .bss           0x00000000        0x0 .\CortexM0\ARM_GCC_541\Debug\Lab5.a(LED_R.o)
 .text.LED_R_SetDriveMode
                0x00000000       0x18 .\CortexM0\ARM_GCC_541\Debug\Lab5.a(LED_R.o)
 .text.LED_R_Read
                0x00000000       0x10 .\CortexM0\ARM_GCC_541\Debug\Lab5.a(LED_R.o)
 .text.LED_R_ReadDataReg
                0x00000000       0x10 .\CortexM0\ARM_GCC_541\Debug\Lab5.a(LED_R.o)
 .text.LED_R_SetInterruptMode
                0x00000000       0x14 .\CortexM0\ARM_GCC_541\Debug\Lab5.a(LED_R.o)
 .text.LED_R_ClearInterrupt
                0x00000000       0x14 .\CortexM0\ARM_GCC_541\Debug\Lab5.a(LED_R.o)
 .text          0x00000000        0x0 .\CortexM0\ARM_GCC_541\Debug\Lab5.a(LED_B.o)
 .data          0x00000000        0x0 .\CortexM0\ARM_GCC_541\Debug\Lab5.a(LED_B.o)
 .bss           0x00000000        0x0 .\CortexM0\ARM_GCC_541\Debug\Lab5.a(LED_B.o)
 .text.LED_B_SetDriveMode
                0x00000000       0x18 .\CortexM0\ARM_GCC_541\Debug\Lab5.a(LED_B.o)
 .text.LED_B_Read
                0x00000000       0x10 .\CortexM0\ARM_GCC_541\Debug\Lab5.a(LED_B.o)
 .text.LED_B_ReadDataReg
                0x00000000       0x10 .\CortexM0\ARM_GCC_541\Debug\Lab5.a(LED_B.o)
 .text.LED_B_SetInterruptMode
                0x00000000       0x14 .\CortexM0\ARM_GCC_541\Debug\Lab5.a(LED_B.o)
 .text.LED_B_ClearInterrupt
                0x00000000       0x14 .\CortexM0\ARM_GCC_541\Debug\Lab5.a(LED_B.o)
 .text          0x00000000        0x0 .\CortexM0\ARM_GCC_541\Debug\Lab5.a(SW_Tx_UART.o)
 .bss           0x00000000        0x0 .\CortexM0\ARM_GCC_541\Debug\Lab5.a(SW_Tx_UART.o)
 .text.SW_Tx_UART_Stop
                0x00000000        0x4 .\CortexM0\ARM_GCC_541\Debug\Lab5.a(SW_Tx_UART.o)
 .text.SW_Tx_UART_PutArray
                0x00000000       0x18 .\CortexM0\ARM_GCC_541\Debug\Lab5.a(SW_Tx_UART.o)
 .text.SW_Tx_UART_PutHexByte
                0x00000000       0x20 .\CortexM0\ARM_GCC_541\Debug\Lab5.a(SW_Tx_UART.o)
 .text.SW_Tx_UART_PutHexInt
                0x00000000       0x14 .\CortexM0\ARM_GCC_541\Debug\Lab5.a(SW_Tx_UART.o)
 .text.SW_Tx_UART_PutCRLF
                0x00000000       0x10 .\CortexM0\ARM_GCC_541\Debug\Lab5.a(SW_Tx_UART.o)
 .rodata        0x00000000       0x11 .\CortexM0\ARM_GCC_541\Debug\Lab5.a(SW_Tx_UART.o)
 .text          0x00000000        0x0 .\CortexM0\ARM_GCC_541\Debug\Lab5.a(C_1.o)
 .data          0x00000000        0x0 .\CortexM0\ARM_GCC_541\Debug\Lab5.a(C_1.o)
 .bss           0x00000000        0x0 .\CortexM0\ARM_GCC_541\Debug\Lab5.a(C_1.o)
 .text.C_1_SetDriveMode
                0x00000000       0x14 .\CortexM0\ARM_GCC_541\Debug\Lab5.a(C_1.o)
 .text.C_1_Read
                0x00000000       0x10 .\CortexM0\ARM_GCC_541\Debug\Lab5.a(C_1.o)
 .text.C_1_ReadDataReg
                0x00000000       0x10 .\CortexM0\ARM_GCC_541\Debug\Lab5.a(C_1.o)
 .text.C_1_SetInterruptMode
                0x00000000       0x14 .\CortexM0\ARM_GCC_541\Debug\Lab5.a(C_1.o)
 .text.C_1_ClearInterrupt
                0x00000000       0x10 .\CortexM0\ARM_GCC_541\Debug\Lab5.a(C_1.o)
 .text          0x00000000        0x0 .\CortexM0\ARM_GCC_541\Debug\Lab5.a(C_2.o)
 .data          0x00000000        0x0 .\CortexM0\ARM_GCC_541\Debug\Lab5.a(C_2.o)
 .bss           0x00000000        0x0 .\CortexM0\ARM_GCC_541\Debug\Lab5.a(C_2.o)
 .text.C_2_SetDriveMode
                0x00000000       0x14 .\CortexM0\ARM_GCC_541\Debug\Lab5.a(C_2.o)
 .text.C_2_Read
                0x00000000       0x10 .\CortexM0\ARM_GCC_541\Debug\Lab5.a(C_2.o)
 .text.C_2_ReadDataReg
                0x00000000       0x10 .\CortexM0\ARM_GCC_541\Debug\Lab5.a(C_2.o)
 .text.C_2_SetInterruptMode
                0x00000000       0x14 .\CortexM0\ARM_GCC_541\Debug\Lab5.a(C_2.o)
 .text.C_2_ClearInterrupt
                0x00000000       0x14 .\CortexM0\ARM_GCC_541\Debug\Lab5.a(C_2.o)
 .text          0x00000000        0x0 .\CortexM0\ARM_GCC_541\Debug\Lab5.a(C_3.o)
 .data          0x00000000        0x0 .\CortexM0\ARM_GCC_541\Debug\Lab5.a(C_3.o)
 .bss           0x00000000        0x0 .\CortexM0\ARM_GCC_541\Debug\Lab5.a(C_3.o)
 .text.C_3_SetDriveMode
                0x00000000       0x14 .\CortexM0\ARM_GCC_541\Debug\Lab5.a(C_3.o)
 .text.C_3_Read
                0x00000000       0x10 .\CortexM0\ARM_GCC_541\Debug\Lab5.a(C_3.o)
 .text.C_3_ReadDataReg
                0x00000000       0x10 .\CortexM0\ARM_GCC_541\Debug\Lab5.a(C_3.o)
 .text.C_3_SetInterruptMode
                0x00000000       0x14 .\CortexM0\ARM_GCC_541\Debug\Lab5.a(C_3.o)
 .text.C_3_ClearInterrupt
                0x00000000       0x10 .\CortexM0\ARM_GCC_541\Debug\Lab5.a(C_3.o)
 .text          0x00000000        0x0 .\CortexM0\ARM_GCC_541\Debug\Lab5.a(R_1.o)
 .data          0x00000000        0x0 .\CortexM0\ARM_GCC_541\Debug\Lab5.a(R_1.o)
 .bss           0x00000000        0x0 .\CortexM0\ARM_GCC_541\Debug\Lab5.a(R_1.o)
 .text.R_1_SetDriveMode
                0x00000000       0x14 .\CortexM0\ARM_GCC_541\Debug\Lab5.a(R_1.o)
 .text.R_1_Write
                0x00000000       0x18 .\CortexM0\ARM_GCC_541\Debug\Lab5.a(R_1.o)
 .text.R_1_ReadDataReg
                0x00000000       0x10 .\CortexM0\ARM_GCC_541\Debug\Lab5.a(R_1.o)
 .text.R_1_SetInterruptMode
                0x00000000       0x14 .\CortexM0\ARM_GCC_541\Debug\Lab5.a(R_1.o)
 .text.R_1_ClearInterrupt
                0x00000000       0x14 .\CortexM0\ARM_GCC_541\Debug\Lab5.a(R_1.o)
 .text          0x00000000        0x0 .\CortexM0\ARM_GCC_541\Debug\Lab5.a(R_2.o)
 .data          0x00000000        0x0 .\CortexM0\ARM_GCC_541\Debug\Lab5.a(R_2.o)
 .bss           0x00000000        0x0 .\CortexM0\ARM_GCC_541\Debug\Lab5.a(R_2.o)
 .text.R_2_SetDriveMode
                0x00000000       0x18 .\CortexM0\ARM_GCC_541\Debug\Lab5.a(R_2.o)
 .text.R_2_Write
                0x00000000       0x18 .\CortexM0\ARM_GCC_541\Debug\Lab5.a(R_2.o)
 .text.R_2_ReadDataReg
                0x00000000       0x10 .\CortexM0\ARM_GCC_541\Debug\Lab5.a(R_2.o)
 .text.R_2_SetInterruptMode
                0x00000000       0x14 .\CortexM0\ARM_GCC_541\Debug\Lab5.a(R_2.o)
 .text.R_2_ClearInterrupt
                0x00000000       0x14 .\CortexM0\ARM_GCC_541\Debug\Lab5.a(R_2.o)
 .text          0x00000000        0x0 .\CortexM0\ARM_GCC_541\Debug\Lab5.a(R_3.o)
 .data          0x00000000        0x0 .\CortexM0\ARM_GCC_541\Debug\Lab5.a(R_3.o)
 .bss           0x00000000        0x0 .\CortexM0\ARM_GCC_541\Debug\Lab5.a(R_3.o)
 .text.R_3_SetDriveMode
                0x00000000       0x18 .\CortexM0\ARM_GCC_541\Debug\Lab5.a(R_3.o)
 .text.R_3_Write
                0x00000000       0x18 .\CortexM0\ARM_GCC_541\Debug\Lab5.a(R_3.o)
 .text.R_3_ReadDataReg
                0x00000000       0x10 .\CortexM0\ARM_GCC_541\Debug\Lab5.a(R_3.o)
 .text.R_3_SetInterruptMode
                0x00000000       0x14 .\CortexM0\ARM_GCC_541\Debug\Lab5.a(R_3.o)
 .text.R_3_ClearInterrupt
                0x00000000       0x14 .\CortexM0\ARM_GCC_541\Debug\Lab5.a(R_3.o)
 .text          0x00000000        0x0 .\CortexM0\ARM_GCC_541\Debug\Lab5.a(R_4.o)
 .data          0x00000000        0x0 .\CortexM0\ARM_GCC_541\Debug\Lab5.a(R_4.o)
 .bss           0x00000000        0x0 .\CortexM0\ARM_GCC_541\Debug\Lab5.a(R_4.o)
 .text.R_4_SetDriveMode
                0x00000000       0x18 .\CortexM0\ARM_GCC_541\Debug\Lab5.a(R_4.o)
 .text.R_4_Write
                0x00000000       0x18 .\CortexM0\ARM_GCC_541\Debug\Lab5.a(R_4.o)
 .text.R_4_ReadDataReg
                0x00000000       0x10 .\CortexM0\ARM_GCC_541\Debug\Lab5.a(R_4.o)
 .text.R_4_SetInterruptMode
                0x00000000       0x14 .\CortexM0\ARM_GCC_541\Debug\Lab5.a(R_4.o)
 .text.R_4_ClearInterrupt
                0x00000000       0x14 .\CortexM0\ARM_GCC_541\Debug\Lab5.a(R_4.o)
 .text          0x00000000        0x0 .\CortexM0\ARM_GCC_541\Debug\Lab5.a(Pin_Latch.o)
 .data          0x00000000        0x0 .\CortexM0\ARM_GCC_541\Debug\Lab5.a(Pin_Latch.o)
 .bss           0x00000000        0x0 .\CortexM0\ARM_GCC_541\Debug\Lab5.a(Pin_Latch.o)
 .text.Pin_Latch_SetDriveMode
                0x00000000       0x18 .\CortexM0\ARM_GCC_541\Debug\Lab5.a(Pin_Latch.o)
 .text.Pin_Latch_Read
                0x00000000       0x10 .\CortexM0\ARM_GCC_541\Debug\Lab5.a(Pin_Latch.o)
 .text.Pin_Latch_ReadDataReg
                0x00000000       0x10 .\CortexM0\ARM_GCC_541\Debug\Lab5.a(Pin_Latch.o)
 .text.Pin_Latch_SetInterruptMode
                0x00000000       0x14 .\CortexM0\ARM_GCC_541\Debug\Lab5.a(Pin_Latch.o)
 .text.Pin_Latch_ClearInterrupt
                0x00000000       0x14 .\CortexM0\ARM_GCC_541\Debug\Lab5.a(Pin_Latch.o)
 .text          0x00000000        0x0 .\CortexM0\ARM_GCC_541\Debug\Lab5.a(Pin_CLK.o)
 .data          0x00000000        0x0 .\CortexM0\ARM_GCC_541\Debug\Lab5.a(Pin_CLK.o)
 .bss           0x00000000        0x0 .\CortexM0\ARM_GCC_541\Debug\Lab5.a(Pin_CLK.o)
 .text.Pin_CLK_SetDriveMode
                0x00000000       0x18 .\CortexM0\ARM_GCC_541\Debug\Lab5.a(Pin_CLK.o)
 .text.Pin_CLK_Read
                0x00000000       0x10 .\CortexM0\ARM_GCC_541\Debug\Lab5.a(Pin_CLK.o)
 .text.Pin_CLK_ReadDataReg
                0x00000000       0x10 .\CortexM0\ARM_GCC_541\Debug\Lab5.a(Pin_CLK.o)
 .text.Pin_CLK_SetInterruptMode
                0x00000000       0x14 .\CortexM0\ARM_GCC_541\Debug\Lab5.a(Pin_CLK.o)
 .text.Pin_CLK_ClearInterrupt
                0x00000000       0x14 .\CortexM0\ARM_GCC_541\Debug\Lab5.a(Pin_CLK.o)
 .text          0x00000000        0x0 .\CortexM0\ARM_GCC_541\Debug\Lab5.a(Pin_DO.o)
 .data          0x00000000        0x0 .\CortexM0\ARM_GCC_541\Debug\Lab5.a(Pin_DO.o)
 .bss           0x00000000        0x0 .\CortexM0\ARM_GCC_541\Debug\Lab5.a(Pin_DO.o)
 .text.Pin_DO_SetDriveMode
                0x00000000       0x14 .\CortexM0\ARM_GCC_541\Debug\Lab5.a(Pin_DO.o)
 .text.Pin_DO_Read
                0x00000000       0x10 .\CortexM0\ARM_GCC_541\Debug\Lab5.a(Pin_DO.o)
 .text.Pin_DO_ReadDataReg
                0x00000000       0x10 .\CortexM0\ARM_GCC_541\Debug\Lab5.a(Pin_DO.o)
 .text.Pin_DO_SetInterruptMode
                0x00000000       0x14 .\CortexM0\ARM_GCC_541\Debug\Lab5.a(Pin_DO.o)
 .text.Pin_DO_ClearInterrupt
                0x00000000       0x10 .\CortexM0\ARM_GCC_541\Debug\Lab5.a(Pin_DO.o)
 .text          0x00000000        0x0 .\CortexM0\ARM_GCC_541\Debug\Lab5.a(CyLib.o)
 .bss           0x00000000       0x18 .\CortexM0\ARM_GCC_541\Debug\Lab5.a(CyLib.o)
 .text.CySysClkImoStart
                0x00000000       0x14 .\CortexM0\ARM_GCC_541\Debug\Lab5.a(CyLib.o)
 .text.CySysClkImoStop
                0x00000000       0x10 .\CortexM0\ARM_GCC_541\Debug\Lab5.a(CyLib.o)
 .text.CySysClkWriteHfclkDirect
                0x00000000       0x20 .\CortexM0\ARM_GCC_541\Debug\Lab5.a(CyLib.o)
 .text.CySysEnablePumpClock
                0x00000000       0x38 .\CortexM0\ARM_GCC_541\Debug\Lab5.a(CyLib.o)
 .text.CySysClkGetSysclkSource
                0x00000000       0x1c .\CortexM0\ARM_GCC_541\Debug\Lab5.a(CyLib.o)
 .text.CySysClkWriteSysclkDiv
                0x00000000       0x30 .\CortexM0\ARM_GCC_541\Debug\Lab5.a(CyLib.o)
 .text.CySysLvdDisable
                0x00000000       0x20 .\CortexM0\ARM_GCC_541\Debug\Lab5.a(CyLib.o)
 .text.CySysLvdGetInterruptSource
                0x00000000       0x10 .\CortexM0\ARM_GCC_541\Debug\Lab5.a(CyLib.o)
 .text.CySysLvdClearInterrupt
                0x00000000        0xc .\CortexM0\ARM_GCC_541\Debug\Lab5.a(CyLib.o)
 .text.CySysGetResetReason
                0x00000000       0x14 .\CortexM0\ARM_GCC_541\Debug\Lab5.a(CyLib.o)
 .text.CyDisableInts
                0x00000000       0x10 .\CortexM0\ARM_GCC_541\Debug\Lab5.a(CyLib.o)
 .text.CyEnableInts
                0x00000000        0xc .\CortexM0\ARM_GCC_541\Debug\Lab5.a(CyLib.o)
 .text.CyIntGetState
                0x00000000       0x18 .\CortexM0\ARM_GCC_541\Debug\Lab5.a(CyLib.o)
 .text.CyIntDisable
                0x00000000       0x14 .\CortexM0\ARM_GCC_541\Debug\Lab5.a(CyLib.o)
 .text.CyIntSetPending
                0x00000000       0x14 .\CortexM0\ARM_GCC_541\Debug\Lab5.a(CyLib.o)
 .text.CyIntClearPending
                0x00000000       0x14 .\CortexM0\ARM_GCC_541\Debug\Lab5.a(CyLib.o)
 .text.CyIntSetSysVector
                0x00000000       0x20 .\CortexM0\ARM_GCC_541\Debug\Lab5.a(CyLib.o)
 .text.CyIntGetSysVector
                0x00000000       0x1c .\CortexM0\ARM_GCC_541\Debug\Lab5.a(CyLib.o)
 .text.CyIntGetVector
                0x00000000       0x20 .\CortexM0\ARM_GCC_541\Debug\Lab5.a(CyLib.o)
 .text.CyIntSetPriority
                0x00000000       0x4c .\CortexM0\ARM_GCC_541\Debug\Lab5.a(CyLib.o)
 .text.CyIntGetPriority
                0x00000000       0x2c .\CortexM0\ARM_GCC_541\Debug\Lab5.a(CyLib.o)
 .text.CySoftwareReset
                0x00000000       0x18 .\CortexM0\ARM_GCC_541\Debug\Lab5.a(CyLib.o)
 .text.CySysLvdEnable
                0x00000000       0x44 .\CortexM0\ARM_GCC_541\Debug\Lab5.a(CyLib.o)
 .text.CyDelayFreq
                0x00000000       0x4c .\CortexM0\ARM_GCC_541\Debug\Lab5.a(CyLib.o)
 .text.CySysTickStop
                0x00000000       0x10 .\CortexM0\ARM_GCC_541\Debug\Lab5.a(CyLib.o)
 .text.CySysTickEnableInterrupt
                0x00000000       0x10 .\CortexM0\ARM_GCC_541\Debug\Lab5.a(CyLib.o)
 .text.CySysTickEnable
                0x00000000       0x18 .\CortexM0\ARM_GCC_541\Debug\Lab5.a(CyLib.o)
 .text.CySysTickDisableInterrupt
                0x00000000       0x10 .\CortexM0\ARM_GCC_541\Debug\Lab5.a(CyLib.o)
 .text.CySysTickSetReload
                0x00000000       0x10 .\CortexM0\ARM_GCC_541\Debug\Lab5.a(CyLib.o)
 .text.CySysTickGetReload
                0x00000000       0x10 .\CortexM0\ARM_GCC_541\Debug\Lab5.a(CyLib.o)
 .text.CySysTickGetValue
                0x00000000       0x10 .\CortexM0\ARM_GCC_541\Debug\Lab5.a(CyLib.o)
 .text.CySysTickGetCountFlag
                0x00000000       0x10 .\CortexM0\ARM_GCC_541\Debug\Lab5.a(CyLib.o)
 .text.CySysTickServiceCallbacks
                0x00000000       0x28 .\CortexM0\ARM_GCC_541\Debug\Lab5.a(CyLib.o)
 .text.CySysTickClear
                0x00000000        0xc .\CortexM0\ARM_GCC_541\Debug\Lab5.a(CyLib.o)
 .text.CySysTickInit
                0x00000000       0x40 .\CortexM0\ARM_GCC_541\Debug\Lab5.a(CyLib.o)
 .text.CySysTickStart
                0x00000000       0x20 .\CortexM0\ARM_GCC_541\Debug\Lab5.a(CyLib.o)
 .text.CySysTickSetCallback
                0x00000000       0x10 .\CortexM0\ARM_GCC_541\Debug\Lab5.a(CyLib.o)
 .text.CySysTickGetCallback
                0x00000000        0xc .\CortexM0\ARM_GCC_541\Debug\Lab5.a(CyLib.o)
 .text.CyGetUniqueId
                0x00000000       0x70 .\CortexM0\ARM_GCC_541\Debug\Lab5.a(CyLib.o)
 .text          0x00000000        0x0 .\CortexM0\ARM_GCC_541\Debug\Lab5.a(CyLFClk.o)
 .text.CySysClkIloEnabled
                0x00000000       0x14 .\CortexM0\ARM_GCC_541\Debug\Lab5.a(CyLFClk.o)
 .text.CySysClkIloStart
                0x00000000       0x14 .\CortexM0\ARM_GCC_541\Debug\Lab5.a(CyLFClk.o)
 .text.CySysClkIloStartMeasurement
                0x00000000       0x34 .\CortexM0\ARM_GCC_541\Debug\Lab5.a(CyLFClk.o)
 .text.CySysClkIloStopMeasurement
                0x00000000       0x14 .\CortexM0\ARM_GCC_541\Debug\Lab5.a(CyLFClk.o)
 .text.CySysClkIloCompensate
                0x00000000      0x104 .\CortexM0\ARM_GCC_541\Debug\Lab5.a(CyLFClk.o)
 .text.CySysWdtGetEnabledStatus
                0x00000000       0x24 .\CortexM0\ARM_GCC_541\Debug\Lab5.a(CyLFClk.o)
 .text.CySysWdtSetMode
                0x00000000       0x38 .\CortexM0\ARM_GCC_541\Debug\Lab5.a(CyLFClk.o)
 .text.CySysClkLfclkPosedgeRestore
                0x00000000       0x2c .\CortexM0\ARM_GCC_541\Debug\Lab5.a(CyLFClk.o)
 .text.CySysWdtGetMode
                0x00000000       0x14 .\CortexM0\ARM_GCC_541\Debug\Lab5.a(CyLFClk.o)
 .text.CySysWdtSetClearOnMatch
                0x00000000       0x34 .\CortexM0\ARM_GCC_541\Debug\Lab5.a(CyLFClk.o)
 .text.CySysWdtGetClearOnMatch
                0x00000000       0x24 .\CortexM0\ARM_GCC_541\Debug\Lab5.a(CyLFClk.o)
 .text.CySysWdtEnable
                0x00000000       0x40 .\CortexM0\ARM_GCC_541\Debug\Lab5.a(CyLFClk.o)
 .text.CySysWdtDisable
                0x00000000       0x44 .\CortexM0\ARM_GCC_541\Debug\Lab5.a(CyLFClk.o)
 .text.CySysWdtSetCascade
                0x00000000       0x34 .\CortexM0\ARM_GCC_541\Debug\Lab5.a(CyLFClk.o)
 .text.CySysWdtGetCascade
                0x00000000       0x14 .\CortexM0\ARM_GCC_541\Debug\Lab5.a(CyLFClk.o)
 .text.CySysWdtSetMatch
                0x00000000       0x38 .\CortexM0\ARM_GCC_541\Debug\Lab5.a(CyLFClk.o)
 .text.CySysWdtSetToggleBit
                0x00000000       0x30 .\CortexM0\ARM_GCC_541\Debug\Lab5.a(CyLFClk.o)
 .text.CySysWdtGetToggleBit
                0x00000000       0x10 .\CortexM0\ARM_GCC_541\Debug\Lab5.a(CyLFClk.o)
 .text.CySysWdtGetMatch
                0x00000000       0x20 .\CortexM0\ARM_GCC_541\Debug\Lab5.a(CyLFClk.o)
 .text.CySysWdtGetCount
                0x00000000       0x3c .\CortexM0\ARM_GCC_541\Debug\Lab5.a(CyLFClk.o)
 .text.CySysClkLfclkPosedgeCatch
                0x00000000       0x74 .\CortexM0\ARM_GCC_541\Debug\Lab5.a(CyLFClk.o)
 .text.CySysClkIloStop
                0x00000000       0x38 .\CortexM0\ARM_GCC_541\Debug\Lab5.a(CyLFClk.o)
 .text.CySysWdtGetInterruptSource
                0x00000000       0x14 .\CortexM0\ARM_GCC_541\Debug\Lab5.a(CyLFClk.o)
 .text.CySysWdtResetCounters
                0x00000000       0x20 .\CortexM0\ARM_GCC_541\Debug\Lab5.a(CyLFClk.o)
 .text.CySysWdtSetInterruptCallback
                0x00000000       0x20 .\CortexM0\ARM_GCC_541\Debug\Lab5.a(CyLFClk.o)
 .text.CySysWdtGetInterruptCallback
                0x00000000       0x20 .\CortexM0\ARM_GCC_541\Debug\Lab5.a(CyLFClk.o)
 .text.CySysWdtEnableCounterIsr
                0x00000000       0x34 .\CortexM0\ARM_GCC_541\Debug\Lab5.a(CyLFClk.o)
 .text.CySysWdtDisableCounterIsr
                0x00000000       0x28 .\CortexM0\ARM_GCC_541\Debug\Lab5.a(CyLFClk.o)
 .text.CySysWatchdogFeed
                0x00000000       0x60 .\CortexM0\ARM_GCC_541\Debug\Lab5.a(CyLFClk.o)
 .text.CySysTimerDelayUntilMatch
                0x00000000       0x6c .\CortexM0\ARM_GCC_541\Debug\Lab5.a(CyLFClk.o)
 .text.CySysTimerDelay
                0x00000000       0x3c .\CortexM0\ARM_GCC_541\Debug\Lab5.a(CyLFClk.o)
 .rodata        0x00000000        0xc .\CortexM0\ARM_GCC_541\Debug\Lab5.a(CyLFClk.o)
 .data          0x00000000        0x0 .\CortexM0\ARM_GCC_541\Debug\Lab5.a(SW_Tx_UART_AsmGnu.o)
 .bss           0x00000000        0x0 .\CortexM0\ARM_GCC_541\Debug\Lab5.a(SW_Tx_UART_AsmGnu.o)
 .data          0x00000000        0x0 .\CortexM0\ARM_GCC_541\Debug\Lab5.a(CyBootAsmGnu.o)
 .bss           0x00000000        0x0 .\CortexM0\ARM_GCC_541\Debug\Lab5.a(CyBootAsmGnu.o)
 .data          0x00000000        0x0 c:/psoc creator/4.4/psoc creator/import/gnu/arm/5.4.1/bin/../lib/gcc/arm-none-eabi/5.4.1/armv6-m\libgcc.a(_udivsi3.o)
 .bss           0x00000000        0x0 c:/psoc creator/4.4/psoc creator/import/gnu/arm/5.4.1/bin/../lib/gcc/arm-none-eabi/5.4.1/armv6-m\libgcc.a(_udivsi3.o)
 .data          0x00000000        0x0 c:/psoc creator/4.4/psoc creator/import/gnu/arm/5.4.1/bin/../lib/gcc/arm-none-eabi/5.4.1/armv6-m\libgcc.a(_dvmd_tls.o)
 .bss           0x00000000        0x0 c:/psoc creator/4.4/psoc creator/import/gnu/arm/5.4.1/bin/../lib/gcc/arm-none-eabi/5.4.1/armv6-m\libgcc.a(_dvmd_tls.o)
 .text          0x00000000        0x0 c:/psoc creator/4.4/psoc creator/import/gnu/arm/5.4.1/bin/../lib/gcc/arm-none-eabi/5.4.1/../../../../arm-none-eabi/lib/armv6-m\libg_nano.a(lib_a-errno.o)
 .data          0x00000000        0x0 c:/psoc creator/4.4/psoc creator/import/gnu/arm/5.4.1/bin/../lib/gcc/arm-none-eabi/5.4.1/../../../../arm-none-eabi/lib/armv6-m\libg_nano.a(lib_a-errno.o)
 .bss           0x00000000        0x0 c:/psoc creator/4.4/psoc creator/import/gnu/arm/5.4.1/bin/../lib/gcc/arm-none-eabi/5.4.1/../../../../arm-none-eabi/lib/armv6-m\libg_nano.a(lib_a-errno.o)
 .text          0x00000000        0x0 c:/psoc creator/4.4/psoc creator/import/gnu/arm/5.4.1/bin/../lib/gcc/arm-none-eabi/5.4.1/../../../../arm-none-eabi/lib/armv6-m\libg_nano.a(lib_a-exit.o)
 .data          0x00000000        0x0 c:/psoc creator/4.4/psoc creator/import/gnu/arm/5.4.1/bin/../lib/gcc/arm-none-eabi/5.4.1/../../../../arm-none-eabi/lib/armv6-m\libg_nano.a(lib_a-exit.o)
 .bss           0x00000000        0x0 c:/psoc creator/4.4/psoc creator/import/gnu/arm/5.4.1/bin/../lib/gcc/arm-none-eabi/5.4.1/../../../../arm-none-eabi/lib/armv6-m\libg_nano.a(lib_a-exit.o)
 .text.exit     0x00000000       0x2c c:/psoc creator/4.4/psoc creator/import/gnu/arm/5.4.1/bin/../lib/gcc/arm-none-eabi/5.4.1/../../../../arm-none-eabi/lib/armv6-m\libg_nano.a(lib_a-exit.o)
 .text          0x00000000        0x0 c:/psoc creator/4.4/psoc creator/import/gnu/arm/5.4.1/bin/../lib/gcc/arm-none-eabi/5.4.1/../../../../arm-none-eabi/lib/armv6-m\libg_nano.a(lib_a-impure.o)
 .data          0x00000000        0x0 c:/psoc creator/4.4/psoc creator/import/gnu/arm/5.4.1/bin/../lib/gcc/arm-none-eabi/5.4.1/../../../../arm-none-eabi/lib/armv6-m\libg_nano.a(lib_a-impure.o)
 .bss           0x00000000        0x0 c:/psoc creator/4.4/psoc creator/import/gnu/arm/5.4.1/bin/../lib/gcc/arm-none-eabi/5.4.1/../../../../arm-none-eabi/lib/armv6-m\libg_nano.a(lib_a-impure.o)
 .rodata._global_impure_ptr
                0x00000000        0x4 c:/psoc creator/4.4/psoc creator/import/gnu/arm/5.4.1/bin/../lib/gcc/arm-none-eabi/5.4.1/../../../../arm-none-eabi/lib/armv6-m\libg_nano.a(lib_a-impure.o)
 .text          0x00000000        0x0 c:/psoc creator/4.4/psoc creator/import/gnu/arm/5.4.1/bin/../lib/gcc/arm-none-eabi/5.4.1/../../../../arm-none-eabi/lib/armv6-m\libg_nano.a(lib_a-init.o)
 .data          0x00000000        0x0 c:/psoc creator/4.4/psoc creator/import/gnu/arm/5.4.1/bin/../lib/gcc/arm-none-eabi/5.4.1/../../../../arm-none-eabi/lib/armv6-m\libg_nano.a(lib_a-init.o)
 .bss           0x00000000        0x0 c:/psoc creator/4.4/psoc creator/import/gnu/arm/5.4.1/bin/../lib/gcc/arm-none-eabi/5.4.1/../../../../arm-none-eabi/lib/armv6-m\libg_nano.a(lib_a-init.o)
 .text          0x00000000        0x0 c:/psoc creator/4.4/psoc creator/import/gnu/arm/5.4.1/bin/../lib/gcc/arm-none-eabi/5.4.1/../../../../arm-none-eabi/lib/armv6-m\libg_nano.a(lib_a-memset.o)
 .data          0x00000000        0x0 c:/psoc creator/4.4/psoc creator/import/gnu/arm/5.4.1/bin/../lib/gcc/arm-none-eabi/5.4.1/../../../../arm-none-eabi/lib/armv6-m\libg_nano.a(lib_a-memset.o)
 .bss           0x00000000        0x0 c:/psoc creator/4.4/psoc creator/import/gnu/arm/5.4.1/bin/../lib/gcc/arm-none-eabi/5.4.1/../../../../arm-none-eabi/lib/armv6-m\libg_nano.a(lib_a-memset.o)
 .text          0x00000000        0x0 c:/psoc creator/4.4/psoc creator/import/gnu/arm/5.4.1/bin/../lib/gcc/arm-none-eabi/5.4.1/../../../../arm-none-eabi/lib/armv6-m\libg_nano.a(lib_a-strncmp.o)
 .data          0x00000000        0x0 c:/psoc creator/4.4/psoc creator/import/gnu/arm/5.4.1/bin/../lib/gcc/arm-none-eabi/5.4.1/../../../../arm-none-eabi/lib/armv6-m\libg_nano.a(lib_a-strncmp.o)
 .bss           0x00000000        0x0 c:/psoc creator/4.4/psoc creator/import/gnu/arm/5.4.1/bin/../lib/gcc/arm-none-eabi/5.4.1/../../../../arm-none-eabi/lib/armv6-m\libg_nano.a(lib_a-strncmp.o)
 .text          0x00000000        0x0 c:/psoc creator/4.4/psoc creator/import/gnu/arm/5.4.1/bin/../lib/gcc/arm-none-eabi/5.4.1/armv6-m/crtend.o
 .data          0x00000000        0x0 c:/psoc creator/4.4/psoc creator/import/gnu/arm/5.4.1/bin/../lib/gcc/arm-none-eabi/5.4.1/armv6-m/crtend.o
 .bss           0x00000000        0x0 c:/psoc creator/4.4/psoc creator/import/gnu/arm/5.4.1/bin/../lib/gcc/arm-none-eabi/5.4.1/armv6-m/crtend.o
 .text          0x00000000        0x0 c:/psoc creator/4.4/psoc creator/import/gnu/arm/5.4.1/bin/../lib/gcc/arm-none-eabi/5.4.1/armv6-m/crtn.o
 .data          0x00000000        0x0 c:/psoc creator/4.4/psoc creator/import/gnu/arm/5.4.1/bin/../lib/gcc/arm-none-eabi/5.4.1/armv6-m/crtn.o
 .bss           0x00000000        0x0 c:/psoc creator/4.4/psoc creator/import/gnu/arm/5.4.1/bin/../lib/gcc/arm-none-eabi/5.4.1/armv6-m/crtn.o

Memory Configuration

Name             Origin             Length             Attributes
rom              0x00000000         0x00008000         xr
ram              0x20000000         0x00001000         xrw
*default*        0x00000000         0xffffffff

Linker script and memory map

LOAD c:/psoc creator/4.4/psoc creator/import/gnu/arm/5.4.1/bin/../lib/gcc/arm-none-eabi/5.4.1/armv6-m/crti.o
LOAD c:/psoc creator/4.4/psoc creator/import/gnu/arm/5.4.1/bin/../lib/gcc/arm-none-eabi/5.4.1/armv6-m/crtbegin.o
LOAD c:/psoc creator/4.4/psoc creator/import/gnu/arm/5.4.1/bin/../lib/gcc/arm-none-eabi/5.4.1/../../../../arm-none-eabi/lib/armv6-m/crt0.o
START GROUP
LOAD .\CortexM0\ARM_GCC_541\Debug\main.o
LOAD .\CortexM0\ARM_GCC_541\Debug\cyfitter_cfg.o
LOAD .\CortexM0\ARM_GCC_541\Debug\cymetadata.o
LOAD .\CortexM0\ARM_GCC_541\Debug\Cm0Start.o
LOAD .\CortexM0\ARM_GCC_541\Debug\Lab5.a
END GROUP
START GROUP
LOAD c:/psoc creator/4.4/psoc creator/import/gnu/arm/5.4.1/bin/../lib/gcc/arm-none-eabi/5.4.1/armv6-m\libgcc.a
LOAD c:/psoc creator/4.4/psoc creator/import/gnu/arm/5.4.1/bin/../lib/gcc/arm-none-eabi/5.4.1/../../../../arm-none-eabi/lib/armv6-m\libg_nano.a
LOAD c:/psoc creator/4.4/psoc creator/import/gnu/arm/5.4.1/bin/../lib/gcc/arm-none-eabi/5.4.1/../../../../arm-none-eabi/lib/armv6-m\libc_nano.a
END GROUP
START GROUP
LOAD c:/psoc creator/4.4/psoc creator/import/gnu/arm/5.4.1/bin/../lib/gcc/arm-none-eabi/5.4.1/armv6-m\libgcc.a
LOAD c:/psoc creator/4.4/psoc creator/import/gnu/arm/5.4.1/bin/../lib/gcc/arm-none-eabi/5.4.1/../../../../arm-none-eabi/lib/armv6-m\libc_nano.a
END GROUP
LOAD c:/psoc creator/4.4/psoc creator/import/gnu/arm/5.4.1/bin/../lib/gcc/arm-none-eabi/5.4.1/armv6-m/crtend.o
LOAD c:/psoc creator/4.4/psoc creator/import/gnu/arm/5.4.1/bin/../lib/gcc/arm-none-eabi/5.4.1/armv6-m/crtn.o
START GROUP
LOAD c:/psoc creator/4.4/psoc creator/import/gnu/arm/5.4.1/bin/../lib/gcc/arm-none-eabi/5.4.1/armv6-m\libgcc.a
LOAD c:/psoc creator/4.4/psoc creator/import/gnu/arm/5.4.1/bin/../lib/gcc/arm-none-eabi/5.4.1/../../../../arm-none-eabi/lib/armv6-m\libc.a
LOAD c:/psoc creator/4.4/psoc creator/import/gnu/arm/5.4.1/bin/../lib/gcc/arm-none-eabi/5.4.1/../../../../arm-none-eabi/lib/armv6-m\libnosys.a
END GROUP
                0x00000000                CY_APPL_ORIGIN = 0x0
                0x00000080                CY_FLASH_ROW_SIZE = 0x80
                0x00000001                CY_APPL_NUM = 0x1
                0x00000001                CY_APPL_MAX = 0x1
                0x00000040                CY_METADATA_SIZE = 0x40
                0x00000000                CY_APPL_LOADABLE = 0x0
                0x00000000                CY_CHECKSUM_EXCLUDE_SIZE = ALIGN (0x0, CY_FLASH_ROW_SIZE)
                0x00000000                CY_APP_FOR_STACK_AND_COPIER = 0x0
                [!provide]                PROVIDE (__cy_heap_start, _end)
                0x00000001                PROVIDE (__cy_region_num, ((__cy_regions_end - __cy_regions) / 0x10))
                0x20001000                PROVIDE (__cy_stack, (ORIGIN (ram) + LENGTH (ram)))
                [!provide]                PROVIDE (__cy_heap_end, (__cy_stack - 0x400))

.cybootloader   0x00000000        0x0
 *(.cybootloader)
                0x00000000                appl1_start = CY_APPL_ORIGIN?CY_APPL_ORIGIN:ALIGN (CY_FLASH_ROW_SIZE)
                0x00003f80                appl2_start = (appl1_start + ALIGN ((((LENGTH (rom) - appl1_start) - (0x2 * CY_FLASH_ROW_SIZE)) / 0x2), CY_FLASH_ROW_SIZE))
                0x00000000                appl_start = (CY_APPL_NUM == 0x1)?appl1_start:appl2_start
                0x00000001                cy_project_type_bootloader = (appl_start == 0x0)?0x1:0x0
                0x00000000                cy_project_type_app_for_stack_and_copier = (CY_APP_FOR_STACK_AND_COPIER == 0x1)?0x1:0x0

.text           0x00000000      0xc00
 CREATE_OBJECT_SYMBOLS
                0x00000000                PROVIDE (__cy_interrupt_vector, RomVectors)
 *(.romvectors)
 .romvectors    0x00000000       0x10 .\CortexM0\ARM_GCC_541\Debug\Cm0Start.o
                0x00000000                RomVectors
                0x00000001                ASSERT ((. != __cy_interrupt_vector), No interrupt vector)
                0x00000001                ASSERT (CY_APPL_ORIGIN?(SIZEOF (.cybootloader) <= CY_APPL_ORIGIN):0x1, Wrong image location)
                0x00000010                PROVIDE (__cy_reset, Reset)
 *(.text.Reset)
 .text.Reset    0x00000010        0x8 .\CortexM0\ARM_GCC_541\Debug\Cm0Start.o
                0x00000010                Reset
                0x00000001                ASSERT ((. != __cy_reset), No reset code)
 *(.psocinit)
 .psocinit      0x00000018      0x128 .\CortexM0\ARM_GCC_541\Debug\cyfitter_cfg.o
                0x00000074                cyfitter_cfg
                0x00000140                . = MAX (., 0x100)
 *(.text .text.* .gnu.linkonce.t.*)
 .text          0x00000140       0x60 c:/psoc creator/4.4/psoc creator/import/gnu/arm/5.4.1/bin/../lib/gcc/arm-none-eabi/5.4.1/armv6-m/crtbegin.o
 .text.SetLED   0x000001a0       0x18 .\CortexM0\ARM_GCC_541\Debug\main.o
                0x000001a0                SetLED
 .text.SendTo595
                0x000001b8       0x34 .\CortexM0\ARM_GCC_541\Debug\main.o
                0x000001b8                SendTo595
 .text.DisplayRefresh
                0x000001ec       0x3c .\CortexM0\ARM_GCC_541\Debug\main.o
                0x000001ec                DisplayRefresh
 .text.DelayWithDisplay
                0x00000228       0x14 .\CortexM0\ARM_GCC_541\Debug\main.o
                0x00000228                DelayWithDisplay
 .text.ScanKeypad
                0x0000023c       0xdc .\CortexM0\ARM_GCC_541\Debug\main.o
                0x0000023c                ScanKeypad
 .text.ClearSystem
                0x00000318       0x2c .\CortexM0\ARM_GCC_541\Debug\main.o
                0x00000318                ClearSystem
 .text.main     0x00000344      0x104 .\CortexM0\ARM_GCC_541\Debug\main.o
                0x00000344                main
 .text.CYMEMZERO
                0x00000448        0xc .\CortexM0\ARM_GCC_541\Debug\cyfitter_cfg.o
 .text.IntDefaultHandler
                0x00000454       0x10 .\CortexM0\ARM_GCC_541\Debug\Cm0Start.o
                0x00000454                IntDefaultHandler
 .text.Start_c  0x00000464       0x48 .\CortexM0\ARM_GCC_541\Debug\Cm0Start.o
                0x00000464                Start_c
 .text.initialize_psoc
                0x000004ac       0x40 .\CortexM0\ARM_GCC_541\Debug\Cm0Start.o
                0x000004ac                initialize_psoc
 .text.LED_G_Write
                0x000004ec       0x18 .\CortexM0\ARM_GCC_541\Debug\Lab5.a(LED_G.o)
                0x000004ec                LED_G_Write
 .text.LED_R_Write
                0x00000504       0x18 .\CortexM0\ARM_GCC_541\Debug\Lab5.a(LED_R.o)
                0x00000504                LED_R_Write
 .text.LED_B_Write
                0x0000051c       0x18 .\CortexM0\ARM_GCC_541\Debug\Lab5.a(LED_B.o)
                0x0000051c                LED_B_Write
 .text.SW_Tx_UART_Start
                0x00000534        0x4 .\CortexM0\ARM_GCC_541\Debug\Lab5.a(SW_Tx_UART.o)
                0x00000534                SW_Tx_UART_Start
 .text.SW_Tx_UART_PutString
                0x00000538       0x1c .\CortexM0\ARM_GCC_541\Debug\Lab5.a(SW_Tx_UART.o)
                0x00000538                SW_Tx_UART_PutString
 .text.C_1_Write
                0x00000554       0x18 .\CortexM0\ARM_GCC_541\Debug\Lab5.a(C_1.o)
                0x00000554                C_1_Write
 .text.C_2_Write
                0x0000056c       0x18 .\CortexM0\ARM_GCC_541\Debug\Lab5.a(C_2.o)
                0x0000056c                C_2_Write
 .text.C_3_Write
                0x00000584       0x18 .\CortexM0\ARM_GCC_541\Debug\Lab5.a(C_3.o)
                0x00000584                C_3_Write
 .text.R_1_Read
                0x0000059c       0x10 .\CortexM0\ARM_GCC_541\Debug\Lab5.a(R_1.o)
                0x0000059c                R_1_Read
 .text.R_2_Read
                0x000005ac       0x10 .\CortexM0\ARM_GCC_541\Debug\Lab5.a(R_2.o)
                0x000005ac                R_2_Read
 .text.R_3_Read
                0x000005bc       0x10 .\CortexM0\ARM_GCC_541\Debug\Lab5.a(R_3.o)
                0x000005bc                R_3_Read
 .text.R_4_Read
                0x000005cc       0x10 .\CortexM0\ARM_GCC_541\Debug\Lab5.a(R_4.o)
                0x000005cc                R_4_Read
 .text.Pin_Latch_Write
                0x000005dc       0x18 .\CortexM0\ARM_GCC_541\Debug\Lab5.a(Pin_Latch.o)
                0x000005dc                Pin_Latch_Write
 .text.Pin_CLK_Write
                0x000005f4       0x18 .\CortexM0\ARM_GCC_541\Debug\Lab5.a(Pin_CLK.o)
                0x000005f4                Pin_CLK_Write
 .text.Pin_DO_Write
                0x0000060c       0x18 .\CortexM0\ARM_GCC_541\Debug\Lab5.a(Pin_DO.o)
                0x0000060c                Pin_DO_Write
 .text.CyIntEnable
                0x00000624       0x14 .\CortexM0\ARM_GCC_541\Debug\Lab5.a(CyLib.o)
                0x00000624                CyIntEnable
 .text.CyHalt   0x00000638        0x4 .\CortexM0\ARM_GCC_541\Debug\Lab5.a(CyLib.o)
                0x00000638                CyHalt
 .text.CyIntSetVector
                0x0000063c       0x24 .\CortexM0\ARM_GCC_541\Debug\Lab5.a(CyLib.o)
                0x0000063c                CyIntSetVector
 .text.CyDelay  0x00000660       0x30 .\CortexM0\ARM_GCC_541\Debug\Lab5.a(CyLib.o)
                0x00000660                CyDelay
 .text.CyDelayUs
                0x00000690       0x14 .\CortexM0\ARM_GCC_541\Debug\Lab5.a(CyLib.o)
                0x00000690                CyDelayUs
 .text.CySysClkWriteImoFreq
                0x000006a4      0x164 .\CortexM0\ARM_GCC_541\Debug\Lab5.a(CyLib.o)
                0x000006a4                CySysClkWriteImoFreq
 .text.CySysWdtLocked
                0x00000808       0x14 .\CortexM0\ARM_GCC_541\Debug\Lab5.a(CyLFClk.o)
 .text.CySysWdtLock
                0x0000081c       0x1c .\CortexM0\ARM_GCC_541\Debug\Lab5.a(CyLFClk.o)
                0x0000081c                CySysWdtLock
 .text.CySysWdtUnlock
                0x00000838       0x30 .\CortexM0\ARM_GCC_541\Debug\Lab5.a(CyLFClk.o)
                0x00000838                CySysWdtUnlock
 .text.CySysWdtClearInterrupt
                0x00000868       0x4c .\CortexM0\ARM_GCC_541\Debug\Lab5.a(CyLFClk.o)
                0x00000868                CySysWdtClearInterrupt
 .text.CySysWdtIsr
                0x000008b4       0xa4 .\CortexM0\ARM_GCC_541\Debug\Lab5.a(CyLFClk.o)
                0x000008b4                CySysWdtIsr
 *fill*         0x00000958        0x8 
 .text          0x00000960       0xd4 .\CortexM0\ARM_GCC_541\Debug\Lab5.a(SW_Tx_UART_AsmGnu.o)
                0x00000960                SW_Tx_UART_PutChar
 *fill*         0x00000a34        0x4 
 .text          0x00000a38       0x24 .\CortexM0\ARM_GCC_541\Debug\Lab5.a(CyBootAsmGnu.o)
                0x00000a38                CyDelayCycles
                0x00000a4c                CyEnterCriticalSection
                0x00000a54                CyExitCriticalSection
 .text          0x00000a5c      0x114 c:/psoc creator/4.4/psoc creator/import/gnu/arm/5.4.1/bin/../lib/gcc/arm-none-eabi/5.4.1/armv6-m\libgcc.a(_udivsi3.o)
                0x00000a5c                __aeabi_uidiv
                0x00000a5c                __udivsi3
                0x00000b68                __aeabi_uidivmod
 .text          0x00000b70        0x4 c:/psoc creator/4.4/psoc creator/import/gnu/arm/5.4.1/bin/../lib/gcc/arm-none-eabi/5.4.1/armv6-m\libgcc.a(_dvmd_tls.o)
                0x00000b70                __aeabi_idiv0
                0x00000b70                __aeabi_ldiv0
 .text.__errno  0x00000b74        0xc c:/psoc creator/4.4/psoc creator/import/gnu/arm/5.4.1/bin/../lib/gcc/arm-none-eabi/5.4.1/../../../../arm-none-eabi/lib/armv6-m\libg_nano.a(lib_a-errno.o)
                0x00000b74                __errno
 .text.__libc_init_array
                0x00000b80       0x4c c:/psoc creator/4.4/psoc creator/import/gnu/arm/5.4.1/bin/../lib/gcc/arm-none-eabi/5.4.1/../../../../arm-none-eabi/lib/armv6-m\libg_nano.a(lib_a-init.o)
                0x00000b80                __libc_init_array
 .text.memset   0x00000bcc       0x10 c:/psoc creator/4.4/psoc creator/import/gnu/arm/5.4.1/bin/../lib/gcc/arm-none-eabi/5.4.1/../../../../arm-none-eabi/lib/armv6-m\libg_nano.a(lib_a-memset.o)
                0x00000bcc                memset
 .text.strncmp  0x00000bdc       0x24 c:/psoc creator/4.4/psoc creator/import/gnu/arm/5.4.1/bin/../lib/gcc/arm-none-eabi/5.4.1/../../../../arm-none-eabi/lib/armv6-m\libg_nano.a(lib_a-strncmp.o)
                0x00000bdc                strncmp
 *(.plt)
 *(.gnu.warning)
 *(.glue_7t)
 .glue_7t       0x00000c00        0x0 linker stubs
 *(.glue_7)
 .glue_7        0x00000c00        0x0 linker stubs
 *(.vfp11_veneer)
 .vfp11_veneer  0x00000c00        0x0 linker stubs
 *(.bootloader)
 *(.ARM.extab* .gnu.linkonce.armextab.*)
 *(.gcc_except_table)

.v4_bx          0x00000c00        0x0
 .v4_bx         0x00000c00        0x0 linker stubs

.iplt           0x00000c00        0x0
 .iplt          0x00000c00        0x0 c:/psoc creator/4.4/psoc creator/import/gnu/arm/5.4.1/bin/../lib/gcc/arm-none-eabi/5.4.1/armv6-m/crtbegin.o

.eh_frame_hdr
 *(.eh_frame_hdr)

.eh_frame       0x00000c00        0x4
 *(.eh_frame)
 .eh_frame      0x00000c00        0x0 c:/psoc creator/4.4/psoc creator/import/gnu/arm/5.4.1/bin/../lib/gcc/arm-none-eabi/5.4.1/armv6-m/crtbegin.o
 .eh_frame      0x00000c00        0x4 c:/psoc creator/4.4/psoc creator/import/gnu/arm/5.4.1/bin/../lib/gcc/arm-none-eabi/5.4.1/armv6-m/crtend.o
                [!provide]                PROVIDE (__exidx_start, .)

.ARM.exidx
 *(.ARM.exidx* .gnu.linkonce.armexidx.*)
                0x00000c04                __exidx_end = .

.rodata         0x00000c04       0xd4
 *(.rodata .rodata.* .gnu.linkonce.r.*)
 .rodata        0x00000c04       0x14 .\CortexM0\ARM_GCC_541\Debug\main.o
                0x00000c04                correct_password
                0x00000c0c                DIGIT_MAP
 .rodata.str1.4
                0x00000c18       0x4c .\CortexM0\ARM_GCC_541\Debug\main.o
                                 0x4a (size before relaxing)
 .rodata        0x00000c64        0xc .\CortexM0\ARM_GCC_541\Debug\cyfitter_cfg.o
 .rodata        0x00000c70       0x2e .\CortexM0\ARM_GCC_541\Debug\Lab5.a(CyLib.o)
                0x00000c70                cyImoFreqMhz2Reg
 .rodata.str1.1
                0x00000c9e        0x2 c:/psoc creator/4.4/psoc creator/import/gnu/arm/5.4.1/bin/../lib/gcc/arm-none-eabi/5.4.1/../../../../arm-none-eabi/lib/armv6-m\libg_nano.a(lib_a-impure.o)
                0x00000ca0                . = ALIGN (0x4)
 *(.init)
 .init          0x00000ca0        0x4 c:/psoc creator/4.4/psoc creator/import/gnu/arm/5.4.1/bin/../lib/gcc/arm-none-eabi/5.4.1/armv6-m/crti.o
                0x00000ca0                _init
 .init          0x00000ca4        0x8 c:/psoc creator/4.4/psoc creator/import/gnu/arm/5.4.1/bin/../lib/gcc/arm-none-eabi/5.4.1/armv6-m/crtn.o
                0x00000cac                . = ALIGN (0x4)
                0x00000cac                __preinit_array_start = .
 *(.preinit_array)
                0x00000cac                __preinit_array_end = .
                0x00000cac                . = ALIGN (0x4)
                0x00000cac                __init_array_start = .
 *(SORT(.init_array.*))
 *(.init_array)
 .init_array    0x00000cac        0x4 c:/psoc creator/4.4/psoc creator/import/gnu/arm/5.4.1/bin/../lib/gcc/arm-none-eabi/5.4.1/armv6-m/crtbegin.o
 .init_array    0x00000cb0        0x4 .\CortexM0\ARM_GCC_541\Debug\Cm0Start.o
                0x00000cb4                __init_array_end = .
                0x00000cb4                . = ALIGN (0x4)
 *(.fini)
 .fini          0x00000cb4        0x4 c:/psoc creator/4.4/psoc creator/import/gnu/arm/5.4.1/bin/../lib/gcc/arm-none-eabi/5.4.1/armv6-m/crti.o
                0x00000cb4                _fini
 .fini          0x00000cb8        0x8 c:/psoc creator/4.4/psoc creator/import/gnu/arm/5.4.1/bin/../lib/gcc/arm-none-eabi/5.4.1/armv6-m/crtn.o
                0x00000cc0                . = ALIGN (0x4)
                0x00000cc0                __fini_array_start = .
 *(.fini_array)
 .fini_array    0x00000cc0        0x4 c:/psoc creator/4.4/psoc creator/import/gnu/arm/5.4.1/bin/../lib/gcc/arm-none-eabi/5.4.1/armv6-m/crtbegin.o
 *(SORT(.fini_array.*))
                0x00000cc4                __fini_array_end = .
                0x00000cc4                . = ALIGN (0x4)
 *crtbegin.o(.ctors)
 *(EXCLUDE_FILE(*crtend.o) .ctors)
 *(SORT(.ctors.*))
 *crtend.o(.ctors)
                0x00000cc4                . = ALIGN (0x4)
 *crtbegin.o(.dtors)
 *(EXCLUDE_FILE(*crtend.o) .dtors)
 *(SORT(.dtors.*))
 *crtend.o(.dtors)
                0x00000cc4                . = ALIGN (0x4)
                0x00000cc4                __cy_regions = .
                0x00000cc4        0x4 LONG 0xcd8 __cy_region_init_ram
                0x00000cc8        0x4 LONG 0x200000c0 __cy_region_start_data
                0x00000ccc        0x4 LONG 0x98 __cy_region_init_size_ram
                0x00000cd0        0x4 LONG 0x48 __cy_region_zero_size_ram
                0x00000cd4                __cy_regions_end = .
                0x00000cd8                . = ALIGN (0x8)
 *fill*         0x00000cd4        0x4 
                0x00000cd8                _etext = .

.cy_checksum_exclude
                0x00000cd8        0x0
 *(.cy_checksum_exclude)

.ramvectors     0x20000000       0xc0
                0x20000000                __cy_region_start_ram = .
 *(.ramvectors)
 .ramvectors    0x20000000       0xc0 .\CortexM0\ARM_GCC_541\Debug\Cm0Start.o
                0x20000000                CyRamVectors

.noinit
 *(.noinit)

.data           0x200000c0       0x98 load address 0x00000cd8
                0x200000c0                __cy_region_start_data = .
 *(.jcr)
 .jcr           0x200000c0        0x0 c:/psoc creator/4.4/psoc creator/import/gnu/arm/5.4.1/bin/../lib/gcc/arm-none-eabi/5.4.1/armv6-m/crtbegin.o
 .jcr           0x200000c0        0x4 c:/psoc creator/4.4/psoc creator/import/gnu/arm/5.4.1/bin/../lib/gcc/arm-none-eabi/5.4.1/armv6-m/crtend.o
 *(.got.plt)
 *(.got)
 *(.shdata)
 *(.data .data.* .gnu.linkonce.d.*)
 .data          0x200000c4        0x8 .\CortexM0\ARM_GCC_541\Debug\main.o
                0x200000c4                display_buf
 .data          0x200000cc        0xc .\CortexM0\ARM_GCC_541\Debug\Lab5.a(SW_Tx_UART.o)
                0x200000cc                SW_Tx_UART_pinDrAdress
                0x200000d0                SW_Tx_UART_pinPortNumber
                0x200000d4                SW_Tx_UART_pinNumber
 .data          0x200000d8       0x14 .\CortexM0\ARM_GCC_541\Debug\Lab5.a(CyLib.o)
                0x200000d8                CySysClkPumpConfig
                0x200000dc                cydelay32kMs
                0x200000e0                cydelayFreqKhz
                0x200000e4                cydelayFreqMhz
                0x200000e8                cydelayFreqHz
 .data          0x200000ec        0x4 .\CortexM0\ARM_GCC_541\Debug\Lab5.a(CyLFClk.o)
 .data.impure_data
                0x200000f0       0x60 c:/psoc creator/4.4/psoc creator/import/gnu/arm/5.4.1/bin/../lib/gcc/arm-none-eabi/5.4.1/../../../../arm-none-eabi/lib/armv6-m\libg_nano.a(lib_a-impure.o)
 .data._impure_ptr
                0x20000150        0x4 c:/psoc creator/4.4/psoc creator/import/gnu/arm/5.4.1/bin/../lib/gcc/arm-none-eabi/5.4.1/../../../../arm-none-eabi/lib/armv6-m\libg_nano.a(lib_a-impure.o)
                0x20000150                _impure_ptr
                0x20000158                . = ALIGN (0x8)
 *fill*         0x20000154        0x4 
 *(.ram)
                0x20000158                _edata = .

.igot.plt       0x20000158        0x0 load address 0x00000d70
 .igot.plt      0x20000158        0x0 c:/psoc creator/4.4/psoc creator/import/gnu/arm/5.4.1/bin/../lib/gcc/arm-none-eabi/5.4.1/armv6-m/crtbegin.o

.bss            0x20000158       0x48 load address 0x00000d70
                0x20000158                PROVIDE (__bss_start__, .)
 *(.shbss)
 *(.bss .bss.* .gnu.linkonce.b.*)
 .bss           0x20000158       0x1c c:/psoc creator/4.4/psoc creator/import/gnu/arm/5.4.1/bin/../lib/gcc/arm-none-eabi/5.4.1/armv6-m/crtbegin.o
 .bss           0x20000174        0x9 .\CortexM0\ARM_GCC_541\Debug\main.o
                0x20000174                input_idx
                0x20000178                input_buffer
 *fill*         0x2000017d        0x3 
 .bss           0x20000180       0x20 .\CortexM0\ARM_GCC_541\Debug\Lab5.a(CyLFClk.o)
 *(COMMON)
                0x200001a0                . = ALIGN (0x8)
 *(.ram.b)
                0x200001a0                _end = .
                0x200001a0                __end = .
                0x200001a0                PROVIDE (end, .)
                0x200001a0                PROVIDE (__bss_end__, .)
                0x00000cd8                __cy_region_init_ram = LOADADDR (.data)
                0x00000098                __cy_region_init_size_ram = (_edata - ADDR (.data))
                0x00000048                __cy_region_zero_size_ram = (_end - _edata)

.heap           0x200001a0       0x80 load address 0x00000d70
                0x200001a0                . = _end
                0x20000220                . = (. + 0x80)
 *fill*         0x200001a0       0x80 
                0x20000220                __cy_heap_limit = .

.stack          0x20000c00      0x400
                0x20000c00                __cy_stack_limit = .
                0x20001000                . = (. + 0x400)
 *fill*         0x20000c00      0x400 
                0x00000001                ASSERT ((__cy_stack_limit >= __cy_heap_limit), region RAM overflowed with stack)
                0x00000000                cy_checksum_exclude_size = (CY_APPL_LOADABLE == 0x1)?SIZEOF (.cy_checksum_exclude):0x0
                0x00000001                ASSERT ((cy_checksum_exclude_size <= CY_CHECKSUM_EXCLUDE_SIZE), CY_BOOT: Section .cy_checksum_exclude size exceedes specified limit.)
                0x00007fc0                cyloadermeta_start = (cy_project_type_bootloader || cy_project_type_app_for_stack_and_copier)?(LENGTH (rom) - CY_METADATA_SIZE):0xf0000000

.cyloadermeta
 *(.cyloadermeta)
                0x00007fc0                cyloadablemeta_start = cy_project_type_app_for_stack_and_copier?((LENGTH (rom) - CY_FLASH_ROW_SIZE) - CY_METADATA_SIZE):((LENGTH (rom) - (CY_FLASH_ROW_SIZE * (CY_APPL_NUM - 0x1))) - CY_METADATA_SIZE)

.cyloadablemeta
 *(.cyloadablemeta)

.cyflashprotect
                0x90400000       0x20
 *(.cyflashprotect)
 .cyflashprotect
                0x90400000       0x20 .\CortexM0\ARM_GCC_541\Debug\cymetadata.o
                0x90400000                cy_meta_flashprotect

.cymeta         0x90500000        0xc
 *(.cymeta)
 .cymeta        0x90500000        0xc .\CortexM0\ARM_GCC_541\Debug\cymetadata.o
                0x90500000                cy_metadata

.cychipprotect  0x90600000        0x1
 *(.cychipprotect)
 .cychipprotect
                0x90600000        0x1 .\CortexM0\ARM_GCC_541\Debug\cymetadata.o
                0x90600000                cy_meta_chipprotect

.rel.dyn        0x00000d70        0x0 load address 0x90600004
 .rel.iplt      0x00000d70        0x0 c:/psoc creator/4.4/psoc creator/import/gnu/arm/5.4.1/bin/../lib/gcc/arm-none-eabi/5.4.1/armv6-m/crtbegin.o

.stab
 *(.stab)

.stabstr
 *(.stabstr)

.debug
 *(.debug)

.line
 *(.line)

.debug_srcinfo
 *(.debug_srcinfo)

.debug_sfnames
 *(.debug_sfnames)

.debug_aranges  0x00000000      0x7d0
 *(.debug_aranges)
 .debug_aranges
                0x00000000       0x50 .\CortexM0\ARM_GCC_541\Debug\main.o
 .debug_aranges
                0x00000050       0x30 .\CortexM0\ARM_GCC_541\Debug\cyfitter_cfg.o
 .debug_aranges
                0x00000080       0x18 .\CortexM0\ARM_GCC_541\Debug\cymetadata.o
 .debug_aranges
                0x00000098       0x48 .\CortexM0\ARM_GCC_541\Debug\Cm0Start.o
 .debug_aranges
                0x000000e0       0x48 .\CortexM0\ARM_GCC_541\Debug\Lab5.a(LED_G.o)
 .debug_aranges
                0x00000128       0x48 .\CortexM0\ARM_GCC_541\Debug\Lab5.a(LED_R.o)
 .debug_aranges
                0x00000170       0x48 .\CortexM0\ARM_GCC_541\Debug\Lab5.a(LED_B.o)
 .debug_aranges
                0x000001b8       0x50 .\CortexM0\ARM_GCC_541\Debug\Lab5.a(SW_Tx_UART.o)
 .debug_aranges
                0x00000208       0x48 .\CortexM0\ARM_GCC_541\Debug\Lab5.a(C_1.o)
 .debug_aranges
                0x00000250       0x48 .\CortexM0\ARM_GCC_541\Debug\Lab5.a(C_2.o)
 .debug_aranges
                0x00000298       0x48 .\CortexM0\ARM_GCC_541\Debug\Lab5.a(C_3.o)
 .debug_aranges
                0x000002e0       0x48 .\CortexM0\ARM_GCC_541\Debug\Lab5.a(R_1.o)
 .debug_aranges
                0x00000328       0x48 .\CortexM0\ARM_GCC_541\Debug\Lab5.a(R_2.o)
 .debug_aranges
                0x00000370       0x48 .\CortexM0\ARM_GCC_541\Debug\Lab5.a(R_3.o)
 .debug_aranges
                0x000003b8       0x48 .\CortexM0\ARM_GCC_541\Debug\Lab5.a(R_4.o)
 .debug_aranges
                0x00000400       0x48 .\CortexM0\ARM_GCC_541\Debug\Lab5.a(Pin_Latch.o)
 .debug_aranges
                0x00000448       0x48 .\CortexM0\ARM_GCC_541\Debug\Lab5.a(Pin_CLK.o)
 .debug_aranges
                0x00000490       0x48 .\CortexM0\ARM_GCC_541\Debug\Lab5.a(Pin_DO.o)
 .debug_aranges
                0x000004d8      0x180 .\CortexM0\ARM_GCC_541\Debug\Lab5.a(CyLib.o)
 .debug_aranges
                0x00000658      0x138 .\CortexM0\ARM_GCC_541\Debug\Lab5.a(CyLFClk.o)
 .debug_aranges
                0x00000790       0x20 .\CortexM0\ARM_GCC_541\Debug\Lab5.a(SW_Tx_UART_AsmGnu.o)
 .debug_aranges
                0x000007b0       0x20 .\CortexM0\ARM_GCC_541\Debug\Lab5.a(CyBootAsmGnu.o)

.debug_pubnames
 *(.debug_pubnames)

.debug_info     0x00000000     0x3efc
 *(.debug_info .gnu.linkonce.wi.*)
 .debug_info    0x00000000      0x767 .\CortexM0\ARM_GCC_541\Debug\main.o
 .debug_info    0x00000767      0x278 .\CortexM0\ARM_GCC_541\Debug\cyfitter_cfg.o
 .debug_info    0x000009df       0xf8 .\CortexM0\ARM_GCC_541\Debug\cymetadata.o
 .debug_info    0x00000ad7      0x3a2 .\CortexM0\ARM_GCC_541\Debug\Cm0Start.o
 .debug_info    0x00000e79      0x19d .\CortexM0\ARM_GCC_541\Debug\Lab5.a(LED_G.o)
 .debug_info    0x00001016      0x19d .\CortexM0\ARM_GCC_541\Debug\Lab5.a(LED_R.o)
 .debug_info    0x000011b3      0x19d .\CortexM0\ARM_GCC_541\Debug\Lab5.a(LED_B.o)
 .debug_info    0x00001350      0x2c4 .\CortexM0\ARM_GCC_541\Debug\Lab5.a(SW_Tx_UART.o)
 .debug_info    0x00001614      0x19b .\CortexM0\ARM_GCC_541\Debug\Lab5.a(C_1.o)
 .debug_info    0x000017af      0x19d .\CortexM0\ARM_GCC_541\Debug\Lab5.a(C_2.o)
 .debug_info    0x0000194c      0x19b .\CortexM0\ARM_GCC_541\Debug\Lab5.a(C_3.o)
 .debug_info    0x00001ae7      0x19d .\CortexM0\ARM_GCC_541\Debug\Lab5.a(R_1.o)
 .debug_info    0x00001c84      0x19d .\CortexM0\ARM_GCC_541\Debug\Lab5.a(R_2.o)
 .debug_info    0x00001e21      0x19d .\CortexM0\ARM_GCC_541\Debug\Lab5.a(R_3.o)
 .debug_info    0x00001fbe      0x19d .\CortexM0\ARM_GCC_541\Debug\Lab5.a(R_4.o)
 .debug_info    0x0000215b      0x19d .\CortexM0\ARM_GCC_541\Debug\Lab5.a(Pin_Latch.o)
 .debug_info    0x000022f8      0x19d .\CortexM0\ARM_GCC_541\Debug\Lab5.a(Pin_CLK.o)
 .debug_info    0x00002495      0x19b .\CortexM0\ARM_GCC_541\Debug\Lab5.a(Pin_DO.o)
 .debug_info    0x00002630      0xaed .\CortexM0\ARM_GCC_541\Debug\Lab5.a(CyLib.o)
 .debug_info    0x0000311d      0xcfe .\CortexM0\ARM_GCC_541\Debug\Lab5.a(CyLFClk.o)
 .debug_info    0x00003e1b       0x73 .\CortexM0\ARM_GCC_541\Debug\Lab5.a(SW_Tx_UART_AsmGnu.o)
 .debug_info    0x00003e8e       0x6e .\CortexM0\ARM_GCC_541\Debug\Lab5.a(CyBootAsmGnu.o)

.debug_abbrev   0x00000000     0x1406
 *(.debug_abbrev)
 .debug_abbrev  0x00000000      0x146 .\CortexM0\ARM_GCC_541\Debug\main.o
 .debug_abbrev  0x00000146      0x150 .\CortexM0\ARM_GCC_541\Debug\cyfitter_cfg.o
 .debug_abbrev  0x00000296       0x5d .\CortexM0\ARM_GCC_541\Debug\cymetadata.o
 .debug_abbrev  0x000002f3      0x1d7 .\CortexM0\ARM_GCC_541\Debug\Cm0Start.o
 .debug_abbrev  0x000004ca       0xc8 .\CortexM0\ARM_GCC_541\Debug\Lab5.a(LED_G.o)
 .debug_abbrev  0x00000592       0xc8 .\CortexM0\ARM_GCC_541\Debug\Lab5.a(LED_R.o)
 .debug_abbrev  0x0000065a       0xc8 .\CortexM0\ARM_GCC_541\Debug\Lab5.a(LED_B.o)
 .debug_abbrev  0x00000722      0x109 .\CortexM0\ARM_GCC_541\Debug\Lab5.a(SW_Tx_UART.o)
 .debug_abbrev  0x0000082b       0xc8 .\CortexM0\ARM_GCC_541\Debug\Lab5.a(C_1.o)
 .debug_abbrev  0x000008f3       0xc8 .\CortexM0\ARM_GCC_541\Debug\Lab5.a(C_2.o)
 .debug_abbrev  0x000009bb       0xc8 .\CortexM0\ARM_GCC_541\Debug\Lab5.a(C_3.o)
 .debug_abbrev  0x00000a83       0xc8 .\CortexM0\ARM_GCC_541\Debug\Lab5.a(R_1.o)
 .debug_abbrev  0x00000b4b       0xc8 .\CortexM0\ARM_GCC_541\Debug\Lab5.a(R_2.o)
 .debug_abbrev  0x00000c13       0xc8 .\CortexM0\ARM_GCC_541\Debug\Lab5.a(R_3.o)
 .debug_abbrev  0x00000cdb       0xc8 .\CortexM0\ARM_GCC_541\Debug\Lab5.a(R_4.o)
 .debug_abbrev  0x00000da3       0xc8 .\CortexM0\ARM_GCC_541\Debug\Lab5.a(Pin_Latch.o)
 .debug_abbrev  0x00000e6b       0xc8 .\CortexM0\ARM_GCC_541\Debug\Lab5.a(Pin_CLK.o)
 .debug_abbrev  0x00000f33       0xc8 .\CortexM0\ARM_GCC_541\Debug\Lab5.a(Pin_DO.o)
 .debug_abbrev  0x00000ffb      0x1d3 .\CortexM0\ARM_GCC_541\Debug\Lab5.a(CyLib.o)
 .debug_abbrev  0x000011ce      0x210 .\CortexM0\ARM_GCC_541\Debug\Lab5.a(CyLFClk.o)
 .debug_abbrev  0x000013de       0x14 .\CortexM0\ARM_GCC_541\Debug\Lab5.a(SW_Tx_UART_AsmGnu.o)
 .debug_abbrev  0x000013f2       0x14 .\CortexM0\ARM_GCC_541\Debug\Lab5.a(CyBootAsmGnu.o)

.debug_line     0x00000000     0x1b9b
 *(.debug_line)
 .debug_line    0x00000000      0x327 .\CortexM0\ARM_GCC_541\Debug\main.o
 .debug_line    0x00000327      0x117 .\CortexM0\ARM_GCC_541\Debug\cyfitter_cfg.o
 .debug_line    0x0000043e      0x109 .\CortexM0\ARM_GCC_541\Debug\cymetadata.o
 .debug_line    0x00000547      0x1fd .\CortexM0\ARM_GCC_541\Debug\Cm0Start.o
 .debug_line    0x00000744       0xbd .\CortexM0\ARM_GCC_541\Debug\Lab5.a(LED_G.o)
 .debug_line    0x00000801       0xbd .\CortexM0\ARM_GCC_541\Debug\Lab5.a(LED_R.o)
 .debug_line    0x000008be       0xbd .\CortexM0\ARM_GCC_541\Debug\Lab5.a(LED_B.o)
 .debug_line    0x0000097b       0xf6 .\CortexM0\ARM_GCC_541\Debug\Lab5.a(SW_Tx_UART.o)
 .debug_line    0x00000a71       0xba .\CortexM0\ARM_GCC_541\Debug\Lab5.a(C_1.o)
 .debug_line    0x00000b2b       0xbb .\CortexM0\ARM_GCC_541\Debug\Lab5.a(C_2.o)
 .debug_line    0x00000be6       0xba .\CortexM0\ARM_GCC_541\Debug\Lab5.a(C_3.o)
 .debug_line    0x00000ca0       0xbb .\CortexM0\ARM_GCC_541\Debug\Lab5.a(R_1.o)
 .debug_line    0x00000d5b       0xbb .\CortexM0\ARM_GCC_541\Debug\Lab5.a(R_2.o)
 .debug_line    0x00000e16       0xbb .\CortexM0\ARM_GCC_541\Debug\Lab5.a(R_3.o)
 .debug_line    0x00000ed1       0xbb .\CortexM0\ARM_GCC_541\Debug\Lab5.a(R_4.o)
 .debug_line    0x00000f8c       0xc1 .\CortexM0\ARM_GCC_541\Debug\Lab5.a(Pin_Latch.o)
 .debug_line    0x0000104d       0xbf .\CortexM0\ARM_GCC_541\Debug\Lab5.a(Pin_CLK.o)
 .debug_line    0x0000110c       0xbd .\CortexM0\ARM_GCC_541\Debug\Lab5.a(Pin_DO.o)
 .debug_line    0x000011c9      0x460 .\CortexM0\ARM_GCC_541\Debug\Lab5.a(CyLib.o)
 .debug_line    0x00001629      0x466 .\CortexM0\ARM_GCC_541\Debug\Lab5.a(CyLFClk.o)
 .debug_line    0x00001a8f       0xa3 .\CortexM0\ARM_GCC_541\Debug\Lab5.a(SW_Tx_UART_AsmGnu.o)
 .debug_line    0x00001b32       0x69 .\CortexM0\ARM_GCC_541\Debug\Lab5.a(CyBootAsmGnu.o)

.debug_frame    0x00000000     0x10e8
 *(.debug_frame)
 .debug_frame   0x00000000       0xe4 .\CortexM0\ARM_GCC_541\Debug\main.o
 .debug_frame   0x000000e4       0x68 .\CortexM0\ARM_GCC_541\Debug\cyfitter_cfg.o
 .debug_frame   0x0000014c       0xbc .\CortexM0\ARM_GCC_541\Debug\Cm0Start.o
 .debug_frame   0x00000208       0x70 .\CortexM0\ARM_GCC_541\Debug\Lab5.a(LED_G.o)
 .debug_frame   0x00000278       0x70 .\CortexM0\ARM_GCC_541\Debug\Lab5.a(LED_R.o)
 .debug_frame   0x000002e8       0x70 .\CortexM0\ARM_GCC_541\Debug\Lab5.a(LED_B.o)
 .debug_frame   0x00000358       0xc8 .\CortexM0\ARM_GCC_541\Debug\Lab5.a(SW_Tx_UART.o)
 .debug_frame   0x00000420       0x70 .\CortexM0\ARM_GCC_541\Debug\Lab5.a(C_1.o)
 .debug_frame   0x00000490       0x70 .\CortexM0\ARM_GCC_541\Debug\Lab5.a(C_2.o)
 .debug_frame   0x00000500       0x70 .\CortexM0\ARM_GCC_541\Debug\Lab5.a(C_3.o)
 .debug_frame   0x00000570       0x70 .\CortexM0\ARM_GCC_541\Debug\Lab5.a(R_1.o)
 .debug_frame   0x000005e0       0x70 .\CortexM0\ARM_GCC_541\Debug\Lab5.a(R_2.o)
 .debug_frame   0x00000650       0x70 .\CortexM0\ARM_GCC_541\Debug\Lab5.a(R_3.o)
 .debug_frame   0x000006c0       0x70 .\CortexM0\ARM_GCC_541\Debug\Lab5.a(R_4.o)
 .debug_frame   0x00000730       0x70 .\CortexM0\ARM_GCC_541\Debug\Lab5.a(Pin_Latch.o)
 .debug_frame   0x000007a0       0x70 .\CortexM0\ARM_GCC_541\Debug\Lab5.a(Pin_CLK.o)
 .debug_frame   0x00000810       0x70 .\CortexM0\ARM_GCC_541\Debug\Lab5.a(Pin_DO.o)
 .debug_frame   0x00000880      0x3e0 .\CortexM0\ARM_GCC_541\Debug\Lab5.a(CyLib.o)
 .debug_frame   0x00000c60      0x3a8 .\CortexM0\ARM_GCC_541\Debug\Lab5.a(CyLFClk.o)
 .debug_frame   0x00001008       0x20 c:/psoc creator/4.4/psoc creator/import/gnu/arm/5.4.1/bin/../lib/gcc/arm-none-eabi/5.4.1/armv6-m\libgcc.a(_udivsi3.o)
 .debug_frame   0x00001028       0x20 c:/psoc creator/4.4/psoc creator/import/gnu/arm/5.4.1/bin/../lib/gcc/arm-none-eabi/5.4.1/../../../../arm-none-eabi/lib/armv6-m\libg_nano.a(lib_a-errno.o)
 .debug_frame   0x00001048       0x28 c:/psoc creator/4.4/psoc creator/import/gnu/arm/5.4.1/bin/../lib/gcc/arm-none-eabi/5.4.1/../../../../arm-none-eabi/lib/armv6-m\libg_nano.a(lib_a-exit.o)
 .debug_frame   0x00001070       0x2c c:/psoc creator/4.4/psoc creator/import/gnu/arm/5.4.1/bin/../lib/gcc/arm-none-eabi/5.4.1/../../../../arm-none-eabi/lib/armv6-m\libg_nano.a(lib_a-init.o)
 .debug_frame   0x0000109c       0x20 c:/psoc creator/4.4/psoc creator/import/gnu/arm/5.4.1/bin/../lib/gcc/arm-none-eabi/5.4.1/../../../../arm-none-eabi/lib/armv6-m\libg_nano.a(lib_a-memset.o)
 .debug_frame   0x000010bc       0x2c c:/psoc creator/4.4/psoc creator/import/gnu/arm/5.4.1/bin/../lib/gcc/arm-none-eabi/5.4.1/../../../../arm-none-eabi/lib/armv6-m\libg_nano.a(lib_a-strncmp.o)

.debug_str      0x00000000     0x1665
 *(.debug_str)
 .debug_str     0x00000000      0x2bc .\CortexM0\ARM_GCC_541\Debug\main.o
                                0x319 (size before relaxing)
 .debug_str     0x000002bc       0xc2 .\CortexM0\ARM_GCC_541\Debug\cyfitter_cfg.o
                                0x228 (size before relaxing)
 .debug_str     0x0000037e       0x59 .\CortexM0\ARM_GCC_541\Debug\cymetadata.o
                                0x1a6 (size before relaxing)
 .debug_str     0x000003d7      0x140 .\CortexM0\ARM_GCC_541\Debug\Cm0Start.o
                                0x2df (size before relaxing)
 .debug_str     0x00000517       0xaa .\CortexM0\ARM_GCC_541\Debug\Lab5.a(LED_G.o)
                                0x214 (size before relaxing)
 .debug_str     0x000005c1       0x7b .\CortexM0\ARM_GCC_541\Debug\Lab5.a(LED_R.o)
                                0x214 (size before relaxing)
 .debug_str     0x0000063c       0x7b .\CortexM0\ARM_GCC_541\Debug\Lab5.a(LED_B.o)
                                0x214 (size before relaxing)
 .debug_str     0x000006b7      0x123 .\CortexM0\ARM_GCC_541\Debug\Lab5.a(SW_Tx_UART.o)
                                0x2c3 (size before relaxing)
 .debug_str     0x000007da       0x6f .\CortexM0\ARM_GCC_541\Debug\Lab5.a(C_1.o)
                                0x206 (size before relaxing)
 .debug_str     0x00000849       0x6f .\CortexM0\ARM_GCC_541\Debug\Lab5.a(C_2.o)
                                0x206 (size before relaxing)
 .debug_str     0x000008b8       0x6f .\CortexM0\ARM_GCC_541\Debug\Lab5.a(C_3.o)
                                0x206 (size before relaxing)
 .debug_str     0x00000927       0x70 .\CortexM0\ARM_GCC_541\Debug\Lab5.a(R_1.o)
                                0x206 (size before relaxing)
 .debug_str     0x00000997       0x70 .\CortexM0\ARM_GCC_541\Debug\Lab5.a(R_2.o)
                                0x206 (size before relaxing)
 .debug_str     0x00000a07       0x70 .\CortexM0\ARM_GCC_541\Debug\Lab5.a(R_3.o)
                                0x206 (size before relaxing)
 .debug_str     0x00000a77       0x70 .\CortexM0\ARM_GCC_541\Debug\Lab5.a(R_4.o)
                                0x206 (size before relaxing)
 .debug_str     0x00000ae7       0x93 .\CortexM0\ARM_GCC_541\Debug\Lab5.a(Pin_Latch.o)
                                0x230 (size before relaxing)
 .debug_str     0x00000b7a       0x87 .\CortexM0\ARM_GCC_541\Debug\Lab5.a(Pin_CLK.o)
                                0x222 (size before relaxing)
 .debug_str     0x00000c01       0x81 .\CortexM0\ARM_GCC_541\Debug\Lab5.a(Pin_DO.o)
                                0x21b (size before relaxing)
 .debug_str     0x00000c82      0x4b8 .\CortexM0\ARM_GCC_541\Debug\Lab5.a(CyLib.o)
                                0x694 (size before relaxing)
 .debug_str     0x0000113a      0x52b .\CortexM0\ARM_GCC_541\Debug\Lab5.a(CyLFClk.o)
                                0x71b (size before relaxing)

.debug_loc      0x00000000     0x1c50
 *(.debug_loc)
 .debug_loc     0x00000000      0x206 .\CortexM0\ARM_GCC_541\Debug\main.o
 .debug_loc     0x00000206       0xa9 .\CortexM0\ARM_GCC_541\Debug\cyfitter_cfg.o
 .debug_loc     0x000002af      0x14f .\CortexM0\ARM_GCC_541\Debug\Cm0Start.o
 .debug_loc     0x000003fe       0xa2 .\CortexM0\ARM_GCC_541\Debug\Lab5.a(LED_G.o)
 .debug_loc     0x000004a0       0xa2 .\CortexM0\ARM_GCC_541\Debug\Lab5.a(LED_R.o)
 .debug_loc     0x00000542       0xa2 .\CortexM0\ARM_GCC_541\Debug\Lab5.a(LED_B.o)
 .debug_loc     0x000005e4      0x12d .\CortexM0\ARM_GCC_541\Debug\Lab5.a(SW_Tx_UART.o)
 .debug_loc     0x00000711       0x81 .\CortexM0\ARM_GCC_541\Debug\Lab5.a(C_1.o)
 .debug_loc     0x00000792       0xa2 .\CortexM0\ARM_GCC_541\Debug\Lab5.a(C_2.o)
 .debug_loc     0x00000834       0x81 .\CortexM0\ARM_GCC_541\Debug\Lab5.a(C_3.o)
 .debug_loc     0x000008b5       0xa2 .\CortexM0\ARM_GCC_541\Debug\Lab5.a(R_1.o)
 .debug_loc     0x00000957       0xa2 .\CortexM0\ARM_GCC_541\Debug\Lab5.a(R_2.o)
 .debug_loc     0x000009f9       0xa2 .\CortexM0\ARM_GCC_541\Debug\Lab5.a(R_3.o)
 .debug_loc     0x00000a9b       0xa2 .\CortexM0\ARM_GCC_541\Debug\Lab5.a(R_4.o)
 .debug_loc     0x00000b3d       0xa2 .\CortexM0\ARM_GCC_541\Debug\Lab5.a(Pin_Latch.o)
 .debug_loc     0x00000bdf       0xa2 .\CortexM0\ARM_GCC_541\Debug\Lab5.a(Pin_CLK.o)
 .debug_loc     0x00000c81       0x81 .\CortexM0\ARM_GCC_541\Debug\Lab5.a(Pin_DO.o)
 .debug_loc     0x00000d02      0x599 .\CortexM0\ARM_GCC_541\Debug\Lab5.a(CyLib.o)
 .debug_loc     0x0000129b      0x9b5 .\CortexM0\ARM_GCC_541\Debug\Lab5.a(CyLFClk.o)

.debug_macinfo
 *(.debug_macinfo)

.debug_ranges   0x00000000      0x648
 *(.debug_ranges)
 .debug_ranges  0x00000000       0x40 .\CortexM0\ARM_GCC_541\Debug\main.o
 .debug_ranges  0x00000040       0x20 .\CortexM0\ARM_GCC_541\Debug\cyfitter_cfg.o
 .debug_ranges  0x00000060       0x38 .\CortexM0\ARM_GCC_541\Debug\Cm0Start.o
 .debug_ranges  0x00000098       0x38 .\CortexM0\ARM_GCC_541\Debug\Lab5.a(LED_G.o)
 .debug_ranges  0x000000d0       0x38 .\CortexM0\ARM_GCC_541\Debug\Lab5.a(LED_R.o)
 .debug_ranges  0x00000108       0x38 .\CortexM0\ARM_GCC_541\Debug\Lab5.a(LED_B.o)
 .debug_ranges  0x00000140       0x40 .\CortexM0\ARM_GCC_541\Debug\Lab5.a(SW_Tx_UART.o)
 .debug_ranges  0x00000180       0x38 .\CortexM0\ARM_GCC_541\Debug\Lab5.a(C_1.o)
 .debug_ranges  0x000001b8       0x38 .\CortexM0\ARM_GCC_541\Debug\Lab5.a(C_2.o)
 .debug_ranges  0x000001f0       0x38 .\CortexM0\ARM_GCC_541\Debug\Lab5.a(C_3.o)
 .debug_ranges  0x00000228       0x38 .\CortexM0\ARM_GCC_541\Debug\Lab5.a(R_1.o)
 .debug_ranges  0x00000260       0x38 .\CortexM0\ARM_GCC_541\Debug\Lab5.a(R_2.o)
 .debug_ranges  0x00000298       0x38 .\CortexM0\ARM_GCC_541\Debug\Lab5.a(R_3.o)
 .debug_ranges  0x000002d0       0x38 .\CortexM0\ARM_GCC_541\Debug\Lab5.a(R_4.o)
 .debug_ranges  0x00000308       0x38 .\CortexM0\ARM_GCC_541\Debug\Lab5.a(Pin_Latch.o)
 .debug_ranges  0x00000340       0x38 .\CortexM0\ARM_GCC_541\Debug\Lab5.a(Pin_CLK.o)
 .debug_ranges  0x00000378       0x38 .\CortexM0\ARM_GCC_541\Debug\Lab5.a(Pin_DO.o)
 .debug_ranges  0x000003b0      0x170 .\CortexM0\ARM_GCC_541\Debug\Lab5.a(CyLib.o)
 .debug_ranges  0x00000520      0x128 .\CortexM0\ARM_GCC_541\Debug\Lab5.a(CyLFClk.o)

.comment        0x00000000       0x6e
 .comment       0x00000000       0x6e .\CortexM0\ARM_GCC_541\Debug\main.o
                                 0x6f (size before relaxing)
 .comment       0x0000006e       0x6f .\CortexM0\ARM_GCC_541\Debug\cyfitter_cfg.o
 .comment       0x0000006e       0x6f .\CortexM0\ARM_GCC_541\Debug\cymetadata.o
 .comment       0x0000006e       0x6f .\CortexM0\ARM_GCC_541\Debug\Cm0Start.o
 .comment       0x0000006e       0x6f .\CortexM0\ARM_GCC_541\Debug\Lab5.a(LED_G.o)
 .comment       0x0000006e       0x6f .\CortexM0\ARM_GCC_541\Debug\Lab5.a(LED_R.o)
 .comment       0x0000006e       0x6f .\CortexM0\ARM_GCC_541\Debug\Lab5.a(LED_B.o)
 .comment       0x0000006e       0x6f .\CortexM0\ARM_GCC_541\Debug\Lab5.a(SW_Tx_UART.o)
 .comment       0x0000006e       0x6f .\CortexM0\ARM_GCC_541\Debug\Lab5.a(C_1.o)
 .comment       0x0000006e       0x6f .\CortexM0\ARM_GCC_541\Debug\Lab5.a(C_2.o)
 .comment       0x0000006e       0x6f .\CortexM0\ARM_GCC_541\Debug\Lab5.a(C_3.o)
 .comment       0x0000006e       0x6f .\CortexM0\ARM_GCC_541\Debug\Lab5.a(R_1.o)
 .comment       0x0000006e       0x6f .\CortexM0\ARM_GCC_541\Debug\Lab5.a(R_2.o)
 .comment       0x0000006e       0x6f .\CortexM0\ARM_GCC_541\Debug\Lab5.a(R_3.o)
 .comment       0x0000006e       0x6f .\CortexM0\ARM_GCC_541\Debug\Lab5.a(R_4.o)
 .comment       0x0000006e       0x6f .\CortexM0\ARM_GCC_541\Debug\Lab5.a(Pin_Latch.o)
 .comment       0x0000006e       0x6f .\CortexM0\ARM_GCC_541\Debug\Lab5.a(Pin_CLK.o)
 .comment       0x0000006e       0x6f .\CortexM0\ARM_GCC_541\Debug\Lab5.a(Pin_DO.o)
 .comment       0x0000006e       0x6f .\CortexM0\ARM_GCC_541\Debug\Lab5.a(CyLib.o)
 .comment       0x0000006e       0x6f .\CortexM0\ARM_GCC_541\Debug\Lab5.a(CyLFClk.o)

.debug_weaknames
 *(.debug_weaknames)

.debug_funcnames
 *(.debug_funcnames)

.debug_typenames
 *(.debug_typenames)

.debug_varnames
 *(.debug_varnames)

.note.gnu.arm.ident
 *(.note.gnu.arm.ident)

.ARM.attributes
                0x00000000       0x28
 *(.ARM.attributes)
 .ARM.attributes
                0x00000000       0x1e c:/psoc creator/4.4/psoc creator/import/gnu/arm/5.4.1/bin/../lib/gcc/arm-none-eabi/5.4.1/armv6-m/crti.o
 .ARM.attributes
                0x0000001e       0x2c c:/psoc creator/4.4/psoc creator/import/gnu/arm/5.4.1/bin/../lib/gcc/arm-none-eabi/5.4.1/armv6-m/crtbegin.o
 .ARM.attributes
                0x0000004a       0x1b c:/psoc creator/4.4/psoc creator/import/gnu/arm/5.4.1/bin/../lib/gcc/arm-none-eabi/5.4.1/../../../../arm-none-eabi/lib/armv6-m/crt0.o
 .ARM.attributes
                0x00000065       0x31 .\CortexM0\ARM_GCC_541\Debug\main.o
 .ARM.attributes
                0x00000096       0x31 .\CortexM0\ARM_GCC_541\Debug\cyfitter_cfg.o
 .ARM.attributes
                0x000000c7       0x31 .\CortexM0\ARM_GCC_541\Debug\cymetadata.o
 .ARM.attributes
                0x000000f8       0x31 .\CortexM0\ARM_GCC_541\Debug\Cm0Start.o
 .ARM.attributes
                0x00000129       0x31 .\CortexM0\ARM_GCC_541\Debug\Lab5.a(LED_G.o)
 .ARM.attributes
                0x0000015a       0x31 .\CortexM0\ARM_GCC_541\Debug\Lab5.a(LED_R.o)
 .ARM.attributes
                0x0000018b       0x31 .\CortexM0\ARM_GCC_541\Debug\Lab5.a(LED_B.o)
 .ARM.attributes
                0x000001bc       0x31 .\CortexM0\ARM_GCC_541\Debug\Lab5.a(SW_Tx_UART.o)
 .ARM.attributes
                0x000001ed       0x31 .\CortexM0\ARM_GCC_541\Debug\Lab5.a(C_1.o)
 .ARM.attributes
                0x0000021e       0x31 .\CortexM0\ARM_GCC_541\Debug\Lab5.a(C_2.o)
 .ARM.attributes
                0x0000024f       0x31 .\CortexM0\ARM_GCC_541\Debug\Lab5.a(C_3.o)
 .ARM.attributes
                0x00000280       0x31 .\CortexM0\ARM_GCC_541\Debug\Lab5.a(R_1.o)
 .ARM.attributes
                0x000002b1       0x31 .\CortexM0\ARM_GCC_541\Debug\Lab5.a(R_2.o)
 .ARM.attributes
                0x000002e2       0x31 .\CortexM0\ARM_GCC_541\Debug\Lab5.a(R_3.o)
 .ARM.attributes
                0x00000313       0x31 .\CortexM0\ARM_GCC_541\Debug\Lab5.a(R_4.o)
 .ARM.attributes
                0x00000344       0x31 .\CortexM0\ARM_GCC_541\Debug\Lab5.a(Pin_Latch.o)
 .ARM.attributes
                0x00000375       0x31 .\CortexM0\ARM_GCC_541\Debug\Lab5.a(Pin_CLK.o)
 .ARM.attributes
                0x000003a6       0x31 .\CortexM0\ARM_GCC_541\Debug\Lab5.a(Pin_DO.o)
 .ARM.attributes
                0x000003d7       0x31 .\CortexM0\ARM_GCC_541\Debug\Lab5.a(CyLib.o)
 .ARM.attributes
                0x00000408       0x31 .\CortexM0\ARM_GCC_541\Debug\Lab5.a(CyLFClk.o)
 .ARM.attributes
                0x00000439       0x21 .\CortexM0\ARM_GCC_541\Debug\Lab5.a(SW_Tx_UART_AsmGnu.o)
 .ARM.attributes
                0x0000045a       0x21 .\CortexM0\ARM_GCC_541\Debug\Lab5.a(CyBootAsmGnu.o)
 .ARM.attributes
                0x0000047b       0x1e c:/psoc creator/4.4/psoc creator/import/gnu/arm/5.4.1/bin/../lib/gcc/arm-none-eabi/5.4.1/armv6-m\libgcc.a(_udivsi3.o)
 .ARM.attributes
                0x00000499       0x1e c:/psoc creator/4.4/psoc creator/import/gnu/arm/5.4.1/bin/../lib/gcc/arm-none-eabi/5.4.1/armv6-m\libgcc.a(_dvmd_tls.o)
 .ARM.attributes
                0x000004b7       0x2c c:/psoc creator/4.4/psoc creator/import/gnu/arm/5.4.1/bin/../lib/gcc/arm-none-eabi/5.4.1/../../../../arm-none-eabi/lib/armv6-m\libg_nano.a(lib_a-errno.o)
 .ARM.attributes
                0x000004e3       0x2c c:/psoc creator/4.4/psoc creator/import/gnu/arm/5.4.1/bin/../lib/gcc/arm-none-eabi/5.4.1/../../../../arm-none-eabi/lib/armv6-m\libg_nano.a(lib_a-exit.o)
 .ARM.attributes
                0x0000050f       0x2c c:/psoc creator/4.4/psoc creator/import/gnu/arm/5.4.1/bin/../lib/gcc/arm-none-eabi/5.4.1/../../../../arm-none-eabi/lib/armv6-m\libg_nano.a(lib_a-impure.o)
 .ARM.attributes
                0x0000053b       0x2c c:/psoc creator/4.4/psoc creator/import/gnu/arm/5.4.1/bin/../lib/gcc/arm-none-eabi/5.4.1/../../../../arm-none-eabi/lib/armv6-m\libg_nano.a(lib_a-init.o)
 .ARM.attributes
                0x00000567       0x2c c:/psoc creator/4.4/psoc creator/import/gnu/arm/5.4.1/bin/../lib/gcc/arm-none-eabi/5.4.1/../../../../arm-none-eabi/lib/armv6-m\libg_nano.a(lib_a-memset.o)
 .ARM.attributes
                0x00000593       0x2c c:/psoc creator/4.4/psoc creator/import/gnu/arm/5.4.1/bin/../lib/gcc/arm-none-eabi/5.4.1/../../../../arm-none-eabi/lib/armv6-m\libg_nano.a(lib_a-strncmp.o)
 .ARM.attributes
                0x000005bf       0x2c c:/psoc creator/4.4/psoc creator/import/gnu/arm/5.4.1/bin/../lib/gcc/arm-none-eabi/5.4.1/armv6-m/crtend.o
 .ARM.attributes
                0x000005eb       0x1e c:/psoc creator/4.4/psoc creator/import/gnu/arm/5.4.1/bin/../lib/gcc/arm-none-eabi/5.4.1/armv6-m/crtn.o

/DISCARD/
 *(.note.GNU-stack)
OUTPUT(C:\PSoC Creator\Lab5\Lab5.cydsn\CortexM0\ARM_GCC_541\Debug\Lab5.elf elf32-littlearm)
