ARM GAS  C:\Users\User\AppData\Local\Temp\ccyn2Mpe.s 			page 1


   1              		.syntax unified
   2              		.cpu cortex-m0
   3              		.fpu softvfp
   4              		.eabi_attribute 20, 1
   5              		.eabi_attribute 21, 1
   6              		.eabi_attribute 23, 3
   7              		.eabi_attribute 24, 1
   8              		.eabi_attribute 25, 1
   9              		.eabi_attribute 26, 1
  10              		.eabi_attribute 30, 1
  11              		.eabi_attribute 34, 0
  12              		.eabi_attribute 18, 4
  13              		.thumb
  14              		.syntax unified
  15              		.file	"main.c"
  16              		.text
  17              	.Ltext0:
  18              		.cfi_sections	.debug_frame
  19              		.section	.text.SetLED,"ax",%progbits
  20              		.align	2
  21              		.global	SetLED
  22              		.code	16
  23              		.thumb_func
  24              		.type	SetLED, %function
  25              	SetLED:
  26              	.LFB32:
  27              		.file 1 "main.c"
   1:main.c        **** #include "project.h"
   2:main.c        **** #include <string.h>
   3:main.c        **** 
   4:main.c        **** void SetLED(uint8_t r, uint8_t g, uint8_t b) {
  28              		.loc 1 4 0
  29              		.cfi_startproc
  30              		@ args = 0, pretend = 0, frame = 0
  31              		@ frame_needed = 0, uses_anonymous_args = 0
  32              	.LVL0:
  33 0000 70B5     		push	{r4, r5, r6, lr}
  34              		.cfi_def_cfa_offset 16
  35              		.cfi_offset 4, -16
  36              		.cfi_offset 5, -12
  37              		.cfi_offset 6, -8
  38              		.cfi_offset 14, -4
  39 0002 0D00     		movs	r5, r1
  40 0004 1400     		movs	r4, r2
   5:main.c        ****     LED_R_Write(r);
  41              		.loc 1 5 0
  42 0006 FFF7FEFF 		bl	LED_R_Write
  43              	.LVL1:
   6:main.c        ****     LED_G_Write(g);
  44              		.loc 1 6 0
  45 000a 2800     		movs	r0, r5
  46 000c FFF7FEFF 		bl	LED_G_Write
  47              	.LVL2:
   7:main.c        ****     LED_B_Write(b);
  48              		.loc 1 7 0
  49 0010 2000     		movs	r0, r4
  50 0012 FFF7FEFF 		bl	LED_B_Write
ARM GAS  C:\Users\User\AppData\Local\Temp\ccyn2Mpe.s 			page 2


  51              	.LVL3:
   8:main.c        **** }
  52              		.loc 1 8 0
  53              		@ sp needed
  54 0016 70BD     		pop	{r4, r5, r6, pc}
  55              		.cfi_endproc
  56              	.LFE32:
  57              		.size	SetLED, .-SetLED
  58              		.section	.text.ScanKeypad,"ax",%progbits
  59              		.align	2
  60              		.global	ScanKeypad
  61              		.code	16
  62              		.thumb_func
  63              		.type	ScanKeypad, %function
  64              	ScanKeypad:
  65              	.LFB33:
   9:main.c        **** char ScanKeypad(void) {
  66              		.loc 1 9 0
  67              		.cfi_startproc
  68              		@ args = 0, pretend = 0, frame = 0
  69              		@ frame_needed = 0, uses_anonymous_args = 0
  70 0000 10B5     		push	{r4, lr}
  71              		.cfi_def_cfa_offset 8
  72              		.cfi_offset 4, -8
  73              		.cfi_offset 14, -4
  74              	.LVL4:
  10:main.c        ****     char key = 0;
  11:main.c        **** 
  12:main.c        ****     C_1_Write(0); C_2_Write(1); C_3_Write(1);
  75              		.loc 1 12 0
  76 0002 0020     		movs	r0, #0
  77 0004 FFF7FEFF 		bl	C_1_Write
  78              	.LVL5:
  79 0008 0120     		movs	r0, #1
  80 000a FFF7FEFF 		bl	C_2_Write
  81              	.LVL6:
  82 000e 0120     		movs	r0, #1
  83 0010 FFF7FEFF 		bl	C_3_Write
  84              	.LVL7:
  13:main.c        ****     CyDelayUs(10);
  85              		.loc 1 13 0
  86 0014 0A20     		movs	r0, #10
  87 0016 FFF7FEFF 		bl	CyDelayUs
  88              	.LVL8:
  14:main.c        ****     if (R_1_Read() == 0) key = '1';
  89              		.loc 1 14 0
  90 001a FFF7FEFF 		bl	R_1_Read
  91              	.LVL9:
  92 001e 0028     		cmp	r0, #0
  93 0020 01D0     		beq	.L15
  10:main.c        ****     char key = 0;
  94              		.loc 1 10 0
  95 0022 0024     		movs	r4, #0
  96 0024 00E0     		b	.L3
  97              	.L15:
  98              		.loc 1 14 0
  99 0026 3124     		movs	r4, #49
ARM GAS  C:\Users\User\AppData\Local\Temp\ccyn2Mpe.s 			page 3


 100              	.L3:
 101              	.LVL10:
  15:main.c        ****     if (R_2_Read() == 0) key = '4';
 102              		.loc 1 15 0
 103 0028 FFF7FEFF 		bl	R_2_Read
 104              	.LVL11:
 105 002c 0028     		cmp	r0, #0
 106 002e 00D1     		bne	.L4
 107 0030 3424     		movs	r4, #52
 108              	.LVL12:
 109              	.L4:
  16:main.c        ****     if (R_3_Read() == 0) key = '7';
 110              		.loc 1 16 0
 111 0032 FFF7FEFF 		bl	R_3_Read
 112              	.LVL13:
 113 0036 0028     		cmp	r0, #0
 114 0038 00D1     		bne	.L5
 115 003a 3724     		movs	r4, #55
 116              	.LVL14:
 117              	.L5:
  17:main.c        ****     if (R_4_Read() == 0) key = '*';
 118              		.loc 1 17 0
 119 003c FFF7FEFF 		bl	R_4_Read
 120              	.LVL15:
 121 0040 0028     		cmp	r0, #0
 122 0042 00D1     		bne	.L6
 123 0044 2A24     		movs	r4, #42
 124              	.LVL16:
 125              	.L6:
  18:main.c        **** 
  19:main.c        ****     C_1_Write(1); C_2_Write(0); C_3_Write(1);
 126              		.loc 1 19 0
 127 0046 0120     		movs	r0, #1
 128 0048 FFF7FEFF 		bl	C_1_Write
 129              	.LVL17:
 130 004c 0020     		movs	r0, #0
 131 004e FFF7FEFF 		bl	C_2_Write
 132              	.LVL18:
 133 0052 0120     		movs	r0, #1
 134 0054 FFF7FEFF 		bl	C_3_Write
 135              	.LVL19:
  20:main.c        ****     CyDelayUs(10);
 136              		.loc 1 20 0
 137 0058 0A20     		movs	r0, #10
 138 005a FFF7FEFF 		bl	CyDelayUs
 139              	.LVL20:
  21:main.c        ****     if (R_1_Read() == 0) key = '2';
 140              		.loc 1 21 0
 141 005e FFF7FEFF 		bl	R_1_Read
 142              	.LVL21:
 143 0062 0028     		cmp	r0, #0
 144 0064 00D1     		bne	.L7
 145 0066 3224     		movs	r4, #50
 146              	.LVL22:
 147              	.L7:
  22:main.c        ****     if (R_2_Read() == 0) key = '5';
 148              		.loc 1 22 0
ARM GAS  C:\Users\User\AppData\Local\Temp\ccyn2Mpe.s 			page 4


 149 0068 FFF7FEFF 		bl	R_2_Read
 150              	.LVL23:
 151 006c 0028     		cmp	r0, #0
 152 006e 00D1     		bne	.L8
 153 0070 3524     		movs	r4, #53
 154              	.LVL24:
 155              	.L8:
  23:main.c        ****     if (R_3_Read() == 0) key = '8';
 156              		.loc 1 23 0
 157 0072 FFF7FEFF 		bl	R_3_Read
 158              	.LVL25:
 159 0076 0028     		cmp	r0, #0
 160 0078 00D1     		bne	.L9
 161 007a 3824     		movs	r4, #56
 162              	.LVL26:
 163              	.L9:
  24:main.c        ****     if (R_4_Read() == 0) key = '0';
 164              		.loc 1 24 0
 165 007c FFF7FEFF 		bl	R_4_Read
 166              	.LVL27:
 167 0080 0028     		cmp	r0, #0
 168 0082 00D1     		bne	.L10
 169 0084 3024     		movs	r4, #48
 170              	.LVL28:
 171              	.L10:
  25:main.c        **** 
  26:main.c        ****     C_1_Write(1); C_2_Write(1); C_3_Write(0);
 172              		.loc 1 26 0
 173 0086 0120     		movs	r0, #1
 174 0088 FFF7FEFF 		bl	C_1_Write
 175              	.LVL29:
 176 008c 0120     		movs	r0, #1
 177 008e FFF7FEFF 		bl	C_2_Write
 178              	.LVL30:
 179 0092 0020     		movs	r0, #0
 180 0094 FFF7FEFF 		bl	C_3_Write
 181              	.LVL31:
  27:main.c        ****     CyDelayUs(10);
 182              		.loc 1 27 0
 183 0098 0A20     		movs	r0, #10
 184 009a FFF7FEFF 		bl	CyDelayUs
 185              	.LVL32:
  28:main.c        ****     if (R_1_Read() == 0) key = '3';
 186              		.loc 1 28 0
 187 009e FFF7FEFF 		bl	R_1_Read
 188              	.LVL33:
 189 00a2 0028     		cmp	r0, #0
 190 00a4 00D1     		bne	.L11
 191 00a6 3324     		movs	r4, #51
 192              	.LVL34:
 193              	.L11:
  29:main.c        ****     if (R_2_Read() == 0) key = '6';
 194              		.loc 1 29 0
 195 00a8 FFF7FEFF 		bl	R_2_Read
 196              	.LVL35:
 197 00ac 0028     		cmp	r0, #0
 198 00ae 00D1     		bne	.L12
ARM GAS  C:\Users\User\AppData\Local\Temp\ccyn2Mpe.s 			page 5


 199 00b0 3624     		movs	r4, #54
 200              	.LVL36:
 201              	.L12:
  30:main.c        ****     if (R_3_Read() == 0) key = '9';
 202              		.loc 1 30 0
 203 00b2 FFF7FEFF 		bl	R_3_Read
 204              	.LVL37:
 205 00b6 0028     		cmp	r0, #0
 206 00b8 00D1     		bne	.L13
 207 00ba 3924     		movs	r4, #57
 208              	.LVL38:
 209              	.L13:
  31:main.c        ****     if (R_4_Read() == 0) key = '#';
 210              		.loc 1 31 0
 211 00bc FFF7FEFF 		bl	R_4_Read
 212              	.LVL39:
 213 00c0 0028     		cmp	r0, #0
 214 00c2 00D1     		bne	.L14
 215 00c4 2324     		movs	r4, #35
 216              	.LVL40:
 217              	.L14:
  32:main.c        **** 
  33:main.c        **** 
  34:main.c        ****     C_1_Write(1); C_2_Write(1); C_3_Write(1);
 218              		.loc 1 34 0
 219 00c6 0120     		movs	r0, #1
 220 00c8 FFF7FEFF 		bl	C_1_Write
 221              	.LVL41:
 222 00cc 0120     		movs	r0, #1
 223 00ce FFF7FEFF 		bl	C_2_Write
 224              	.LVL42:
 225 00d2 0120     		movs	r0, #1
 226 00d4 FFF7FEFF 		bl	C_3_Write
 227              	.LVL43:
  35:main.c        **** 
  36:main.c        ****     return key;
  37:main.c        **** }
 228              		.loc 1 37 0
 229 00d8 2000     		movs	r0, r4
 230              		@ sp needed
 231              	.LVL44:
 232 00da 10BD     		pop	{r4, pc}
 233              		.cfi_endproc
 234              	.LFE33:
 235              		.size	ScanKeypad, .-ScanKeypad
 236              		.section	.text.main,"ax",%progbits
 237              		.align	2
 238              		.global	main
 239              		.code	16
 240              		.thumb_func
 241              		.type	main, %function
 242              	main:
 243              	.LFB34:
  38:main.c        **** int main(void) {
 244              		.loc 1 38 0
 245              		.cfi_startproc
 246              		@ args = 0, pretend = 0, frame = 16
ARM GAS  C:\Users\User\AppData\Local\Temp\ccyn2Mpe.s 			page 6


 247              		@ frame_needed = 0, uses_anonymous_args = 0
 248 0000 F0B5     		push	{r4, r5, r6, r7, lr}
 249              		.cfi_def_cfa_offset 20
 250              		.cfi_offset 4, -20
 251              		.cfi_offset 5, -16
 252              		.cfi_offset 6, -12
 253              		.cfi_offset 7, -8
 254              		.cfi_offset 14, -4
 255 0002 4746     		mov	r7, r8
 256 0004 80B4     		push	{r7}
 257              		.cfi_def_cfa_offset 24
 258              		.cfi_offset 8, -24
 259 0006 84B0     		sub	sp, sp, #16
 260              		.cfi_def_cfa_offset 40
  39:main.c        ****     CyGlobalIntEnable; /* Enable global interrupts. */
 261              		.loc 1 39 0
 262              		.syntax divided
 263              	@ 39 "main.c" 1
 264 0008 62B6     		CPSIE   i
 265              	@ 0 "" 2
  40:main.c        **** 
  41:main.c        ****     SW_Tx_UART_Start();
 266              		.loc 1 41 0
 267              		.thumb
 268              		.syntax unified
 269 000a FFF7FEFF 		bl	SW_Tx_UART_Start
 270              	.LVL45:
  42:main.c        ****     SW_Tx_UART_PutString("\r\n--- Keypad Lab Started ---\r\n");
 271              		.loc 1 42 0
 272 000e 4548     		ldr	r0, .L42
 273 0010 FFF7FEFF 		bl	SW_Tx_UART_PutString
 274              	.LVL46:
  43:main.c        **** 
  44:main.c        ****     char key = 0;
  45:main.c        ****     char last_key = 0;
  46:main.c        ****     uint8_t is_started = 0; 
  47:main.c        **** 
  48:main.c        ****     char password[] = "5587"; 
 275              		.loc 1 48 0
 276 0014 444B     		ldr	r3, .L42+4
 277 0016 1A68     		ldr	r2, [r3]
 278 0018 0292     		str	r2, [sp, #8]
 279 001a 1A79     		ldrb	r2, [r3, #4]
 280 001c 02AB     		add	r3, sp, #8
 281 001e 1A71     		strb	r2, [r3, #4]
  49:main.c        ****     char input_buf[5] = {0};  
 282              		.loc 1 49 0
 283 0020 0522     		movs	r2, #5
 284 0022 0021     		movs	r1, #0
 285 0024 6846     		mov	r0, sp
 286 0026 FFF7FEFF 		bl	memset
 287              	.LVL47:
  50:main.c        ****     uint8_t input_idx = 0;
 288              		.loc 1 50 0
 289 002a 0027     		movs	r7, #0
  46:main.c        **** 
 290              		.loc 1 46 0
ARM GAS  C:\Users\User\AppData\Local\Temp\ccyn2Mpe.s 			page 7


 291 002c 0023     		movs	r3, #0
 292 002e 9846     		mov	r8, r3
  45:main.c        ****     uint8_t is_started = 0; 
 293              		.loc 1 45 0
 294 0030 0025     		movs	r5, #0
 295              	.LVL48:
 296              	.L41:
  51:main.c        **** 
  52:main.c        ****     for(;;) {
  53:main.c        ****         key = ScanKeypad();
 297              		.loc 1 53 0
 298 0032 FFF7FEFF 		bl	ScanKeypad
 299              	.LVL49:
 300 0036 0400     		movs	r4, r0
 301 0038 061E     		subs	r6, r0, #0
 302              	.LVL50:
  54:main.c        **** 
  55:main.c        ****         //Завдання 1: Логіка світіння та відпускання 
  56:main.c        ****         if (key == 0) {
 303              		.loc 1 56 0
 304 003a 0ED1     		bne	.L28
  57:main.c        ****            
  58:main.c        ****             if (is_started == 0) {
 305              		.loc 1 58 0
 306 003c 4346     		mov	r3, r8
 307 003e 002B     		cmp	r3, #0
 308 0040 05D1     		bne	.L29
  59:main.c        ****                 SetLED(0, 0, 0); 
 309              		.loc 1 59 0
 310 0042 0022     		movs	r2, #0
 311 0044 0021     		movs	r1, #0
 312 0046 0020     		movs	r0, #0
 313              	.LVL51:
 314 0048 FFF7FEFF 		bl	SetLED
 315              	.LVL52:
 316 004c 45E0     		b	.L30
 317              	.LVL53:
 318              	.L29:
  60:main.c        ****             } else {
  61:main.c        ****                 SetLED(1, 1, 1); 
 319              		.loc 1 61 0
 320 004e 0122     		movs	r2, #1
 321 0050 0121     		movs	r1, #1
 322 0052 0120     		movs	r0, #1
 323              	.LVL54:
 324 0054 FFF7FEFF 		bl	SetLED
 325              	.LVL55:
 326 0058 3FE0     		b	.L30
 327              	.LVL56:
 328              	.L28:
  62:main.c        ****             }
  63:main.c        ****         } 
  64:main.c        ****         else {
  65:main.c        ****             is_started = 1; 
  66:main.c        **** 
  67:main.c        ****             //Завдання 2: Використання switch(case) для кольорів 
  68:main.c        ****             switch(key) {
ARM GAS  C:\Users\User\AppData\Local\Temp\ccyn2Mpe.s 			page 8


 329              		.loc 1 68 0
 330 005a 0300     		movs	r3, r0
 331 005c 233B     		subs	r3, r3, #35
 332 005e DAB2     		uxtb	r2, r3
 333 0060 162A     		cmp	r2, #22
 334 0062 33D8     		bhi	.L31
 335 0064 9300     		lsls	r3, r2, #2
 336 0066 314A     		ldr	r2, .L42+8
 337 0068 D358     		ldr	r3, [r2, r3]
 338 006a 9F46     		mov	pc, r3
 339              		.section	.rodata
 340              		.align	2
 341              	.L33:
 342 0000 BC000000 		.word	.L32
 343 0004 CC000000 		.word	.L31
 344 0008 CC000000 		.word	.L31
 345 000c CC000000 		.word	.L31
 346 0010 CC000000 		.word	.L31
 347 0014 CC000000 		.word	.L31
 348 0018 CC000000 		.word	.L31
 349 001c 9C000000 		.word	.L34
 350 0020 CC000000 		.word	.L31
 351 0024 CC000000 		.word	.L31
 352 0028 CC000000 		.word	.L31
 353 002c CC000000 		.word	.L31
 354 0030 CC000000 		.word	.L31
 355 0034 AC000000 		.word	.L35
 356 0038 6C000000 		.word	.L36
 357 003c 7C000000 		.word	.L37
 358 0040 8C000000 		.word	.L38
 359 0044 9C000000 		.word	.L34
 360 0048 AC000000 		.word	.L35
 361 004c BC000000 		.word	.L32
 362 0050 6C000000 		.word	.L36
 363 0054 7C000000 		.word	.L37
 364 0058 8C000000 		.word	.L38
 365              		.section	.text.main
 366              	.L36:
  69:main.c        ****                 case '1': case '7': SetLED(0, 1, 1); break; 
 367              		.loc 1 69 0
 368 006c 0122     		movs	r2, #1
 369 006e 0121     		movs	r1, #1
 370 0070 0020     		movs	r0, #0
 371              	.LVL57:
 372 0072 FFF7FEFF 		bl	SetLED
 373              	.LVL58:
  65:main.c        **** 
 374              		.loc 1 65 0
 375 0076 0123     		movs	r3, #1
 376 0078 9846     		mov	r8, r3
 377              		.loc 1 69 0
 378 007a 2EE0     		b	.L30
 379              	.LVL59:
 380              	.L37:
  70:main.c        ****                 case '2': case '8': SetLED(1, 0, 1); break; 
 381              		.loc 1 70 0
 382 007c 0122     		movs	r2, #1
ARM GAS  C:\Users\User\AppData\Local\Temp\ccyn2Mpe.s 			page 9


 383 007e 0021     		movs	r1, #0
 384 0080 0120     		movs	r0, #1
 385              	.LVL60:
 386 0082 FFF7FEFF 		bl	SetLED
 387              	.LVL61:
  65:main.c        **** 
 388              		.loc 1 65 0
 389 0086 0123     		movs	r3, #1
 390 0088 9846     		mov	r8, r3
 391              		.loc 1 70 0
 392 008a 26E0     		b	.L30
 393              	.LVL62:
 394              	.L38:
  71:main.c        ****                 case '3': case '9': SetLED(1, 1, 0); break; 
 395              		.loc 1 71 0
 396 008c 0022     		movs	r2, #0
 397 008e 0121     		movs	r1, #1
 398 0090 0120     		movs	r0, #1
 399              	.LVL63:
 400 0092 FFF7FEFF 		bl	SetLED
 401              	.LVL64:
  65:main.c        **** 
 402              		.loc 1 65 0
 403 0096 0123     		movs	r3, #1
 404 0098 9846     		mov	r8, r3
 405              		.loc 1 71 0
 406 009a 1EE0     		b	.L30
 407              	.LVL65:
 408              	.L34:
  72:main.c        ****                 case '4': case '*': SetLED(0, 0, 1); break; 
 409              		.loc 1 72 0
 410 009c 0122     		movs	r2, #1
 411 009e 0021     		movs	r1, #0
 412 00a0 0020     		movs	r0, #0
 413              	.LVL66:
 414 00a2 FFF7FEFF 		bl	SetLED
 415              	.LVL67:
  65:main.c        **** 
 416              		.loc 1 65 0
 417 00a6 0123     		movs	r3, #1
 418 00a8 9846     		mov	r8, r3
 419              		.loc 1 72 0
 420 00aa 16E0     		b	.L30
 421              	.LVL68:
 422              	.L35:
  73:main.c        ****                 case '5': case '0': SetLED(0, 1, 0); break; 
 423              		.loc 1 73 0
 424 00ac 0022     		movs	r2, #0
 425 00ae 0121     		movs	r1, #1
 426 00b0 0020     		movs	r0, #0
 427              	.LVL69:
 428 00b2 FFF7FEFF 		bl	SetLED
 429              	.LVL70:
  65:main.c        **** 
 430              		.loc 1 65 0
 431 00b6 0123     		movs	r3, #1
 432 00b8 9846     		mov	r8, r3
ARM GAS  C:\Users\User\AppData\Local\Temp\ccyn2Mpe.s 			page 10


 433              		.loc 1 73 0
 434 00ba 0EE0     		b	.L30
 435              	.LVL71:
 436              	.L32:
  74:main.c        ****                 case '6': case '#': SetLED(1, 0, 0); break; 
 437              		.loc 1 74 0
 438 00bc 0022     		movs	r2, #0
 439 00be 0021     		movs	r1, #0
 440 00c0 0120     		movs	r0, #1
 441              	.LVL72:
 442 00c2 FFF7FEFF 		bl	SetLED
 443              	.LVL73:
  65:main.c        **** 
 444              		.loc 1 65 0
 445 00c6 0123     		movs	r3, #1
 446 00c8 9846     		mov	r8, r3
 447              		.loc 1 74 0
 448 00ca 06E0     		b	.L30
 449              	.LVL74:
 450              	.L31:
  75:main.c        ****                 default:            SetLED(1, 1, 1); break; 
 451              		.loc 1 75 0
 452 00cc 0122     		movs	r2, #1
 453 00ce 0121     		movs	r1, #1
 454 00d0 0120     		movs	r0, #1
 455              	.LVL75:
 456 00d2 FFF7FEFF 		bl	SetLED
 457              	.LVL76:
  65:main.c        **** 
 458              		.loc 1 65 0
 459 00d6 0123     		movs	r3, #1
 460 00d8 9846     		mov	r8, r3
 461              	.LVL77:
 462              	.L30:
  76:main.c        ****             }
  77:main.c        ****         }
  78:main.c        **** 
  79:main.c        ****         //Завдання 3: Логіка введення пароля
  80:main.c        **** 
  81:main.c        ****         if (key != 0 && last_key == 0) {
 463              		.loc 1 81 0
 464 00da 002E     		cmp	r6, #0
 465 00dc 1CD0     		beq	.L39
 466              		.loc 1 81 0 is_stmt 0 discriminator 1
 467 00de 002D     		cmp	r5, #0
 468 00e0 1AD1     		bne	.L39
  82:main.c        ****             input_buf[input_idx] = key;
 469              		.loc 1 82 0 is_stmt 1
 470 00e2 6B46     		mov	r3, sp
 471 00e4 DC55     		strb	r4, [r3, r7]
  83:main.c        ****             input_idx++;
 472              		.loc 1 83 0
 473 00e6 0137     		adds	r7, r7, #1
 474              	.LVL78:
 475 00e8 FFB2     		uxtb	r7, r7
 476              	.LVL79:
  84:main.c        ****             
ARM GAS  C:\Users\User\AppData\Local\Temp\ccyn2Mpe.s 			page 11


  85:main.c        ****             SW_Tx_UART_PutChar(key); 
 477              		.loc 1 85 0
 478 00ea 2000     		movs	r0, r4
 479 00ec FFF7FEFF 		bl	SW_Tx_UART_PutChar
 480              	.LVL80:
  86:main.c        **** 
  87:main.c        ****             if (input_idx >= 4) {
 481              		.loc 1 87 0
 482 00f0 032F     		cmp	r7, #3
 483 00f2 11D9     		bls	.L39
  88:main.c        ****                 input_buf[4] = '\0'; 
 484              		.loc 1 88 0
 485 00f4 0023     		movs	r3, #0
 486 00f6 6A46     		mov	r2, sp
 487 00f8 1371     		strb	r3, [r2, #4]
  89:main.c        ****                 
  90:main.c        ****                 if (strcmp(input_buf, password) == 0) {
 488              		.loc 1 90 0
 489 00fa 02A9     		add	r1, sp, #8
 490 00fc 6846     		mov	r0, sp
 491 00fe FFF7FEFF 		bl	strcmp
 492              	.LVL81:
 493 0102 0028     		cmp	r0, #0
 494 0104 04D1     		bne	.L40
  91:main.c        ****                     SW_Tx_UART_PutString("\r\n >> PASSWORD CORRECT! ACCESS GRANTED.\r\n");
 495              		.loc 1 91 0
 496 0106 0A48     		ldr	r0, .L42+12
 497 0108 FFF7FEFF 		bl	SW_Tx_UART_PutString
 498              	.LVL82:
  92:main.c        ****                 } else {
  93:main.c        ****                     SW_Tx_UART_PutString("\r\n >> WRONG PASSWORD!\r\n");
  94:main.c        ****                 }
  95:main.c        ****                 
  96:main.c        ****                 input_idx = 0; 
 499              		.loc 1 96 0
 500 010c 0027     		movs	r7, #0
 501              	.LVL83:
 502 010e 03E0     		b	.L39
 503              	.LVL84:
 504              	.L40:
  93:main.c        ****                 }
 505              		.loc 1 93 0
 506 0110 0848     		ldr	r0, .L42+16
 507 0112 FFF7FEFF 		bl	SW_Tx_UART_PutString
 508              	.LVL85:
 509              		.loc 1 96 0
 510 0116 0027     		movs	r7, #0
 511              	.LVL86:
 512              	.L39:
  97:main.c        ****             }
  98:main.c        ****         }
  99:main.c        ****         last_key = key; 
 100:main.c        ****         CyDelay(20);    
 513              		.loc 1 100 0
 514 0118 1420     		movs	r0, #20
 515 011a FFF7FEFF 		bl	CyDelay
 516              	.LVL87:
ARM GAS  C:\Users\User\AppData\Local\Temp\ccyn2Mpe.s 			page 12


  99:main.c        ****         CyDelay(20);    
 517              		.loc 1 99 0
 518 011e 2500     		movs	r5, r4
 101:main.c        ****     }
 519              		.loc 1 101 0
 520 0120 87E7     		b	.L41
 521              	.L43:
 522 0122 C046     		.align	2
 523              	.L42:
 524 0124 00000000 		.word	.LC0
 525 0128 64000000 		.word	.LC2
 526 012c 00000000 		.word	.L33
 527 0130 20000000 		.word	.LC5
 528 0134 4C000000 		.word	.LC7
 529              		.cfi_endproc
 530              	.LFE34:
 531              		.size	main, .-main
 532              		.section	.rodata.str1.4,"aMS",%progbits,1
 533              		.align	2
 534              	.LC0:
 535 0000 0D0A2D2D 		.ascii	"\015\012--- Keypad Lab Started ---\015\012\000"
 535      2D204B65 
 535      79706164 
 535      204C6162 
 535      20537461 
 536 001f 00       		.space	1
 537              	.LC5:
 538 0020 0D0A203E 		.ascii	"\015\012 >> PASSWORD CORRECT! ACCESS GRANTED.\015\012"
 538      3E205041 
 538      5353574F 
 538      52442043 
 538      4F525245 
 539 0049 00       		.ascii	"\000"
 540 004a 0000     		.space	2
 541              	.LC7:
 542 004c 0D0A203E 		.ascii	"\015\012 >> WRONG PASSWORD!\015\012\000"
 542      3E205752 
 542      4F4E4720 
 542      50415353 
 542      574F5244 
 543              	.LC2:
 544 0064 35353837 		.ascii	"5587\000"
 544      00
 545              		.text
 546              	.Letext0:
 547              		.file 2 "c:\\psoc creator\\4.4\\psoc creator\\import\\gnu\\arm\\5.4.1\\arm-none-eabi\\include\\mac
 548              		.file 3 "c:\\psoc creator\\4.4\\psoc creator\\import\\gnu\\arm\\5.4.1\\arm-none-eabi\\include\\sys
 549              		.file 4 "Generated_Source\\PSoC4/LED_R.h"
 550              		.file 5 "Generated_Source\\PSoC4/LED_G.h"
 551              		.file 6 "Generated_Source\\PSoC4/LED_B.h"
 552              		.file 7 "Generated_Source\\PSoC4/C_1.h"
 553              		.file 8 "Generated_Source\\PSoC4/C_2.h"
 554              		.file 9 "Generated_Source\\PSoC4/C_3.h"
 555              		.file 10 "Generated_Source\\PSoC4/CyLib.h"
 556              		.file 11 "Generated_Source\\PSoC4/R_1.h"
 557              		.file 12 "Generated_Source\\PSoC4/R_2.h"
 558              		.file 13 "Generated_Source\\PSoC4/R_3.h"
ARM GAS  C:\Users\User\AppData\Local\Temp\ccyn2Mpe.s 			page 13


 559              		.file 14 "Generated_Source\\PSoC4/R_4.h"
 560              		.file 15 "Generated_Source\\PSoC4/SW_Tx_UART.h"
 561              		.file 16 "c:\\psoc creator\\4.4\\psoc creator\\import\\gnu\\arm\\5.4.1\\arm-none-eabi\\include\\st
 562              		.section	.debug_info,"",%progbits
 563              	.Ldebug_info0:
 564 0000 AB050000 		.4byte	0x5ab
 565 0004 0400     		.2byte	0x4
 566 0006 00000000 		.4byte	.Ldebug_abbrev0
 567 000a 04       		.byte	0x4
 568 000b 01       		.uleb128 0x1
 569 000c 4A010000 		.4byte	.LASF37
 570 0010 0C       		.byte	0xc
 571 0011 F6010000 		.4byte	.LASF38
 572 0015 EE000000 		.4byte	.LASF39
 573 0019 00000000 		.4byte	.Ldebug_ranges0+0
 574 001d 00000000 		.4byte	0
 575 0021 00000000 		.4byte	.Ldebug_line0
 576 0025 02       		.uleb128 0x2
 577 0026 01       		.byte	0x1
 578 0027 06       		.byte	0x6
 579 0028 50020000 		.4byte	.LASF0
 580 002c 03       		.uleb128 0x3
 581 002d 00000000 		.4byte	.LASF9
 582 0031 02       		.byte	0x2
 583 0032 1D       		.byte	0x1d
 584 0033 37000000 		.4byte	0x37
 585 0037 02       		.uleb128 0x2
 586 0038 01       		.byte	0x1
 587 0039 08       		.byte	0x8
 588 003a 54000000 		.4byte	.LASF1
 589 003e 02       		.uleb128 0x2
 590 003f 02       		.byte	0x2
 591 0040 05       		.byte	0x5
 592 0041 17020000 		.4byte	.LASF2
 593 0045 02       		.uleb128 0x2
 594 0046 02       		.byte	0x2
 595 0047 07       		.byte	0x7
 596 0048 74000000 		.4byte	.LASF3
 597 004c 02       		.uleb128 0x2
 598 004d 04       		.byte	0x4
 599 004e 05       		.byte	0x5
 600 004f 2A020000 		.4byte	.LASF4
 601 0053 02       		.uleb128 0x2
 602 0054 04       		.byte	0x4
 603 0055 07       		.byte	0x7
 604 0056 62000000 		.4byte	.LASF5
 605 005a 02       		.uleb128 0x2
 606 005b 08       		.byte	0x8
 607 005c 05       		.byte	0x5
 608 005d E8010000 		.4byte	.LASF6
 609 0061 02       		.uleb128 0x2
 610 0062 08       		.byte	0x8
 611 0063 07       		.byte	0x7
 612 0064 1F010000 		.4byte	.LASF7
 613 0068 04       		.uleb128 0x4
 614 0069 04       		.byte	0x4
 615 006a 05       		.byte	0x5
ARM GAS  C:\Users\User\AppData\Local\Temp\ccyn2Mpe.s 			page 14


 616 006b 696E7400 		.ascii	"int\000"
 617 006f 02       		.uleb128 0x2
 618 0070 04       		.byte	0x4
 619 0071 07       		.byte	0x7
 620 0072 09010000 		.4byte	.LASF8
 621 0076 03       		.uleb128 0x3
 622 0077 36010000 		.4byte	.LASF10
 623 007b 03       		.byte	0x3
 624 007c 18       		.byte	0x18
 625 007d 2C000000 		.4byte	0x2c
 626 0081 02       		.uleb128 0x2
 627 0082 04       		.byte	0x4
 628 0083 04       		.byte	0x4
 629 0084 3B000000 		.4byte	.LASF11
 630 0088 02       		.uleb128 0x2
 631 0089 08       		.byte	0x8
 632 008a 04       		.byte	0x4
 633 008b A5000000 		.4byte	.LASF12
 634 008f 02       		.uleb128 0x2
 635 0090 01       		.byte	0x1
 636 0091 08       		.byte	0x8
 637 0092 FD010000 		.4byte	.LASF13
 638 0096 02       		.uleb128 0x2
 639 0097 04       		.byte	0x4
 640 0098 07       		.byte	0x7
 641 0099 DF010000 		.4byte	.LASF14
 642 009d 02       		.uleb128 0x2
 643 009e 08       		.byte	0x8
 644 009f 04       		.byte	0x4
 645 00a0 33020000 		.4byte	.LASF15
 646 00a4 05       		.uleb128 0x5
 647 00a5 5C020000 		.4byte	.LASF40
 648 00a9 01       		.byte	0x1
 649 00aa 04       		.byte	0x4
 650 00ab 00000000 		.4byte	.LFB32
 651 00af 18000000 		.4byte	.LFE32-.LFB32
 652 00b3 01       		.uleb128 0x1
 653 00b4 9C       		.byte	0x9c
 654 00b5 0E010000 		.4byte	0x10e
 655 00b9 06       		.uleb128 0x6
 656 00ba 7200     		.ascii	"r\000"
 657 00bc 01       		.byte	0x1
 658 00bd 04       		.byte	0x4
 659 00be 76000000 		.4byte	0x76
 660 00c2 00000000 		.4byte	.LLST0
 661 00c6 06       		.uleb128 0x6
 662 00c7 6700     		.ascii	"g\000"
 663 00c9 01       		.byte	0x1
 664 00ca 04       		.byte	0x4
 665 00cb 76000000 		.4byte	0x76
 666 00cf 21000000 		.4byte	.LLST1
 667 00d3 06       		.uleb128 0x6
 668 00d4 6200     		.ascii	"b\000"
 669 00d6 01       		.byte	0x1
 670 00d7 04       		.byte	0x4
 671 00d8 76000000 		.4byte	0x76
 672 00dc 42000000 		.4byte	.LLST2
ARM GAS  C:\Users\User\AppData\Local\Temp\ccyn2Mpe.s 			page 15


 673 00e0 07       		.uleb128 0x7
 674 00e1 0A000000 		.4byte	.LVL1
 675 00e5 F5040000 		.4byte	0x4f5
 676 00e9 08       		.uleb128 0x8
 677 00ea 10000000 		.4byte	.LVL2
 678 00ee 00050000 		.4byte	0x500
 679 00f2 FD000000 		.4byte	0xfd
 680 00f6 09       		.uleb128 0x9
 681 00f7 01       		.uleb128 0x1
 682 00f8 50       		.byte	0x50
 683 00f9 02       		.uleb128 0x2
 684 00fa 75       		.byte	0x75
 685 00fb 00       		.sleb128 0
 686 00fc 00       		.byte	0
 687 00fd 0A       		.uleb128 0xa
 688 00fe 16000000 		.4byte	.LVL3
 689 0102 0B050000 		.4byte	0x50b
 690 0106 09       		.uleb128 0x9
 691 0107 01       		.uleb128 0x1
 692 0108 50       		.byte	0x50
 693 0109 02       		.uleb128 0x2
 694 010a 74       		.byte	0x74
 695 010b 00       		.sleb128 0
 696 010c 00       		.byte	0
 697 010d 00       		.byte	0
 698 010e 0B       		.uleb128 0xb
 699 010f B6000000 		.4byte	.LASF41
 700 0113 01       		.byte	0x1
 701 0114 09       		.byte	0x9
 702 0115 8F000000 		.4byte	0x8f
 703 0119 00000000 		.4byte	.LFB33
 704 011d DC000000 		.4byte	.LFE33-.LFB33
 705 0121 01       		.uleb128 0x1
 706 0122 9C       		.byte	0x9c
 707 0123 BC020000 		.4byte	0x2bc
 708 0127 0C       		.uleb128 0xc
 709 0128 6B657900 		.ascii	"key\000"
 710 012c 01       		.byte	0x1
 711 012d 0A       		.byte	0xa
 712 012e 8F000000 		.4byte	0x8f
 713 0132 63000000 		.4byte	.LLST3
 714 0136 08       		.uleb128 0x8
 715 0137 08000000 		.4byte	.LVL5
 716 013b 16050000 		.4byte	0x516
 717 013f 49010000 		.4byte	0x149
 718 0143 09       		.uleb128 0x9
 719 0144 01       		.uleb128 0x1
 720 0145 50       		.byte	0x50
 721 0146 01       		.uleb128 0x1
 722 0147 30       		.byte	0x30
 723 0148 00       		.byte	0
 724 0149 08       		.uleb128 0x8
 725 014a 0E000000 		.4byte	.LVL6
 726 014e 21050000 		.4byte	0x521
 727 0152 5C010000 		.4byte	0x15c
 728 0156 09       		.uleb128 0x9
 729 0157 01       		.uleb128 0x1
ARM GAS  C:\Users\User\AppData\Local\Temp\ccyn2Mpe.s 			page 16


 730 0158 50       		.byte	0x50
 731 0159 01       		.uleb128 0x1
 732 015a 31       		.byte	0x31
 733 015b 00       		.byte	0
 734 015c 08       		.uleb128 0x8
 735 015d 14000000 		.4byte	.LVL7
 736 0161 2C050000 		.4byte	0x52c
 737 0165 6F010000 		.4byte	0x16f
 738 0169 09       		.uleb128 0x9
 739 016a 01       		.uleb128 0x1
 740 016b 50       		.byte	0x50
 741 016c 01       		.uleb128 0x1
 742 016d 31       		.byte	0x31
 743 016e 00       		.byte	0
 744 016f 08       		.uleb128 0x8
 745 0170 1A000000 		.4byte	.LVL8
 746 0174 37050000 		.4byte	0x537
 747 0178 82010000 		.4byte	0x182
 748 017c 09       		.uleb128 0x9
 749 017d 01       		.uleb128 0x1
 750 017e 50       		.byte	0x50
 751 017f 01       		.uleb128 0x1
 752 0180 3A       		.byte	0x3a
 753 0181 00       		.byte	0
 754 0182 07       		.uleb128 0x7
 755 0183 1E000000 		.4byte	.LVL9
 756 0187 42050000 		.4byte	0x542
 757 018b 07       		.uleb128 0x7
 758 018c 2C000000 		.4byte	.LVL11
 759 0190 4D050000 		.4byte	0x54d
 760 0194 07       		.uleb128 0x7
 761 0195 36000000 		.4byte	.LVL13
 762 0199 58050000 		.4byte	0x558
 763 019d 07       		.uleb128 0x7
 764 019e 40000000 		.4byte	.LVL15
 765 01a2 63050000 		.4byte	0x563
 766 01a6 08       		.uleb128 0x8
 767 01a7 4C000000 		.4byte	.LVL17
 768 01ab 16050000 		.4byte	0x516
 769 01af B9010000 		.4byte	0x1b9
 770 01b3 09       		.uleb128 0x9
 771 01b4 01       		.uleb128 0x1
 772 01b5 50       		.byte	0x50
 773 01b6 01       		.uleb128 0x1
 774 01b7 31       		.byte	0x31
 775 01b8 00       		.byte	0
 776 01b9 08       		.uleb128 0x8
 777 01ba 52000000 		.4byte	.LVL18
 778 01be 21050000 		.4byte	0x521
 779 01c2 CC010000 		.4byte	0x1cc
 780 01c6 09       		.uleb128 0x9
 781 01c7 01       		.uleb128 0x1
 782 01c8 50       		.byte	0x50
 783 01c9 01       		.uleb128 0x1
 784 01ca 30       		.byte	0x30
 785 01cb 00       		.byte	0
 786 01cc 08       		.uleb128 0x8
ARM GAS  C:\Users\User\AppData\Local\Temp\ccyn2Mpe.s 			page 17


 787 01cd 58000000 		.4byte	.LVL19
 788 01d1 2C050000 		.4byte	0x52c
 789 01d5 DF010000 		.4byte	0x1df
 790 01d9 09       		.uleb128 0x9
 791 01da 01       		.uleb128 0x1
 792 01db 50       		.byte	0x50
 793 01dc 01       		.uleb128 0x1
 794 01dd 31       		.byte	0x31
 795 01de 00       		.byte	0
 796 01df 08       		.uleb128 0x8
 797 01e0 5E000000 		.4byte	.LVL20
 798 01e4 37050000 		.4byte	0x537
 799 01e8 F2010000 		.4byte	0x1f2
 800 01ec 09       		.uleb128 0x9
 801 01ed 01       		.uleb128 0x1
 802 01ee 50       		.byte	0x50
 803 01ef 01       		.uleb128 0x1
 804 01f0 3A       		.byte	0x3a
 805 01f1 00       		.byte	0
 806 01f2 07       		.uleb128 0x7
 807 01f3 62000000 		.4byte	.LVL21
 808 01f7 42050000 		.4byte	0x542
 809 01fb 07       		.uleb128 0x7
 810 01fc 6C000000 		.4byte	.LVL23
 811 0200 4D050000 		.4byte	0x54d
 812 0204 07       		.uleb128 0x7
 813 0205 76000000 		.4byte	.LVL25
 814 0209 58050000 		.4byte	0x558
 815 020d 07       		.uleb128 0x7
 816 020e 80000000 		.4byte	.LVL27
 817 0212 63050000 		.4byte	0x563
 818 0216 08       		.uleb128 0x8
 819 0217 8C000000 		.4byte	.LVL29
 820 021b 16050000 		.4byte	0x516
 821 021f 29020000 		.4byte	0x229
 822 0223 09       		.uleb128 0x9
 823 0224 01       		.uleb128 0x1
 824 0225 50       		.byte	0x50
 825 0226 01       		.uleb128 0x1
 826 0227 31       		.byte	0x31
 827 0228 00       		.byte	0
 828 0229 08       		.uleb128 0x8
 829 022a 92000000 		.4byte	.LVL30
 830 022e 21050000 		.4byte	0x521
 831 0232 3C020000 		.4byte	0x23c
 832 0236 09       		.uleb128 0x9
 833 0237 01       		.uleb128 0x1
 834 0238 50       		.byte	0x50
 835 0239 01       		.uleb128 0x1
 836 023a 31       		.byte	0x31
 837 023b 00       		.byte	0
 838 023c 08       		.uleb128 0x8
 839 023d 98000000 		.4byte	.LVL31
 840 0241 2C050000 		.4byte	0x52c
 841 0245 4F020000 		.4byte	0x24f
 842 0249 09       		.uleb128 0x9
 843 024a 01       		.uleb128 0x1
ARM GAS  C:\Users\User\AppData\Local\Temp\ccyn2Mpe.s 			page 18


 844 024b 50       		.byte	0x50
 845 024c 01       		.uleb128 0x1
 846 024d 30       		.byte	0x30
 847 024e 00       		.byte	0
 848 024f 08       		.uleb128 0x8
 849 0250 9E000000 		.4byte	.LVL32
 850 0254 37050000 		.4byte	0x537
 851 0258 62020000 		.4byte	0x262
 852 025c 09       		.uleb128 0x9
 853 025d 01       		.uleb128 0x1
 854 025e 50       		.byte	0x50
 855 025f 01       		.uleb128 0x1
 856 0260 3A       		.byte	0x3a
 857 0261 00       		.byte	0
 858 0262 07       		.uleb128 0x7
 859 0263 A2000000 		.4byte	.LVL33
 860 0267 42050000 		.4byte	0x542
 861 026b 07       		.uleb128 0x7
 862 026c AC000000 		.4byte	.LVL35
 863 0270 4D050000 		.4byte	0x54d
 864 0274 07       		.uleb128 0x7
 865 0275 B6000000 		.4byte	.LVL37
 866 0279 58050000 		.4byte	0x558
 867 027d 07       		.uleb128 0x7
 868 027e C0000000 		.4byte	.LVL39
 869 0282 63050000 		.4byte	0x563
 870 0286 08       		.uleb128 0x8
 871 0287 CC000000 		.4byte	.LVL41
 872 028b 16050000 		.4byte	0x516
 873 028f 99020000 		.4byte	0x299
 874 0293 09       		.uleb128 0x9
 875 0294 01       		.uleb128 0x1
 876 0295 50       		.byte	0x50
 877 0296 01       		.uleb128 0x1
 878 0297 31       		.byte	0x31
 879 0298 00       		.byte	0
 880 0299 08       		.uleb128 0x8
 881 029a D2000000 		.4byte	.LVL42
 882 029e 21050000 		.4byte	0x521
 883 02a2 AC020000 		.4byte	0x2ac
 884 02a6 09       		.uleb128 0x9
 885 02a7 01       		.uleb128 0x1
 886 02a8 50       		.byte	0x50
 887 02a9 01       		.uleb128 0x1
 888 02aa 31       		.byte	0x31
 889 02ab 00       		.byte	0
 890 02ac 0A       		.uleb128 0xa
 891 02ad D8000000 		.4byte	.LVL43
 892 02b1 2C050000 		.4byte	0x52c
 893 02b5 09       		.uleb128 0x9
 894 02b6 01       		.uleb128 0x1
 895 02b7 50       		.byte	0x50
 896 02b8 01       		.uleb128 0x1
 897 02b9 31       		.byte	0x31
 898 02ba 00       		.byte	0
 899 02bb 00       		.byte	0
 900 02bc 0D       		.uleb128 0xd
ARM GAS  C:\Users\User\AppData\Local\Temp\ccyn2Mpe.s 			page 19


 901 02bd D4000000 		.4byte	.LASF42
 902 02c1 01       		.byte	0x1
 903 02c2 26       		.byte	0x26
 904 02c3 68000000 		.4byte	0x68
 905 02c7 00000000 		.4byte	.LFB34
 906 02cb 38010000 		.4byte	.LFE34-.LFB34
 907 02cf 01       		.uleb128 0x1
 908 02d0 9C       		.byte	0x9c
 909 02d1 E5040000 		.4byte	0x4e5
 910 02d5 0C       		.uleb128 0xc
 911 02d6 6B657900 		.ascii	"key\000"
 912 02da 01       		.byte	0x1
 913 02db 2C       		.byte	0x2c
 914 02dc 8F000000 		.4byte	0x8f
 915 02e0 82000000 		.4byte	.LLST4
 916 02e4 0E       		.uleb128 0xe
 917 02e5 02020000 		.4byte	.LASF16
 918 02e9 01       		.byte	0x1
 919 02ea 2D       		.byte	0x2d
 920 02eb 8F000000 		.4byte	0x8f
 921 02ef F9000000 		.4byte	.LLST5
 922 02f3 0E       		.uleb128 0xe
 923 02f4 87000000 		.4byte	.LASF17
 924 02f8 01       		.byte	0x1
 925 02f9 2E       		.byte	0x2e
 926 02fa 76000000 		.4byte	0x76
 927 02fe 23010000 		.4byte	.LLST6
 928 0302 0F       		.uleb128 0xf
 929 0303 6B020000 		.4byte	.LASF18
 930 0307 01       		.byte	0x1
 931 0308 30       		.byte	0x30
 932 0309 E5040000 		.4byte	0x4e5
 933 030d 02       		.uleb128 0x2
 934 030e 91       		.byte	0x91
 935 030f 60       		.sleb128 -32
 936 0310 0F       		.uleb128 0xf
 937 0311 AC000000 		.4byte	.LASF19
 938 0315 01       		.byte	0x1
 939 0316 31       		.byte	0x31
 940 0317 E5040000 		.4byte	0x4e5
 941 031b 02       		.uleb128 0x2
 942 031c 91       		.byte	0x91
 943 031d 58       		.sleb128 -40
 944 031e 0E       		.uleb128 0xe
 945 031f 14000000 		.4byte	.LASF20
 946 0323 01       		.byte	0x1
 947 0324 32       		.byte	0x32
 948 0325 76000000 		.4byte	0x76
 949 0329 59010000 		.4byte	.LLST7
 950 032d 07       		.uleb128 0x7
 951 032e 0E000000 		.4byte	.LVL45
 952 0332 6E050000 		.4byte	0x56e
 953 0336 08       		.uleb128 0x8
 954 0337 14000000 		.4byte	.LVL46
 955 033b 79050000 		.4byte	0x579
 956 033f 4D030000 		.4byte	0x34d
 957 0343 09       		.uleb128 0x9
ARM GAS  C:\Users\User\AppData\Local\Temp\ccyn2Mpe.s 			page 20


 958 0344 01       		.uleb128 0x1
 959 0345 50       		.byte	0x50
 960 0346 05       		.uleb128 0x5
 961 0347 03       		.byte	0x3
 962 0348 00000000 		.4byte	.LC0
 963 034c 00       		.byte	0
 964 034d 08       		.uleb128 0x8
 965 034e 2A000000 		.4byte	.LVL47
 966 0352 84050000 		.4byte	0x584
 967 0356 6B030000 		.4byte	0x36b
 968 035a 09       		.uleb128 0x9
 969 035b 01       		.uleb128 0x1
 970 035c 50       		.byte	0x50
 971 035d 02       		.uleb128 0x2
 972 035e 7D       		.byte	0x7d
 973 035f 00       		.sleb128 0
 974 0360 09       		.uleb128 0x9
 975 0361 01       		.uleb128 0x1
 976 0362 51       		.byte	0x51
 977 0363 01       		.uleb128 0x1
 978 0364 30       		.byte	0x30
 979 0365 09       		.uleb128 0x9
 980 0366 01       		.uleb128 0x1
 981 0367 52       		.byte	0x52
 982 0368 01       		.uleb128 0x1
 983 0369 35       		.byte	0x35
 984 036a 00       		.byte	0
 985 036b 07       		.uleb128 0x7
 986 036c 36000000 		.4byte	.LVL49
 987 0370 0E010000 		.4byte	0x10e
 988 0374 08       		.uleb128 0x8
 989 0375 4C000000 		.4byte	.LVL52
 990 0379 A4000000 		.4byte	0xa4
 991 037d 91030000 		.4byte	0x391
 992 0381 09       		.uleb128 0x9
 993 0382 01       		.uleb128 0x1
 994 0383 50       		.byte	0x50
 995 0384 01       		.uleb128 0x1
 996 0385 30       		.byte	0x30
 997 0386 09       		.uleb128 0x9
 998 0387 01       		.uleb128 0x1
 999 0388 51       		.byte	0x51
 1000 0389 01       		.uleb128 0x1
 1001 038a 30       		.byte	0x30
 1002 038b 09       		.uleb128 0x9
 1003 038c 01       		.uleb128 0x1
 1004 038d 52       		.byte	0x52
 1005 038e 01       		.uleb128 0x1
 1006 038f 30       		.byte	0x30
 1007 0390 00       		.byte	0
 1008 0391 08       		.uleb128 0x8
 1009 0392 58000000 		.4byte	.LVL55
 1010 0396 A4000000 		.4byte	0xa4
 1011 039a AE030000 		.4byte	0x3ae
 1012 039e 09       		.uleb128 0x9
 1013 039f 01       		.uleb128 0x1
 1014 03a0 50       		.byte	0x50
ARM GAS  C:\Users\User\AppData\Local\Temp\ccyn2Mpe.s 			page 21


 1015 03a1 01       		.uleb128 0x1
 1016 03a2 31       		.byte	0x31
 1017 03a3 09       		.uleb128 0x9
 1018 03a4 01       		.uleb128 0x1
 1019 03a5 51       		.byte	0x51
 1020 03a6 01       		.uleb128 0x1
 1021 03a7 31       		.byte	0x31
 1022 03a8 09       		.uleb128 0x9
 1023 03a9 01       		.uleb128 0x1
 1024 03aa 52       		.byte	0x52
 1025 03ab 01       		.uleb128 0x1
 1026 03ac 31       		.byte	0x31
 1027 03ad 00       		.byte	0
 1028 03ae 08       		.uleb128 0x8
 1029 03af 76000000 		.4byte	.LVL58
 1030 03b3 A4000000 		.4byte	0xa4
 1031 03b7 CB030000 		.4byte	0x3cb
 1032 03bb 09       		.uleb128 0x9
 1033 03bc 01       		.uleb128 0x1
 1034 03bd 50       		.byte	0x50
 1035 03be 01       		.uleb128 0x1
 1036 03bf 30       		.byte	0x30
 1037 03c0 09       		.uleb128 0x9
 1038 03c1 01       		.uleb128 0x1
 1039 03c2 51       		.byte	0x51
 1040 03c3 01       		.uleb128 0x1
 1041 03c4 31       		.byte	0x31
 1042 03c5 09       		.uleb128 0x9
 1043 03c6 01       		.uleb128 0x1
 1044 03c7 52       		.byte	0x52
 1045 03c8 01       		.uleb128 0x1
 1046 03c9 31       		.byte	0x31
 1047 03ca 00       		.byte	0
 1048 03cb 08       		.uleb128 0x8
 1049 03cc 86000000 		.4byte	.LVL61
 1050 03d0 A4000000 		.4byte	0xa4
 1051 03d4 E8030000 		.4byte	0x3e8
 1052 03d8 09       		.uleb128 0x9
 1053 03d9 01       		.uleb128 0x1
 1054 03da 50       		.byte	0x50
 1055 03db 01       		.uleb128 0x1
 1056 03dc 31       		.byte	0x31
 1057 03dd 09       		.uleb128 0x9
 1058 03de 01       		.uleb128 0x1
 1059 03df 51       		.byte	0x51
 1060 03e0 01       		.uleb128 0x1
 1061 03e1 30       		.byte	0x30
 1062 03e2 09       		.uleb128 0x9
 1063 03e3 01       		.uleb128 0x1
 1064 03e4 52       		.byte	0x52
 1065 03e5 01       		.uleb128 0x1
 1066 03e6 31       		.byte	0x31
 1067 03e7 00       		.byte	0
 1068 03e8 08       		.uleb128 0x8
 1069 03e9 96000000 		.4byte	.LVL64
 1070 03ed A4000000 		.4byte	0xa4
 1071 03f1 05040000 		.4byte	0x405
ARM GAS  C:\Users\User\AppData\Local\Temp\ccyn2Mpe.s 			page 22


 1072 03f5 09       		.uleb128 0x9
 1073 03f6 01       		.uleb128 0x1
 1074 03f7 50       		.byte	0x50
 1075 03f8 01       		.uleb128 0x1
 1076 03f9 31       		.byte	0x31
 1077 03fa 09       		.uleb128 0x9
 1078 03fb 01       		.uleb128 0x1
 1079 03fc 51       		.byte	0x51
 1080 03fd 01       		.uleb128 0x1
 1081 03fe 31       		.byte	0x31
 1082 03ff 09       		.uleb128 0x9
 1083 0400 01       		.uleb128 0x1
 1084 0401 52       		.byte	0x52
 1085 0402 01       		.uleb128 0x1
 1086 0403 30       		.byte	0x30
 1087 0404 00       		.byte	0
 1088 0405 08       		.uleb128 0x8
 1089 0406 A6000000 		.4byte	.LVL67
 1090 040a A4000000 		.4byte	0xa4
 1091 040e 22040000 		.4byte	0x422
 1092 0412 09       		.uleb128 0x9
 1093 0413 01       		.uleb128 0x1
 1094 0414 50       		.byte	0x50
 1095 0415 01       		.uleb128 0x1
 1096 0416 30       		.byte	0x30
 1097 0417 09       		.uleb128 0x9
 1098 0418 01       		.uleb128 0x1
 1099 0419 51       		.byte	0x51
 1100 041a 01       		.uleb128 0x1
 1101 041b 30       		.byte	0x30
 1102 041c 09       		.uleb128 0x9
 1103 041d 01       		.uleb128 0x1
 1104 041e 52       		.byte	0x52
 1105 041f 01       		.uleb128 0x1
 1106 0420 31       		.byte	0x31
 1107 0421 00       		.byte	0
 1108 0422 08       		.uleb128 0x8
 1109 0423 B6000000 		.4byte	.LVL70
 1110 0427 A4000000 		.4byte	0xa4
 1111 042b 3F040000 		.4byte	0x43f
 1112 042f 09       		.uleb128 0x9
 1113 0430 01       		.uleb128 0x1
 1114 0431 50       		.byte	0x50
 1115 0432 01       		.uleb128 0x1
 1116 0433 30       		.byte	0x30
 1117 0434 09       		.uleb128 0x9
 1118 0435 01       		.uleb128 0x1
 1119 0436 51       		.byte	0x51
 1120 0437 01       		.uleb128 0x1
 1121 0438 31       		.byte	0x31
 1122 0439 09       		.uleb128 0x9
 1123 043a 01       		.uleb128 0x1
 1124 043b 52       		.byte	0x52
 1125 043c 01       		.uleb128 0x1
 1126 043d 30       		.byte	0x30
 1127 043e 00       		.byte	0
 1128 043f 08       		.uleb128 0x8
ARM GAS  C:\Users\User\AppData\Local\Temp\ccyn2Mpe.s 			page 23


 1129 0440 C6000000 		.4byte	.LVL73
 1130 0444 A4000000 		.4byte	0xa4
 1131 0448 5C040000 		.4byte	0x45c
 1132 044c 09       		.uleb128 0x9
 1133 044d 01       		.uleb128 0x1
 1134 044e 50       		.byte	0x50
 1135 044f 01       		.uleb128 0x1
 1136 0450 31       		.byte	0x31
 1137 0451 09       		.uleb128 0x9
 1138 0452 01       		.uleb128 0x1
 1139 0453 51       		.byte	0x51
 1140 0454 01       		.uleb128 0x1
 1141 0455 30       		.byte	0x30
 1142 0456 09       		.uleb128 0x9
 1143 0457 01       		.uleb128 0x1
 1144 0458 52       		.byte	0x52
 1145 0459 01       		.uleb128 0x1
 1146 045a 30       		.byte	0x30
 1147 045b 00       		.byte	0
 1148 045c 08       		.uleb128 0x8
 1149 045d D6000000 		.4byte	.LVL76
 1150 0461 A4000000 		.4byte	0xa4
 1151 0465 79040000 		.4byte	0x479
 1152 0469 09       		.uleb128 0x9
 1153 046a 01       		.uleb128 0x1
 1154 046b 50       		.byte	0x50
 1155 046c 01       		.uleb128 0x1
 1156 046d 31       		.byte	0x31
 1157 046e 09       		.uleb128 0x9
 1158 046f 01       		.uleb128 0x1
 1159 0470 51       		.byte	0x51
 1160 0471 01       		.uleb128 0x1
 1161 0472 31       		.byte	0x31
 1162 0473 09       		.uleb128 0x9
 1163 0474 01       		.uleb128 0x1
 1164 0475 52       		.byte	0x52
 1165 0476 01       		.uleb128 0x1
 1166 0477 31       		.byte	0x31
 1167 0478 00       		.byte	0
 1168 0479 08       		.uleb128 0x8
 1169 047a F0000000 		.4byte	.LVL80
 1170 047e 8D050000 		.4byte	0x58d
 1171 0482 8D040000 		.4byte	0x48d
 1172 0486 09       		.uleb128 0x9
 1173 0487 01       		.uleb128 0x1
 1174 0488 50       		.byte	0x50
 1175 0489 02       		.uleb128 0x2
 1176 048a 74       		.byte	0x74
 1177 048b 00       		.sleb128 0
 1178 048c 00       		.byte	0
 1179 048d 08       		.uleb128 0x8
 1180 048e 02010000 		.4byte	.LVL81
 1181 0492 98050000 		.4byte	0x598
 1182 0496 A7040000 		.4byte	0x4a7
 1183 049a 09       		.uleb128 0x9
 1184 049b 01       		.uleb128 0x1
 1185 049c 50       		.byte	0x50
ARM GAS  C:\Users\User\AppData\Local\Temp\ccyn2Mpe.s 			page 24


 1186 049d 02       		.uleb128 0x2
 1187 049e 7D       		.byte	0x7d
 1188 049f 00       		.sleb128 0
 1189 04a0 09       		.uleb128 0x9
 1190 04a1 01       		.uleb128 0x1
 1191 04a2 51       		.byte	0x51
 1192 04a3 02       		.uleb128 0x2
 1193 04a4 91       		.byte	0x91
 1194 04a5 60       		.sleb128 -32
 1195 04a6 00       		.byte	0
 1196 04a7 08       		.uleb128 0x8
 1197 04a8 0C010000 		.4byte	.LVL82
 1198 04ac 79050000 		.4byte	0x579
 1199 04b0 BE040000 		.4byte	0x4be
 1200 04b4 09       		.uleb128 0x9
 1201 04b5 01       		.uleb128 0x1
 1202 04b6 50       		.byte	0x50
 1203 04b7 05       		.uleb128 0x5
 1204 04b8 03       		.byte	0x3
 1205 04b9 20000000 		.4byte	.LC5
 1206 04bd 00       		.byte	0
 1207 04be 08       		.uleb128 0x8
 1208 04bf 16010000 		.4byte	.LVL85
 1209 04c3 79050000 		.4byte	0x579
 1210 04c7 D5040000 		.4byte	0x4d5
 1211 04cb 09       		.uleb128 0x9
 1212 04cc 01       		.uleb128 0x1
 1213 04cd 50       		.byte	0x50
 1214 04ce 05       		.uleb128 0x5
 1215 04cf 03       		.byte	0x3
 1216 04d0 4C000000 		.4byte	.LC7
 1217 04d4 00       		.byte	0
 1218 04d5 0A       		.uleb128 0xa
 1219 04d6 1E010000 		.4byte	.LVL87
 1220 04da A3050000 		.4byte	0x5a3
 1221 04de 09       		.uleb128 0x9
 1222 04df 01       		.uleb128 0x1
 1223 04e0 50       		.byte	0x50
 1224 04e1 01       		.uleb128 0x1
 1225 04e2 44       		.byte	0x44
 1226 04e3 00       		.byte	0
 1227 04e4 00       		.byte	0
 1228 04e5 10       		.uleb128 0x10
 1229 04e6 8F000000 		.4byte	0x8f
 1230 04ea F5040000 		.4byte	0x4f5
 1231 04ee 11       		.uleb128 0x11
 1232 04ef 96000000 		.4byte	0x96
 1233 04f3 04       		.byte	0x4
 1234 04f4 00       		.byte	0
 1235 04f5 12       		.uleb128 0x12
 1236 04f6 0B020000 		.4byte	.LASF21
 1237 04fa 0B020000 		.4byte	.LASF21
 1238 04fe 04       		.byte	0x4
 1239 04ff 33       		.byte	0x33
 1240 0500 12       		.uleb128 0x12
 1241 0501 3E010000 		.4byte	.LASF22
 1242 0505 3E010000 		.4byte	.LASF22
ARM GAS  C:\Users\User\AppData\Local\Temp\ccyn2Mpe.s 			page 25


 1243 0509 05       		.byte	0x5
 1244 050a 33       		.byte	0x33
 1245 050b 12       		.uleb128 0x12
 1246 050c 92000000 		.4byte	.LASF23
 1247 0510 92000000 		.4byte	.LASF23
 1248 0514 06       		.byte	0x6
 1249 0515 33       		.byte	0x33
 1250 0516 12       		.uleb128 0x12
 1251 0517 0A000000 		.4byte	.LASF24
 1252 051b 0A000000 		.4byte	.LASF24
 1253 051f 07       		.byte	0x7
 1254 0520 33       		.byte	0x33
 1255 0521 12       		.uleb128 0x12
 1256 0522 1E000000 		.4byte	.LASF25
 1257 0526 1E000000 		.4byte	.LASF25
 1258 052a 08       		.byte	0x8
 1259 052b 33       		.byte	0x33
 1260 052c 12       		.uleb128 0x12
 1261 052d 31000000 		.4byte	.LASF26
 1262 0531 31000000 		.4byte	.LASF26
 1263 0535 09       		.byte	0x9
 1264 0536 33       		.byte	0x33
 1265 0537 12       		.uleb128 0x12
 1266 0538 C1000000 		.4byte	.LASF27
 1267 053c C1000000 		.4byte	.LASF27
 1268 0540 0A       		.byte	0xa
 1269 0541 ED       		.byte	0xed
 1270 0542 12       		.uleb128 0x12
 1271 0543 16010000 		.4byte	.LASF28
 1272 0547 16010000 		.4byte	.LASF28
 1273 054b 0B       		.byte	0xb
 1274 054c 32       		.byte	0x32
 1275 054d 12       		.uleb128 0x12
 1276 054e 21020000 		.4byte	.LASF29
 1277 0552 21020000 		.4byte	.LASF29
 1278 0556 0C       		.byte	0xc
 1279 0557 32       		.byte	0x32
 1280 0558 12       		.uleb128 0x12
 1281 0559 28000000 		.4byte	.LASF30
 1282 055d 28000000 		.4byte	.LASF30
 1283 0561 0D       		.byte	0xd
 1284 0562 32       		.byte	0x32
 1285 0563 12       		.uleb128 0x12
 1286 0564 CB000000 		.4byte	.LASF31
 1287 0568 CB000000 		.4byte	.LASF31
 1288 056c 0E       		.byte	0xe
 1289 056d 32       		.byte	0x32
 1290 056e 12       		.uleb128 0x12
 1291 056f 3F020000 		.4byte	.LASF32
 1292 0573 3F020000 		.4byte	.LASF32
 1293 0577 0F       		.byte	0xf
 1294 0578 1F       		.byte	0x1f
 1295 0579 12       		.uleb128 0x12
 1296 057a D9000000 		.4byte	.LASF33
 1297 057e D9000000 		.4byte	.LASF33
 1298 0582 0F       		.byte	0xf
 1299 0583 26       		.byte	0x26
ARM GAS  C:\Users\User\AppData\Local\Temp\ccyn2Mpe.s 			page 26


 1300 0584 13       		.uleb128 0x13
 1301 0585 9E000000 		.4byte	.LASF43
 1302 0589 9E000000 		.4byte	.LASF43
 1303 058d 12       		.uleb128 0x12
 1304 058e 41000000 		.4byte	.LASF34
 1305 0592 41000000 		.4byte	.LASF34
 1306 0596 0F       		.byte	0xf
 1307 0597 25       		.byte	0x25
 1308 0598 12       		.uleb128 0x12
 1309 0599 D8010000 		.4byte	.LASF35
 1310 059d D8010000 		.4byte	.LASF35
 1311 05a1 10       		.byte	0x10
 1312 05a2 1C       		.byte	0x1c
 1313 05a3 12       		.uleb128 0x12
 1314 05a4 63020000 		.4byte	.LASF36
 1315 05a8 63020000 		.4byte	.LASF36
 1316 05ac 0A       		.byte	0xa
 1317 05ad EC       		.byte	0xec
 1318 05ae 00       		.byte	0
 1319              		.section	.debug_abbrev,"",%progbits
 1320              	.Ldebug_abbrev0:
 1321 0000 01       		.uleb128 0x1
 1322 0001 11       		.uleb128 0x11
 1323 0002 01       		.byte	0x1
 1324 0003 25       		.uleb128 0x25
 1325 0004 0E       		.uleb128 0xe
 1326 0005 13       		.uleb128 0x13
 1327 0006 0B       		.uleb128 0xb
 1328 0007 03       		.uleb128 0x3
 1329 0008 0E       		.uleb128 0xe
 1330 0009 1B       		.uleb128 0x1b
 1331 000a 0E       		.uleb128 0xe
 1332 000b 55       		.uleb128 0x55
 1333 000c 17       		.uleb128 0x17
 1334 000d 11       		.uleb128 0x11
 1335 000e 01       		.uleb128 0x1
 1336 000f 10       		.uleb128 0x10
 1337 0010 17       		.uleb128 0x17
 1338 0011 00       		.byte	0
 1339 0012 00       		.byte	0
 1340 0013 02       		.uleb128 0x2
 1341 0014 24       		.uleb128 0x24
 1342 0015 00       		.byte	0
 1343 0016 0B       		.uleb128 0xb
 1344 0017 0B       		.uleb128 0xb
 1345 0018 3E       		.uleb128 0x3e
 1346 0019 0B       		.uleb128 0xb
 1347 001a 03       		.uleb128 0x3
 1348 001b 0E       		.uleb128 0xe
 1349 001c 00       		.byte	0
 1350 001d 00       		.byte	0
 1351 001e 03       		.uleb128 0x3
 1352 001f 16       		.uleb128 0x16
 1353 0020 00       		.byte	0
 1354 0021 03       		.uleb128 0x3
 1355 0022 0E       		.uleb128 0xe
 1356 0023 3A       		.uleb128 0x3a
ARM GAS  C:\Users\User\AppData\Local\Temp\ccyn2Mpe.s 			page 27


 1357 0024 0B       		.uleb128 0xb
 1358 0025 3B       		.uleb128 0x3b
 1359 0026 0B       		.uleb128 0xb
 1360 0027 49       		.uleb128 0x49
 1361 0028 13       		.uleb128 0x13
 1362 0029 00       		.byte	0
 1363 002a 00       		.byte	0
 1364 002b 04       		.uleb128 0x4
 1365 002c 24       		.uleb128 0x24
 1366 002d 00       		.byte	0
 1367 002e 0B       		.uleb128 0xb
 1368 002f 0B       		.uleb128 0xb
 1369 0030 3E       		.uleb128 0x3e
 1370 0031 0B       		.uleb128 0xb
 1371 0032 03       		.uleb128 0x3
 1372 0033 08       		.uleb128 0x8
 1373 0034 00       		.byte	0
 1374 0035 00       		.byte	0
 1375 0036 05       		.uleb128 0x5
 1376 0037 2E       		.uleb128 0x2e
 1377 0038 01       		.byte	0x1
 1378 0039 3F       		.uleb128 0x3f
 1379 003a 19       		.uleb128 0x19
 1380 003b 03       		.uleb128 0x3
 1381 003c 0E       		.uleb128 0xe
 1382 003d 3A       		.uleb128 0x3a
 1383 003e 0B       		.uleb128 0xb
 1384 003f 3B       		.uleb128 0x3b
 1385 0040 0B       		.uleb128 0xb
 1386 0041 27       		.uleb128 0x27
 1387 0042 19       		.uleb128 0x19
 1388 0043 11       		.uleb128 0x11
 1389 0044 01       		.uleb128 0x1
 1390 0045 12       		.uleb128 0x12
 1391 0046 06       		.uleb128 0x6
 1392 0047 40       		.uleb128 0x40
 1393 0048 18       		.uleb128 0x18
 1394 0049 9742     		.uleb128 0x2117
 1395 004b 19       		.uleb128 0x19
 1396 004c 01       		.uleb128 0x1
 1397 004d 13       		.uleb128 0x13
 1398 004e 00       		.byte	0
 1399 004f 00       		.byte	0
 1400 0050 06       		.uleb128 0x6
 1401 0051 05       		.uleb128 0x5
 1402 0052 00       		.byte	0
 1403 0053 03       		.uleb128 0x3
 1404 0054 08       		.uleb128 0x8
 1405 0055 3A       		.uleb128 0x3a
 1406 0056 0B       		.uleb128 0xb
 1407 0057 3B       		.uleb128 0x3b
 1408 0058 0B       		.uleb128 0xb
 1409 0059 49       		.uleb128 0x49
 1410 005a 13       		.uleb128 0x13
 1411 005b 02       		.uleb128 0x2
 1412 005c 17       		.uleb128 0x17
 1413 005d 00       		.byte	0
ARM GAS  C:\Users\User\AppData\Local\Temp\ccyn2Mpe.s 			page 28


 1414 005e 00       		.byte	0
 1415 005f 07       		.uleb128 0x7
 1416 0060 898201   		.uleb128 0x4109
 1417 0063 00       		.byte	0
 1418 0064 11       		.uleb128 0x11
 1419 0065 01       		.uleb128 0x1
 1420 0066 31       		.uleb128 0x31
 1421 0067 13       		.uleb128 0x13
 1422 0068 00       		.byte	0
 1423 0069 00       		.byte	0
 1424 006a 08       		.uleb128 0x8
 1425 006b 898201   		.uleb128 0x4109
 1426 006e 01       		.byte	0x1
 1427 006f 11       		.uleb128 0x11
 1428 0070 01       		.uleb128 0x1
 1429 0071 31       		.uleb128 0x31
 1430 0072 13       		.uleb128 0x13
 1431 0073 01       		.uleb128 0x1
 1432 0074 13       		.uleb128 0x13
 1433 0075 00       		.byte	0
 1434 0076 00       		.byte	0
 1435 0077 09       		.uleb128 0x9
 1436 0078 8A8201   		.uleb128 0x410a
 1437 007b 00       		.byte	0
 1438 007c 02       		.uleb128 0x2
 1439 007d 18       		.uleb128 0x18
 1440 007e 9142     		.uleb128 0x2111
 1441 0080 18       		.uleb128 0x18
 1442 0081 00       		.byte	0
 1443 0082 00       		.byte	0
 1444 0083 0A       		.uleb128 0xa
 1445 0084 898201   		.uleb128 0x4109
 1446 0087 01       		.byte	0x1
 1447 0088 11       		.uleb128 0x11
 1448 0089 01       		.uleb128 0x1
 1449 008a 31       		.uleb128 0x31
 1450 008b 13       		.uleb128 0x13
 1451 008c 00       		.byte	0
 1452 008d 00       		.byte	0
 1453 008e 0B       		.uleb128 0xb
 1454 008f 2E       		.uleb128 0x2e
 1455 0090 01       		.byte	0x1
 1456 0091 3F       		.uleb128 0x3f
 1457 0092 19       		.uleb128 0x19
 1458 0093 03       		.uleb128 0x3
 1459 0094 0E       		.uleb128 0xe
 1460 0095 3A       		.uleb128 0x3a
 1461 0096 0B       		.uleb128 0xb
 1462 0097 3B       		.uleb128 0x3b
 1463 0098 0B       		.uleb128 0xb
 1464 0099 27       		.uleb128 0x27
 1465 009a 19       		.uleb128 0x19
 1466 009b 49       		.uleb128 0x49
 1467 009c 13       		.uleb128 0x13
 1468 009d 11       		.uleb128 0x11
 1469 009e 01       		.uleb128 0x1
 1470 009f 12       		.uleb128 0x12
ARM GAS  C:\Users\User\AppData\Local\Temp\ccyn2Mpe.s 			page 29


 1471 00a0 06       		.uleb128 0x6
 1472 00a1 40       		.uleb128 0x40
 1473 00a2 18       		.uleb128 0x18
 1474 00a3 9742     		.uleb128 0x2117
 1475 00a5 19       		.uleb128 0x19
 1476 00a6 01       		.uleb128 0x1
 1477 00a7 13       		.uleb128 0x13
 1478 00a8 00       		.byte	0
 1479 00a9 00       		.byte	0
 1480 00aa 0C       		.uleb128 0xc
 1481 00ab 34       		.uleb128 0x34
 1482 00ac 00       		.byte	0
 1483 00ad 03       		.uleb128 0x3
 1484 00ae 08       		.uleb128 0x8
 1485 00af 3A       		.uleb128 0x3a
 1486 00b0 0B       		.uleb128 0xb
 1487 00b1 3B       		.uleb128 0x3b
 1488 00b2 0B       		.uleb128 0xb
 1489 00b3 49       		.uleb128 0x49
 1490 00b4 13       		.uleb128 0x13
 1491 00b5 02       		.uleb128 0x2
 1492 00b6 17       		.uleb128 0x17
 1493 00b7 00       		.byte	0
 1494 00b8 00       		.byte	0
 1495 00b9 0D       		.uleb128 0xd
 1496 00ba 2E       		.uleb128 0x2e
 1497 00bb 01       		.byte	0x1
 1498 00bc 3F       		.uleb128 0x3f
 1499 00bd 19       		.uleb128 0x19
 1500 00be 03       		.uleb128 0x3
 1501 00bf 0E       		.uleb128 0xe
 1502 00c0 3A       		.uleb128 0x3a
 1503 00c1 0B       		.uleb128 0xb
 1504 00c2 3B       		.uleb128 0x3b
 1505 00c3 0B       		.uleb128 0xb
 1506 00c4 27       		.uleb128 0x27
 1507 00c5 19       		.uleb128 0x19
 1508 00c6 49       		.uleb128 0x49
 1509 00c7 13       		.uleb128 0x13
 1510 00c8 8701     		.uleb128 0x87
 1511 00ca 19       		.uleb128 0x19
 1512 00cb 11       		.uleb128 0x11
 1513 00cc 01       		.uleb128 0x1
 1514 00cd 12       		.uleb128 0x12
 1515 00ce 06       		.uleb128 0x6
 1516 00cf 40       		.uleb128 0x40
 1517 00d0 18       		.uleb128 0x18
 1518 00d1 9742     		.uleb128 0x2117
 1519 00d3 19       		.uleb128 0x19
 1520 00d4 01       		.uleb128 0x1
 1521 00d5 13       		.uleb128 0x13
 1522 00d6 00       		.byte	0
 1523 00d7 00       		.byte	0
 1524 00d8 0E       		.uleb128 0xe
 1525 00d9 34       		.uleb128 0x34
 1526 00da 00       		.byte	0
 1527 00db 03       		.uleb128 0x3
ARM GAS  C:\Users\User\AppData\Local\Temp\ccyn2Mpe.s 			page 30


 1528 00dc 0E       		.uleb128 0xe
 1529 00dd 3A       		.uleb128 0x3a
 1530 00de 0B       		.uleb128 0xb
 1531 00df 3B       		.uleb128 0x3b
 1532 00e0 0B       		.uleb128 0xb
 1533 00e1 49       		.uleb128 0x49
 1534 00e2 13       		.uleb128 0x13
 1535 00e3 02       		.uleb128 0x2
 1536 00e4 17       		.uleb128 0x17
 1537 00e5 00       		.byte	0
 1538 00e6 00       		.byte	0
 1539 00e7 0F       		.uleb128 0xf
 1540 00e8 34       		.uleb128 0x34
 1541 00e9 00       		.byte	0
 1542 00ea 03       		.uleb128 0x3
 1543 00eb 0E       		.uleb128 0xe
 1544 00ec 3A       		.uleb128 0x3a
 1545 00ed 0B       		.uleb128 0xb
 1546 00ee 3B       		.uleb128 0x3b
 1547 00ef 0B       		.uleb128 0xb
 1548 00f0 49       		.uleb128 0x49
 1549 00f1 13       		.uleb128 0x13
 1550 00f2 02       		.uleb128 0x2
 1551 00f3 18       		.uleb128 0x18
 1552 00f4 00       		.byte	0
 1553 00f5 00       		.byte	0
 1554 00f6 10       		.uleb128 0x10
 1555 00f7 01       		.uleb128 0x1
 1556 00f8 01       		.byte	0x1
 1557 00f9 49       		.uleb128 0x49
 1558 00fa 13       		.uleb128 0x13
 1559 00fb 01       		.uleb128 0x1
 1560 00fc 13       		.uleb128 0x13
 1561 00fd 00       		.byte	0
 1562 00fe 00       		.byte	0
 1563 00ff 11       		.uleb128 0x11
 1564 0100 21       		.uleb128 0x21
 1565 0101 00       		.byte	0
 1566 0102 49       		.uleb128 0x49
 1567 0103 13       		.uleb128 0x13
 1568 0104 2F       		.uleb128 0x2f
 1569 0105 0B       		.uleb128 0xb
 1570 0106 00       		.byte	0
 1571 0107 00       		.byte	0
 1572 0108 12       		.uleb128 0x12
 1573 0109 2E       		.uleb128 0x2e
 1574 010a 00       		.byte	0
 1575 010b 3F       		.uleb128 0x3f
 1576 010c 19       		.uleb128 0x19
 1577 010d 3C       		.uleb128 0x3c
 1578 010e 19       		.uleb128 0x19
 1579 010f 6E       		.uleb128 0x6e
 1580 0110 0E       		.uleb128 0xe
 1581 0111 03       		.uleb128 0x3
 1582 0112 0E       		.uleb128 0xe
 1583 0113 3A       		.uleb128 0x3a
 1584 0114 0B       		.uleb128 0xb
ARM GAS  C:\Users\User\AppData\Local\Temp\ccyn2Mpe.s 			page 31


 1585 0115 3B       		.uleb128 0x3b
 1586 0116 0B       		.uleb128 0xb
 1587 0117 00       		.byte	0
 1588 0118 00       		.byte	0
 1589 0119 13       		.uleb128 0x13
 1590 011a 2E       		.uleb128 0x2e
 1591 011b 00       		.byte	0
 1592 011c 3F       		.uleb128 0x3f
 1593 011d 19       		.uleb128 0x19
 1594 011e 3C       		.uleb128 0x3c
 1595 011f 19       		.uleb128 0x19
 1596 0120 6E       		.uleb128 0x6e
 1597 0121 0E       		.uleb128 0xe
 1598 0122 03       		.uleb128 0x3
 1599 0123 0E       		.uleb128 0xe
 1600 0124 00       		.byte	0
 1601 0125 00       		.byte	0
 1602 0126 00       		.byte	0
 1603              		.section	.debug_loc,"",%progbits
 1604              	.Ldebug_loc0:
 1605              	.LLST0:
 1606 0000 00000000 		.4byte	.LVL0
 1607 0004 09000000 		.4byte	.LVL1-1
 1608 0008 0100     		.2byte	0x1
 1609 000a 50       		.byte	0x50
 1610 000b 09000000 		.4byte	.LVL1-1
 1611 000f 18000000 		.4byte	.LFE32
 1612 0013 0400     		.2byte	0x4
 1613 0015 F3       		.byte	0xf3
 1614 0016 01       		.uleb128 0x1
 1615 0017 50       		.byte	0x50
 1616 0018 9F       		.byte	0x9f
 1617 0019 00000000 		.4byte	0
 1618 001d 00000000 		.4byte	0
 1619              	.LLST1:
 1620 0021 00000000 		.4byte	.LVL0
 1621 0025 09000000 		.4byte	.LVL1-1
 1622 0029 0100     		.2byte	0x1
 1623 002b 51       		.byte	0x51
 1624 002c 09000000 		.4byte	.LVL1-1
 1625 0030 18000000 		.4byte	.LFE32
 1626 0034 0400     		.2byte	0x4
 1627 0036 F3       		.byte	0xf3
 1628 0037 01       		.uleb128 0x1
 1629 0038 51       		.byte	0x51
 1630 0039 9F       		.byte	0x9f
 1631 003a 00000000 		.4byte	0
 1632 003e 00000000 		.4byte	0
 1633              	.LLST2:
 1634 0042 00000000 		.4byte	.LVL0
 1635 0046 09000000 		.4byte	.LVL1-1
 1636 004a 0100     		.2byte	0x1
 1637 004c 52       		.byte	0x52
 1638 004d 09000000 		.4byte	.LVL1-1
 1639 0051 18000000 		.4byte	.LFE32
 1640 0055 0400     		.2byte	0x4
 1641 0057 F3       		.byte	0xf3
ARM GAS  C:\Users\User\AppData\Local\Temp\ccyn2Mpe.s 			page 32


 1642 0058 01       		.uleb128 0x1
 1643 0059 52       		.byte	0x52
 1644 005a 9F       		.byte	0x9f
 1645 005b 00000000 		.4byte	0
 1646 005f 00000000 		.4byte	0
 1647              	.LLST3:
 1648 0063 02000000 		.4byte	.LVL4
 1649 0067 28000000 		.4byte	.LVL10
 1650 006b 0200     		.2byte	0x2
 1651 006d 30       		.byte	0x30
 1652 006e 9F       		.byte	0x9f
 1653 006f 28000000 		.4byte	.LVL10
 1654 0073 DA000000 		.4byte	.LVL44
 1655 0077 0100     		.2byte	0x1
 1656 0079 54       		.byte	0x54
 1657 007a 00000000 		.4byte	0
 1658 007e 00000000 		.4byte	0
 1659              	.LLST4:
 1660 0082 14000000 		.4byte	.LVL46
 1661 0086 32000000 		.4byte	.LVL48
 1662 008a 0200     		.2byte	0x2
 1663 008c 30       		.byte	0x30
 1664 008d 9F       		.byte	0x9f
 1665 008e 3A000000 		.4byte	.LVL50
 1666 0092 48000000 		.4byte	.LVL51
 1667 0096 0100     		.2byte	0x1
 1668 0098 50       		.byte	0x50
 1669 0099 4E000000 		.4byte	.LVL53
 1670 009d 54000000 		.4byte	.LVL54
 1671 00a1 0100     		.2byte	0x1
 1672 00a3 50       		.byte	0x50
 1673 00a4 5A000000 		.4byte	.LVL56
 1674 00a8 72000000 		.4byte	.LVL57
 1675 00ac 0100     		.2byte	0x1
 1676 00ae 50       		.byte	0x50
 1677 00af 7C000000 		.4byte	.LVL59
 1678 00b3 82000000 		.4byte	.LVL60
 1679 00b7 0100     		.2byte	0x1
 1680 00b9 50       		.byte	0x50
 1681 00ba 8C000000 		.4byte	.LVL62
 1682 00be 92000000 		.4byte	.LVL63
 1683 00c2 0100     		.2byte	0x1
 1684 00c4 50       		.byte	0x50
 1685 00c5 9C000000 		.4byte	.LVL65
 1686 00c9 A2000000 		.4byte	.LVL66
 1687 00cd 0100     		.2byte	0x1
 1688 00cf 50       		.byte	0x50
 1689 00d0 AC000000 		.4byte	.LVL68
 1690 00d4 B2000000 		.4byte	.LVL69
 1691 00d8 0100     		.2byte	0x1
 1692 00da 50       		.byte	0x50
 1693 00db BC000000 		.4byte	.LVL71
 1694 00df C2000000 		.4byte	.LVL72
 1695 00e3 0100     		.2byte	0x1
 1696 00e5 50       		.byte	0x50
 1697 00e6 CC000000 		.4byte	.LVL74
 1698 00ea D2000000 		.4byte	.LVL75
ARM GAS  C:\Users\User\AppData\Local\Temp\ccyn2Mpe.s 			page 33


 1699 00ee 0100     		.2byte	0x1
 1700 00f0 50       		.byte	0x50
 1701 00f1 00000000 		.4byte	0
 1702 00f5 00000000 		.4byte	0
 1703              	.LLST5:
 1704 00f9 14000000 		.4byte	.LVL46
 1705 00fd 32000000 		.4byte	.LVL48
 1706 0101 0200     		.2byte	0x2
 1707 0103 30       		.byte	0x30
 1708 0104 9F       		.byte	0x9f
 1709 0105 32000000 		.4byte	.LVL48
 1710 0109 18010000 		.4byte	.LVL86
 1711 010d 0100     		.2byte	0x1
 1712 010f 55       		.byte	0x55
 1713 0110 18010000 		.4byte	.LVL86
 1714 0114 38010000 		.4byte	.LFE34
 1715 0118 0100     		.2byte	0x1
 1716 011a 54       		.byte	0x54
 1717 011b 00000000 		.4byte	0
 1718 011f 00000000 		.4byte	0
 1719              	.LLST6:
 1720 0123 14000000 		.4byte	.LVL46
 1721 0127 32000000 		.4byte	.LVL48
 1722 012b 0200     		.2byte	0x2
 1723 012d 30       		.byte	0x30
 1724 012e 9F       		.byte	0x9f
 1725 012f 32000000 		.4byte	.LVL48
 1726 0133 5A000000 		.4byte	.LVL56
 1727 0137 0100     		.2byte	0x1
 1728 0139 58       		.byte	0x58
 1729 013a 5A000000 		.4byte	.LVL56
 1730 013e DA000000 		.4byte	.LVL77
 1731 0142 0200     		.2byte	0x2
 1732 0144 31       		.byte	0x31
 1733 0145 9F       		.byte	0x9f
 1734 0146 DA000000 		.4byte	.LVL77
 1735 014a 38010000 		.4byte	.LFE34
 1736 014e 0100     		.2byte	0x1
 1737 0150 58       		.byte	0x58
 1738 0151 00000000 		.4byte	0
 1739 0155 00000000 		.4byte	0
 1740              	.LLST7:
 1741 0159 2A000000 		.4byte	.LVL47
 1742 015d 32000000 		.4byte	.LVL48
 1743 0161 0200     		.2byte	0x2
 1744 0163 30       		.byte	0x30
 1745 0164 9F       		.byte	0x9f
 1746 0165 32000000 		.4byte	.LVL48
 1747 0169 E8000000 		.4byte	.LVL78
 1748 016d 0100     		.2byte	0x1
 1749 016f 57       		.byte	0x57
 1750 0170 EA000000 		.4byte	.LVL79
 1751 0174 0E010000 		.4byte	.LVL83
 1752 0178 0100     		.2byte	0x1
 1753 017a 57       		.byte	0x57
 1754 017b 10010000 		.4byte	.LVL84
 1755 017f 38010000 		.4byte	.LFE34
ARM GAS  C:\Users\User\AppData\Local\Temp\ccyn2Mpe.s 			page 34


 1756 0183 0100     		.2byte	0x1
 1757 0185 57       		.byte	0x57
 1758 0186 00000000 		.4byte	0
 1759 018a 00000000 		.4byte	0
 1760              		.section	.debug_aranges,"",%progbits
 1761 0000 2C000000 		.4byte	0x2c
 1762 0004 0200     		.2byte	0x2
 1763 0006 00000000 		.4byte	.Ldebug_info0
 1764 000a 04       		.byte	0x4
 1765 000b 00       		.byte	0
 1766 000c 0000     		.2byte	0
 1767 000e 0000     		.2byte	0
 1768 0010 00000000 		.4byte	.LFB32
 1769 0014 18000000 		.4byte	.LFE32-.LFB32
 1770 0018 00000000 		.4byte	.LFB33
 1771 001c DC000000 		.4byte	.LFE33-.LFB33
 1772 0020 00000000 		.4byte	.LFB34
 1773 0024 38010000 		.4byte	.LFE34-.LFB34
 1774 0028 00000000 		.4byte	0
 1775 002c 00000000 		.4byte	0
 1776              		.section	.debug_ranges,"",%progbits
 1777              	.Ldebug_ranges0:
 1778 0000 00000000 		.4byte	.LFB32
 1779 0004 18000000 		.4byte	.LFE32
 1780 0008 00000000 		.4byte	.LFB33
 1781 000c DC000000 		.4byte	.LFE33
 1782 0010 00000000 		.4byte	.LFB34
 1783 0014 38010000 		.4byte	.LFE34
 1784 0018 00000000 		.4byte	0
 1785 001c 00000000 		.4byte	0
 1786              		.section	.debug_line,"",%progbits
 1787              	.Ldebug_line0:
 1788 0000 5A020000 		.section	.debug_str,"MS",%progbits,1
 1788      0200CC01 
 1788      00000201 
 1788      FB0E0D00 
 1788      01010101 
 1789              	.LASF9:
 1790 0000 5F5F7569 		.ascii	"__uint8_t\000"
 1790      6E74385F 
 1790      7400
 1791              	.LASF24:
 1792 000a 435F315F 		.ascii	"C_1_Write\000"
 1792      57726974 
 1792      6500
 1793              	.LASF20:
 1794 0014 696E7075 		.ascii	"input_idx\000"
 1794      745F6964 
 1794      7800
 1795              	.LASF25:
 1796 001e 435F325F 		.ascii	"C_2_Write\000"
 1796      57726974 
 1796      6500
 1797              	.LASF30:
 1798 0028 525F335F 		.ascii	"R_3_Read\000"
 1798      52656164 
 1798      00
ARM GAS  C:\Users\User\AppData\Local\Temp\ccyn2Mpe.s 			page 35


 1799              	.LASF26:
 1800 0031 435F335F 		.ascii	"C_3_Write\000"
 1800      57726974 
 1800      6500
 1801              	.LASF11:
 1802 003b 666C6F61 		.ascii	"float\000"
 1802      7400
 1803              	.LASF34:
 1804 0041 53575F54 		.ascii	"SW_Tx_UART_PutChar\000"
 1804      785F5541 
 1804      52545F50 
 1804      75744368 
 1804      617200
 1805              	.LASF1:
 1806 0054 756E7369 		.ascii	"unsigned char\000"
 1806      676E6564 
 1806      20636861 
 1806      7200
 1807              	.LASF5:
 1808 0062 6C6F6E67 		.ascii	"long unsigned int\000"
 1808      20756E73 
 1808      69676E65 
 1808      6420696E 
 1808      7400
 1809              	.LASF3:
 1810 0074 73686F72 		.ascii	"short unsigned int\000"
 1810      7420756E 
 1810      7369676E 
 1810      65642069 
 1810      6E7400
 1811              	.LASF17:
 1812 0087 69735F73 		.ascii	"is_started\000"
 1812      74617274 
 1812      656400
 1813              	.LASF23:
 1814 0092 4C45445F 		.ascii	"LED_B_Write\000"
 1814      425F5772 
 1814      69746500 
 1815              	.LASF43:
 1816 009e 6D656D73 		.ascii	"memset\000"
 1816      657400
 1817              	.LASF12:
 1818 00a5 646F7562 		.ascii	"double\000"
 1818      6C6500
 1819              	.LASF19:
 1820 00ac 696E7075 		.ascii	"input_buf\000"
 1820      745F6275 
 1820      6600
 1821              	.LASF41:
 1822 00b6 5363616E 		.ascii	"ScanKeypad\000"
 1822      4B657970 
 1822      616400
 1823              	.LASF27:
 1824 00c1 43794465 		.ascii	"CyDelayUs\000"
 1824      6C617955 
 1824      7300
 1825              	.LASF31:
ARM GAS  C:\Users\User\AppData\Local\Temp\ccyn2Mpe.s 			page 36


 1826 00cb 525F345F 		.ascii	"R_4_Read\000"
 1826      52656164 
 1826      00
 1827              	.LASF42:
 1828 00d4 6D61696E 		.ascii	"main\000"
 1828      00
 1829              	.LASF33:
 1830 00d9 53575F54 		.ascii	"SW_Tx_UART_PutString\000"
 1830      785F5541 
 1830      52545F50 
 1830      75745374 
 1830      72696E67 
 1831              	.LASF39:
 1832 00ee 433A5C50 		.ascii	"C:\\PSoC Creator\\Lab3.cydsn\000"
 1832      536F4320 
 1832      43726561 
 1832      746F725C 
 1832      4C616233 
 1833              	.LASF8:
 1834 0109 756E7369 		.ascii	"unsigned int\000"
 1834      676E6564 
 1834      20696E74 
 1834      00
 1835              	.LASF28:
 1836 0116 525F315F 		.ascii	"R_1_Read\000"
 1836      52656164 
 1836      00
 1837              	.LASF7:
 1838 011f 6C6F6E67 		.ascii	"long long unsigned int\000"
 1838      206C6F6E 
 1838      6720756E 
 1838      7369676E 
 1838      65642069 
 1839              	.LASF10:
 1840 0136 75696E74 		.ascii	"uint8_t\000"
 1840      385F7400 
 1841              	.LASF22:
 1842 013e 4C45445F 		.ascii	"LED_G_Write\000"
 1842      475F5772 
 1842      69746500 
 1843              	.LASF37:
 1844 014a 474E5520 		.ascii	"GNU C11 5.4.1 20160609 (release) [ARM/embedded-5-br"
 1844      43313120 
 1844      352E342E 
 1844      31203230 
 1844      31363036 
 1845 017d 616E6368 		.ascii	"anch revision 237715] -mcpu=cortex-m0 -mthumb -g -O"
 1845      20726576 
 1845      6973696F 
 1845      6E203233 
 1845      37373135 
 1846 01b0 67202D66 		.ascii	"g -ffunction-sections -ffat-lto-objects\000"
 1846      66756E63 
 1846      74696F6E 
 1846      2D736563 
 1846      74696F6E 
 1847              	.LASF35:
ARM GAS  C:\Users\User\AppData\Local\Temp\ccyn2Mpe.s 			page 37


 1848 01d8 73747263 		.ascii	"strcmp\000"
 1848      6D7000
 1849              	.LASF14:
 1850 01df 73697A65 		.ascii	"sizetype\000"
 1850      74797065 
 1850      00
 1851              	.LASF6:
 1852 01e8 6C6F6E67 		.ascii	"long long int\000"
 1852      206C6F6E 
 1852      6720696E 
 1852      7400
 1853              	.LASF38:
 1854 01f6 6D61696E 		.ascii	"main.c\000"
 1854      2E6300
 1855              	.LASF13:
 1856 01fd 63686172 		.ascii	"char\000"
 1856      00
 1857              	.LASF16:
 1858 0202 6C617374 		.ascii	"last_key\000"
 1858      5F6B6579 
 1858      00
 1859              	.LASF21:
 1860 020b 4C45445F 		.ascii	"LED_R_Write\000"
 1860      525F5772 
 1860      69746500 
 1861              	.LASF2:
 1862 0217 73686F72 		.ascii	"short int\000"
 1862      7420696E 
 1862      7400
 1863              	.LASF29:
 1864 0221 525F325F 		.ascii	"R_2_Read\000"
 1864      52656164 
 1864      00
 1865              	.LASF4:
 1866 022a 6C6F6E67 		.ascii	"long int\000"
 1866      20696E74 
 1866      00
 1867              	.LASF15:
 1868 0233 6C6F6E67 		.ascii	"long double\000"
 1868      20646F75 
 1868      626C6500 
 1869              	.LASF32:
 1870 023f 53575F54 		.ascii	"SW_Tx_UART_Start\000"
 1870      785F5541 
 1870      52545F53 
 1870      74617274 
 1870      00
 1871              	.LASF0:
 1872 0250 7369676E 		.ascii	"signed char\000"
 1872      65642063 
 1872      68617200 
 1873              	.LASF40:
 1874 025c 5365744C 		.ascii	"SetLED\000"
 1874      454400
 1875              	.LASF36:
 1876 0263 43794465 		.ascii	"CyDelay\000"
 1876      6C617900 
ARM GAS  C:\Users\User\AppData\Local\Temp\ccyn2Mpe.s 			page 38


 1877              	.LASF18:
 1878 026b 70617373 		.ascii	"password\000"
 1878      776F7264 
 1878      00
 1879              		.ident	"GCC: (GNU Tools for ARM Embedded Processors) 5.4.1 20160609 (release) [ARM/embedded-5-bran
